Archive member included because of file (symbol)

.\ARM_GCC_493\Debug\Lab3.a(cyfitter_cfg.o)
                              .\ARM_GCC_493\Debug\Cm3Start.o (cyfitter_cfg)
.\ARM_GCC_493\Debug\Lab3.a(ADC_DelSig_1.o)
                              .\ARM_GCC_493\Debug\main.o (ADC_DelSig_1_Start)
.\ARM_GCC_493\Debug\Lab3.a(ADC_DelSig_1_INT.o)
                              .\ARM_GCC_493\Debug\Lab3.a(ADC_DelSig_1.o) (ADC_DelSig_1_ISR1)
.\ARM_GCC_493\Debug\Lab3.a(UART_1.o)
                              .\ARM_GCC_493\Debug\main.o (UART_1_Start)
.\ARM_GCC_493\Debug\Lab3.a(UART_1_INT.o)
                              .\ARM_GCC_493\Debug\Lab3.a(UART_1.o) (UART_1_RXISR)
.\ARM_GCC_493\Debug\Lab3.a(ADC_DelSig_1_AMux.o)
                              .\ARM_GCC_493\Debug\Lab3.a(ADC_DelSig_1.o) (ADC_DelSig_1_AMux_Select)
.\ARM_GCC_493\Debug\Lab3.a(ADC_DelSig_1_Ext_CP_Clk.o)
                              .\ARM_GCC_493\Debug\Lab3.a(ADC_DelSig_1.o) (ADC_DelSig_1_Ext_CP_Clk_SetDividerRegister)
.\ARM_GCC_493\Debug\Lab3.a(ADC_DelSig_1_theACLK.o)
                              .\ARM_GCC_493\Debug\Lab3.a(ADC_DelSig_1.o) (ADC_DelSig_1_theACLK_SetDividerRegister)
.\ARM_GCC_493\Debug\Lab3.a(UART_1_IntClock.o)
                              .\ARM_GCC_493\Debug\Lab3.a(UART_1.o) (UART_1_IntClock_Start)
.\ARM_GCC_493\Debug\Lab3.a(CyBootAsmGnu.o)
                              .\ARM_GCC_493\Debug\Lab3.a(cyfitter_cfg.o) (CyDelayCycles)
.\ARM_GCC_493\Debug\Lab3.a(CyDmac.o)
                              .\ARM_GCC_493\Debug\Cm3Start.o (CyDmacConfigure)
.\ARM_GCC_493\Debug\Lab3.a(CyLib.o)
                              .\ARM_GCC_493\Debug\Cm3Start.o (CyResetStatus)
.\ARM_GCC_493\Debug\Lab3.a(cyPm.o)
                              .\ARM_GCC_493\Debug\Lab3.a(CyLib.o) (CyPmReadStatus)
.\ARM_GCC_493\Debug\Lab3.a(VDAC8_1.o)
                              .\ARM_GCC_493\Debug\main.o (VDAC8_1_Start)
.\ARM_GCC_493\Debug\Lab3.a(isr_1.o)
                              .\ARM_GCC_493\Debug\main.o (isr_1_StartEx)
.\ARM_GCC_493\Debug\Lab3.a(Control_Reg_1.o)
                              .\ARM_GCC_493\Debug\main.o (Control_Reg_1_Write)
.\ARM_GCC_493\Debug\Lab3.a(WaveDAC8_1.o)
                              .\ARM_GCC_493\Debug\main.o (WaveDAC8_1_Start)
.\ARM_GCC_493\Debug\Lab3.a(WaveDAC8_1_DacClk.o)
                              .\ARM_GCC_493\Debug\Lab3.a(WaveDAC8_1.o) (WaveDAC8_1_DacClk_Start)
.\ARM_GCC_493\Debug\Lab3.a(WaveDAC8_1_Wave1_DMA_dma.o)
                              .\ARM_GCC_493\Debug\Lab3.a(WaveDAC8_1.o) (WaveDAC8_1_Wave1_DMA_DmaInitialize)
.\ARM_GCC_493\Debug\Lab3.a(WaveDAC8_1_Wave2_DMA_dma.o)
                              .\ARM_GCC_493\Debug\Lab3.a(WaveDAC8_1.o) (WaveDAC8_1_Wave2_DMA_DmaInitialize)
.\ARM_GCC_493\Debug\Lab3.a(WaveDAC8_1_VDAC8.o)
                              .\ARM_GCC_493\Debug\Lab3.a(WaveDAC8_1.o) (WaveDAC8_1_VDAC8_Init)
.\ARM_GCC_493\Debug\Lab3.a(Debug_LED_ctrl.o)
                              .\ARM_GCC_493\Debug\main.o (Debug_LED_ctrl_Write)
.\ARM_GCC_493\Debug\Lab3.a(AMux_1.o)
                              .\ARM_GCC_493\Debug\main.o (AMux_1_Start)
.\ARM_GCC_493\Debug\Lab3.a(CyFlash.o)
                              .\ARM_GCC_493\Debug\Lab3.a(cyPm.o) (CyFlash_SetWaitCycles)
.\ARM_GCC_493\Debug\Lab3.a(CySpc.o)
                              .\ARM_GCC_493\Debug\Lab3.a(CyFlash.o) (CySpcStart)
c:/program files (x86)/cypress/psoc creator/3.3/psoc creator/import/gnu/arm/4.9.3/bin/../lib/gcc/arm-none-eabi/4.9.3/armv7-m\libgcc.a(_arm_addsubdf3.o)
                              .\ARM_GCC_493\Debug\Lab3.a(ADC_DelSig_1.o) (__aeabi_f2d)
c:/program files (x86)/cypress/psoc creator/3.3/psoc creator/import/gnu/arm/4.9.3/bin/../lib/gcc/arm-none-eabi/4.9.3/armv7-m\libgcc.a(_arm_cmpdf2.o)
                              .\ARM_GCC_493\Debug\Lab3.a(ADC_DelSig_1.o) (__aeabi_dcmpgt)
c:/program files (x86)/cypress/psoc creator/3.3/psoc creator/import/gnu/arm/4.9.3/bin/../lib/gcc/arm-none-eabi/4.9.3/armv7-m\libgcc.a(_arm_addsubsf3.o)
                              .\ARM_GCC_493\Debug\Lab3.a(ADC_DelSig_1.o) (__aeabi_ui2f)
c:/program files (x86)/cypress/psoc creator/3.3/psoc creator/import/gnu/arm/4.9.3/bin/../lib/gcc/arm-none-eabi/4.9.3/armv7-m\libgcc.a(_arm_muldivsf3.o)
                              .\ARM_GCC_493\Debug\Lab3.a(ADC_DelSig_1.o) (__aeabi_fmul)
c:/program files (x86)/cypress/psoc creator/3.3/psoc creator/import/gnu/arm/4.9.3/bin/../lib/gcc/arm-none-eabi/4.9.3/armv7-m\libgcc.a(_arm_fixunssfsi.o)
                              .\ARM_GCC_493\Debug\Lab3.a(ADC_DelSig_1.o) (__aeabi_f2uiz)
c:/program files (x86)/cypress/psoc creator/3.3/psoc creator/import/gnu/arm/4.9.3/bin/../lib/gcc/arm-none-eabi/4.9.3/../../../../arm-none-eabi/lib/armv7-m\libg_nano.a(lib_a-errno.o)
                              .\ARM_GCC_493\Debug\Cm3Start.o (__errno)
c:/program files (x86)/cypress/psoc creator/3.3/psoc creator/import/gnu/arm/4.9.3/bin/../lib/gcc/arm-none-eabi/4.9.3/../../../../arm-none-eabi/lib/armv7-m\libg_nano.a(lib_a-exit.o)
[...]
Memory Configuration

Name             Origin             Length             Attributes
rom              0x00000000         0x00040000         xr
ram              0x1fff8000         0x00010000         xrw
*default*        0x00000000         0xffffffff

Linker script and memory map

LOAD c:/program files (x86)/cypress/psoc creator/3.3/psoc creator/import/gnu/arm/4.9.3/bin/../lib/gcc/arm-none-eabi/4.9.3/armv7-m/crti.o
LOAD c:/program files (x86)/cypress/psoc creator/3.3/psoc creator/import/gnu/arm/4.9.3/bin/../lib/gcc/arm-none-eabi/4.9.3/armv7-m/crtbegin.o
LOAD c:/program files (x86)/cypress/psoc creator/3.3/psoc creator/import/gnu/arm/4.9.3/bin/../lib/gcc/arm-none-eabi/4.9.3/../../../../arm-none-eabi/lib/armv7-m/crt0.o
START GROUP
LOAD .\ARM_GCC_493\Debug\main.o
LOAD .\ARM_GCC_493\Debug\cymetadata.o
LOAD .\ARM_GCC_493\Debug\Cm3Start.o
LOAD .\ARM_GCC_493\Debug\Lab3.a
LOAD C:\Program Files (x86)\Cypress\PSoC Creator\3.3\PSoC Creator\psoc\content\cycomponentlibrary\CyComponentLibrary.cylib\CortexM3\ARM_GCC_493\Debug\CyComponentLibrary.a
END GROUP
START GROUP
LOAD c:/program files (x86)/cypress/psoc creator/3.3/psoc creator/import/gnu/arm/4.9.3/bin/../lib/gcc/arm-none-eabi/4.9.3/armv7-m\libgcc.a
LOAD c:/program files (x86)/cypress/psoc creator/3.3/psoc creator/import/gnu/arm/4.9.3/bin/../lib/gcc/arm-none-eabi/4.9.3/../../../../arm-none-eabi/lib/armv7-m\libg_nano.a
LOAD c:/program files (x86)/cypress/psoc creator/3.3/psoc creator/import/gnu/arm/4.9.3/bin/../lib/gcc/arm-none-eabi/4.9.3/../../../../arm-none-eabi/lib/armv7-m\libc_nano.a
END GROUP
START GROUP
LOAD c:/program files (x86)/cypress/psoc creator/3.3/psoc creator/import/gnu/arm/4.9.3/bin/../lib/gcc/arm-none-eabi/4.9.3/armv7-m\libgcc.a
LOAD c:/program files (x86)/cypress/psoc creator/3.3/psoc creator/import/gnu/arm/4.9.3/bin/../lib/gcc/arm-none-eabi/4.9.3/../../../../arm-none-eabi/lib/armv7-m\libc_nano.a
END GROUP
LOAD c:/program files (x86)/cypress/psoc creator/3.3/psoc creator/import/gnu/arm/4.9.3/bin/../lib/gcc/arm-none-eabi/4.9.3/armv7-m/crtend.o
LOAD c:/program files (x86)/cypress/psoc creator/3.3/psoc creator/import/gnu/arm/4.9.3/bin/../lib/gcc/arm-none-eabi/4.9.3/armv7-m/crtn.o
START GROUP
LOAD c:/program files (x86)/cypress/psoc creator/3.3/psoc creator/import/gnu/arm/4.9.3/bin/../lib/gcc/arm-none-eabi/4.9.3/armv7-m\libgcc.a
LOAD c:/program files (x86)/cypress/psoc creator/3.3/psoc creator/import/gnu/arm/4.9.3/bin/../lib/gcc/arm-none-eabi/4.9.3/../../../../arm-none-eabi/lib/armv7-m\libc.a
LOAD c:/program files (x86)/cypress/psoc creator/3.3/psoc creator/import/gnu/arm/4.9.3/bin/../lib/gcc/arm-none-eabi/4.9.3/../../../../arm-none-eabi/lib/armv7-m\libnosys.a
END GROUP
                0x00000000                CY_APPL_ORIGIN = 0x0
                0x00000100                CY_FLASH_ROW_SIZE = 0x100
                0x00000020                CY_ECC_ROW_SIZE = 0x20
                0x00000000                CY_EE_IN_BTLDR = 0x0
                0x00000000                CY_APPL_LOADABLE = 0x0
                0x00000800                CY_EE_SIZE = 0x800
                0x00000001                CY_APPL_NUM = 0x1
                0x00000001                CY_APPL_MAX = 0x1
                0x00000040                CY_METADATA_SIZE = 0x40
                0x00000000                CY_APPL_LOADABLE = 0x0
                0x00000000                CY_CHECKSUM_EXCLUDE_SIZE = ALIGN (0x0, CY_FLASH_ROW_SIZE)
                0x1fff8210                PROVIDE (__cy_heap_start, _end)
                0x00000001                PROVIDE (__cy_region_num, ((__cy_regions_end - __cy_regions) / 0x10))
                0x20008000                PROVIDE (__cy_stack, (ORIGIN (ram) + 0x10000))
                0x20007800                PROVIDE (__cy_heap_end, (__cy_stack - 0x800))

.cybootloader   0x00000000        0x0
 *(.cybootloader)
                0x00000000                appl1_start = CY_APPL_ORIGIN?CY_APPL_ORIGIN:ALIGN (CY_FLASH_ROW_SIZE)
                0x0001ff00                appl2_start = (appl1_start + ALIGN ((((0x40000 - appl1_start) - (0x2 * CY_FLASH_ROW_SIZE)) / 0x2), CY_FLASH_ROW_SIZE))
                0x00000000                appl_start = (CY_APPL_NUM == 0x1)?appl1_start:appl2_start
                0x00000000                ecc_offset = ((appl_start / CY_FLASH_ROW_SIZE) * CY_ECC_ROW_SIZE)
                0x00000000                ee_offset = (CY_APPL_LOADABLE && ! (CY_EE_IN_BTLDR))?((CY_EE_SIZE / CY_APPL_MAX) * (CY_APPL_NUM - 0x1)):0x0
                0x00000800                ee_size = (CY_APPL_LOADABLE && ! (CY_EE_IN_BTLDR))?(CY_EE_SIZE / CY_APPL_MAX):CY_EE_SIZE
                0x00000000                PROVIDE (CY_ECC_OFFSET, ecc_offset)

.text           0x00000000     0x2d90
 CREATE_OBJECT_SYMBOLS
                0x00000000                PROVIDE (__cy_interrupt_vector, RomVectors)
 *(.romvectors)
 .romvectors    0x00000000       0x10 .\ARM_GCC_493\Debug\Cm3Start.o
                0x00000000                RomVectors
                0x00000001                ASSERT ((. != __cy_interrupt_vector), No interrupt vector)
                0x00000001                ASSERT (CY_APPL_ORIGIN?(SIZEOF (.cybootloader) <= CY_APPL_ORIGIN):0x1, Wrong image location)
                0x00000010                PROVIDE (__cy_reset, Reset)
 *(.text.Reset)
 .text.Reset    0x00000010       0x18 .\ARM_GCC_493\Debug\Cm3Start.o
                0x00000010                Reset
                0x00000001                ASSERT ((. != __cy_reset), No reset code)
 *(.dma_init)
                0x00000001                ASSERT ((((appl_start + .) <= 0x10000) || 0x1), DMA Init must be within the first 64k of flash)
 *(.text .text.* .gnu.linkonce.t.*)
 .text          0x00000028       0x5c c:/program files (x86)/cypress/psoc creator/3.3/psoc creator/import/gnu/arm/4.9.3/bin/../lib/gcc/arm-none-eabi/4.9.3/armv7-m/crtbegin.o
 .text.ReadSerial
                0x00000084       0xd0 .\ARM_GCC_493\Debug\main.o
                0x00000084                ReadSerial
 .text.main     0x00000154       0x54 .\ARM_GCC_493\Debug\main.o
                0x00000154                main
 .text.IntDefaultHandler
                0x000001a8        0x8 .\ARM_GCC_493\Debug\Cm3Start.o
                0x000001a8                IntDefaultHandler
 .text._sbrk    0x000001b0       0x50 .\ARM_GCC_493\Debug\Cm3Start.o
                0x000001b0                _sbrk
 .text.Start_c  0x00000200       0x98 .\ARM_GCC_493\Debug\Cm3Start.o
                0x00000200                Start_c
 .text.initialize_psoc
                0x00000298       0x90 .\ARM_GCC_493\Debug\Cm3Start.o
                0x00000298                initialize_psoc
 .text.CYMEMZERO
                0x00000328       0x1c .\ARM_GCC_493\Debug\Lab3.a(cyfitter_cfg.o)
 .text.CYCONFIGCPY
                0x00000344       0x1c .\ARM_GCC_493\Debug\Lab3.a(cyfitter_cfg.o)
 .text.CyClockStartupError
                0x00000360        0xc .\ARM_GCC_493\Debug\Lab3.a(cyfitter_cfg.o)
 .text.cfg_write_bytes32
                0x0000036c       0x74 .\ARM_GCC_493\Debug\Lab3.a(cyfitter_cfg.o)
 .text.ClockSetup
                0x000003e0      0x16c .\ARM_GCC_493\Debug\Lab3.a(cyfitter_cfg.o)
 .text.AnalogSetDefault
                0x0000054c       0x4c .\ARM_GCC_493\Debug\Lab3.a(cyfitter_cfg.o)
 .text.AMux_1_Set
                0x00000598       0x6c .\ARM_GCC_493\Debug\Lab3.a(cyfitter_cfg.o)
                0x00000598                AMux_1_Set
 .text.AMux_1_Unset
                0x00000604       0x74 .\ARM_GCC_493\Debug\Lab3.a(cyfitter_cfg.o)
                0x00000604                AMux_1_Unset
 .text.ADC_DelSig_1_AMux_Set
                0x00000678       0x40 .\ARM_GCC_493\Debug\Lab3.a(cyfitter_cfg.o)
                0x00000678                ADC_DelSig_1_AMux_Set
 .text.ADC_DelSig_1_AMux_Unset
                0x000006b8       0x44 .\ARM_GCC_493\Debug\Lab3.a(cyfitter_cfg.o)
                0x000006b8                ADC_DelSig_1_AMux_Unset
 .text.cyfitter_cfg
                0x000006fc      0x18c .\ARM_GCC_493\Debug\Lab3.a(cyfitter_cfg.o)
                0x000006fc                cyfitter_cfg
 .text.ADC_DelSig_1_Init
                0x00000888      0x158 .\ARM_GCC_493\Debug\Lab3.a(ADC_DelSig_1.o)
                0x00000888                ADC_DelSig_1_Init
 .text.ADC_DelSig_1_Enable
                0x000009e0      0x158 .\ARM_GCC_493\Debug\Lab3.a(ADC_DelSig_1.o)
                0x000009e0                ADC_DelSig_1_Enable
 .text.ADC_DelSig_1_Start
                0x00000b38       0x30 .\ARM_GCC_493\Debug\Lab3.a(ADC_DelSig_1.o)
                0x00000b38                ADC_DelSig_1_Start
 .text.ADC_DelSig_1_StartConvert
                0x00000b68       0x20 .\ARM_GCC_493\Debug\Lab3.a(ADC_DelSig_1.o)
                0x00000b68                ADC_DelSig_1_StartConvert
 .text.ADC_DelSig_1_GetResult16
                0x00000b88       0x7c .\ARM_GCC_493\Debug\Lab3.a(ADC_DelSig_1.o)
                0x00000b88                ADC_DelSig_1_GetResult16
 .text.ADC_DelSig_1_CountsTo_mVolts
                0x00000c04       0x40 .\ARM_GCC_493\Debug\Lab3.a(ADC_DelSig_1.o)
                0x00000c04                ADC_DelSig_1_CountsTo_mVolts
 .text.ADC_DelSig_1_InitConfig
                0x00000c44      0x408 .\ARM_GCC_493\Debug\Lab3.a(ADC_DelSig_1.o)
 .text.ADC_DelSig_1_GainCompensation
                0x0000104c      0x16c .\ARM_GCC_493\Debug\Lab3.a(ADC_DelSig_1.o)
 .text.ADC_DelSig_1_SetDSMRef0Reg
                0x000011b8       0x78 .\ARM_GCC_493\Debug\Lab3.a(ADC_DelSig_1.o)
 .text.ADC_DelSig_1_ISR1
                0x00001230        0xc .\ARM_GCC_493\Debug\Lab3.a(ADC_DelSig_1_INT.o)
                0x00001230                ADC_DelSig_1_ISR1
 .text.ADC_DelSig_1_ISR2
                0x0000123c        0xc .\ARM_GCC_493\Debug\Lab3.a(ADC_DelSig_1_INT.o)
                0x0000123c                ADC_DelSig_1_ISR2
 .text.ADC_DelSig_1_ISR3
                0x00001248        0xc .\ARM_GCC_493\Debug\Lab3.a(ADC_DelSig_1_INT.o)
                0x00001248                ADC_DelSig_1_ISR3
 .text.ADC_DelSig_1_ISR4
                0x00001254        0xc .\ARM_GCC_493\Debug\Lab3.a(ADC_DelSig_1_INT.o)
                0x00001254                ADC_DelSig_1_ISR4
 .text.UART_1_Start
                0x00001260       0x20 .\ARM_GCC_493\Debug\Lab3.a(UART_1.o)
                0x00001260                UART_1_Start
 .text.UART_1_Init
                0x00001280       0x58 .\ARM_GCC_493\Debug\Lab3.a(UART_1.o)
                0x00001280                UART_1_Init
 .text.UART_1_Enable
                0x000012d8       0x68 .\ARM_GCC_493\Debug\Lab3.a(UART_1.o)
                0x000012d8                UART_1_Enable
 .text.UART_1_SetRxInterruptMode
                0x00001340       0x20 .\ARM_GCC_493\Debug\Lab3.a(UART_1.o)
                0x00001340                UART_1_SetRxInterruptMode
 .text.UART_1_GetChar
                0x00001360       0xb8 .\ARM_GCC_493\Debug\Lab3.a(UART_1.o)
                0x00001360                UART_1_GetChar
 .text.UART_1_PutChar
                0x00001418       0x34 .\ARM_GCC_493\Debug\Lab3.a(UART_1.o)
                0x00001418                UART_1_PutChar
 .text.UART_1_PutString
                0x0000144c       0x40 .\ARM_GCC_493\Debug\Lab3.a(UART_1.o)
                0x0000144c                UART_1_PutString
 .text.UART_1_RXISR
                0x0000148c       0xd8 .\ARM_GCC_493\Debug\Lab3.a(UART_1_INT.o)
                0x0000148c                UART_1_RXISR
 .text.ADC_DelSig_1_AMux_Start
                0x00001564       0x30 .\ARM_GCC_493\Debug\Lab3.a(ADC_DelSig_1_AMux.o)
                0x00001564                ADC_DelSig_1_AMux_Start
 .text.ADC_DelSig_1_AMux_Select
                0x00001594       0x28 .\ARM_GCC_493\Debug\Lab3.a(ADC_DelSig_1_AMux.o)
                0x00001594                ADC_DelSig_1_AMux_Select
 .text.ADC_DelSig_1_Ext_CP_Clk_SetDividerRegister
                0x000015bc      0x160 .\ARM_GCC_493\Debug\Lab3.a(ADC_DelSig_1_Ext_CP_Clk.o)
                0x000015bc                ADC_DelSig_1_Ext_CP_Clk_SetDividerRegister
 .text.ADC_DelSig_1_Ext_CP_Clk_GetDividerRegister
                0x0000171c       0x18 .\ARM_GCC_493\Debug\Lab3.a(ADC_DelSig_1_Ext_CP_Clk.o)
                0x0000171c                ADC_DelSig_1_Ext_CP_Clk_GetDividerRegister
 .text.ADC_DelSig_1_Ext_CP_Clk_SetModeRegister
                0x00001734       0x34 .\ARM_GCC_493\Debug\Lab3.a(ADC_DelSig_1_Ext_CP_Clk.o)
                0x00001734                ADC_DelSig_1_Ext_CP_Clk_SetModeRegister
 .text.ADC_DelSig_1_Ext_CP_Clk_GetSourceRegister
                0x00001768       0x20 .\ARM_GCC_493\Debug\Lab3.a(ADC_DelSig_1_Ext_CP_Clk.o)
                0x00001768                ADC_DelSig_1_Ext_CP_Clk_GetSourceRegister
 .text.ADC_DelSig_1_theACLK_SetDividerRegister
                0x00001788      0x160 .\ARM_GCC_493\Debug\Lab3.a(ADC_DelSig_1_theACLK.o)
                0x00001788                ADC_DelSig_1_theACLK_SetDividerRegister
 .text.ADC_DelSig_1_theACLK_GetDividerRegister
                0x000018e8       0x18 .\ARM_GCC_493\Debug\Lab3.a(ADC_DelSig_1_theACLK.o)
                0x000018e8                ADC_DelSig_1_theACLK_GetDividerRegister
 .text.ADC_DelSig_1_theACLK_SetModeRegister
                0x00001900       0x34 .\ARM_GCC_493\Debug\Lab3.a(ADC_DelSig_1_theACLK.o)
                0x00001900                ADC_DelSig_1_theACLK_SetModeRegister
 .text.ADC_DelSig_1_theACLK_GetSourceRegister
                0x00001934       0x20 .\ARM_GCC_493\Debug\Lab3.a(ADC_DelSig_1_theACLK.o)
                0x00001934                ADC_DelSig_1_theACLK_GetSourceRegister
 .text.UART_1_IntClock_Start
                0x00001954       0x34 .\ARM_GCC_493\Debug\Lab3.a(UART_1_IntClock.o)
                0x00001954                UART_1_IntClock_Start
 .text          0x00001988       0x58 .\ARM_GCC_493\Debug\Lab3.a(CyBootAsmGnu.o)
                0x00001988                CyDelayCycles
                0x000019c6                CyEnterCriticalSection
                0x000019ce                CyExitCriticalSection
 .text.CyDmacConfigure
                0x000019e0       0x5c .\ARM_GCC_493\Debug\Lab3.a(CyDmac.o)
                0x000019e0                CyDmacConfigure
 .text.CyDmaChEnable
                0x00001a3c       0x8c .\ARM_GCC_493\Debug\Lab3.a(CyDmac.o)
                0x00001a3c                CyDmaChEnable
 .text.CyDmaChPriority
                0x00001ac8       0x60 .\ARM_GCC_493\Debug\Lab3.a(CyDmac.o)
                0x00001ac8                CyDmaChPriority
 .text.CyDmaChSetExtendedAddress
                0x00001b28       0x7c .\ARM_GCC_493\Debug\Lab3.a(CyDmac.o)
                0x00001b28                CyDmaChSetExtendedAddress
 .text.CyDmaChSetInitialTd
                0x00001ba4       0x3c .\ARM_GCC_493\Debug\Lab3.a(CyDmac.o)
                0x00001ba4                CyDmaChSetInitialTd
 .text.CyDmaChSetConfiguration
                0x00001be0       0xa0 .\ARM_GCC_493\Debug\Lab3.a(CyDmac.o)
                0x00001be0                CyDmaChSetConfiguration
 .text.CyDmaTdAllocate
                0x00001c80       0x5c .\ARM_GCC_493\Debug\Lab3.a(CyDmac.o)
                0x00001c80                CyDmaTdAllocate
 .text.CyDmaTdSetConfiguration
                0x00001cdc       0x80 .\ARM_GCC_493\Debug\Lab3.a(CyDmac.o)
                0x00001cdc                CyDmaTdSetConfiguration
 .text.CyDmaTdSetAddress
                0x00001d5c       0x5c .\ARM_GCC_493\Debug\Lab3.a(CyDmac.o)
                0x00001d5c                CyDmaTdSetAddress
 .text.CyHalt   0x00001db8       0x18 .\ARM_GCC_493\Debug\Lab3.a(CyLib.o)
                0x00001db8                CyHalt
 .text.CyDelayUs
                0x00001dd0       0x24 .\ARM_GCC_493\Debug\Lab3.a(CyLib.o)
                0x00001dd0                CyDelayUs
 .text.CyIntSetVector
                0x00001df4       0x50 .\ARM_GCC_493\Debug\Lab3.a(CyLib.o)
                0x00001df4                CyIntSetVector
 .text.CyIntSetPriority
                0x00001e44       0x44 .\ARM_GCC_493\Debug\Lab3.a(CyLib.o)
                0x00001e44                CyIntSetPriority
 .text.VDAC8_1_Init
                0x00001e88       0x28 .\ARM_GCC_493\Debug\Lab3.a(VDAC8_1.o)
                0x00001e88                VDAC8_1_Init
 .text.VDAC8_1_Enable
                0x00001eb0       0x34 .\ARM_GCC_493\Debug\Lab3.a(VDAC8_1.o)
                0x00001eb0                VDAC8_1_Enable
 .text.VDAC8_1_Start
                0x00001ee4       0x28 .\ARM_GCC_493\Debug\Lab3.a(VDAC8_1.o)
                0x00001ee4                VDAC8_1_Start
 .text.VDAC8_1_SetSpeed
                0x00001f0c       0x40 .\ARM_GCC_493\Debug\Lab3.a(VDAC8_1.o)
                0x00001f0c                VDAC8_1_SetSpeed
 .text.VDAC8_1_SetRange
                0x00001f4c       0x40 .\ARM_GCC_493\Debug\Lab3.a(VDAC8_1.o)
                0x00001f4c                VDAC8_1_SetRange
 .text.VDAC8_1_SetValue
                0x00001f8c       0x20 .\ARM_GCC_493\Debug\Lab3.a(VDAC8_1.o)
                0x00001f8c                VDAC8_1_SetValue
 .text.VDAC8_1_DacTrim
                0x00001fac       0x3c .\ARM_GCC_493\Debug\Lab3.a(VDAC8_1.o)
                0x00001fac                VDAC8_1_DacTrim
 .text.isr_1_StartEx
                0x00001fe8       0x24 .\ARM_GCC_493\Debug\Lab3.a(isr_1.o)
                0x00001fe8                isr_1_StartEx
 .text.isr_1_SetVector
                0x0000200c       0x24 .\ARM_GCC_493\Debug\Lab3.a(isr_1.o)
                0x0000200c                isr_1_SetVector
 .text.isr_1_SetPriority
                0x00002030       0x24 .\ARM_GCC_493\Debug\Lab3.a(isr_1.o)
                0x00002030                isr_1_SetPriority
 .text.isr_1_Enable
                0x00002054       0x18 .\ARM_GCC_493\Debug\Lab3.a(isr_1.o)
                0x00002054                isr_1_Enable
 .text.isr_1_Disable
                0x0000206c       0x18 .\ARM_GCC_493\Debug\Lab3.a(isr_1.o)
                0x0000206c                isr_1_Disable
 .text.Control_Reg_1_Write
                0x00002084       0x20 .\ARM_GCC_493\Debug\Lab3.a(Control_Reg_1.o)
                0x00002084                Control_Reg_1_Write
 .text.WaveDAC8_1_Init
                0x000020a4       0x50 .\ARM_GCC_493\Debug\Lab3.a(WaveDAC8_1.o)
                0x000020a4                WaveDAC8_1_Init
 .text.WaveDAC8_1_Enable
                0x000020f4       0x34 .\ARM_GCC_493\Debug\Lab3.a(WaveDAC8_1.o)
                0x000020f4                WaveDAC8_1_Enable
 .text.WaveDAC8_1_Start
                0x00002128       0x20 .\ARM_GCC_493\Debug\Lab3.a(WaveDAC8_1.o)
                0x00002128                WaveDAC8_1_Start
 .text.WaveDAC8_1_Wave1Setup
                0x00002148       0x70 .\ARM_GCC_493\Debug\Lab3.a(WaveDAC8_1.o)
                0x00002148                WaveDAC8_1_Wave1Setup
 .text.WaveDAC8_1_Wave2Setup
                0x000021b8       0x70 .\ARM_GCC_493\Debug\Lab3.a(WaveDAC8_1.o)
                0x000021b8                WaveDAC8_1_Wave2Setup
 .text.WaveDAC8_1_DacClk_Start
                0x00002228       0x34 .\ARM_GCC_493\Debug\Lab3.a(WaveDAC8_1_DacClk.o)
                0x00002228                WaveDAC8_1_DacClk_Start
 .text.WaveDAC8_1_Wave1_DMA_DmaInitialize
                0x0000225c       0x68 .\ARM_GCC_493\Debug\Lab3.a(WaveDAC8_1_Wave1_DMA_dma.o)
                0x0000225c                WaveDAC8_1_Wave1_DMA_DmaInitialize
 .text.WaveDAC8_1_Wave2_DMA_DmaInitialize
                0x000022c4       0x68 .\ARM_GCC_493\Debug\Lab3.a(WaveDAC8_1_Wave2_DMA_dma.o)
                0x000022c4                WaveDAC8_1_Wave2_DMA_DmaInitialize
 .text.WaveDAC8_1_VDAC8_Init
                0x0000232c       0x3c .\ARM_GCC_493\Debug\Lab3.a(WaveDAC8_1_VDAC8.o)
                0x0000232c                WaveDAC8_1_VDAC8_Init
 .text.WaveDAC8_1_VDAC8_Enable
                0x00002368       0x34 .\ARM_GCC_493\Debug\Lab3.a(WaveDAC8_1_VDAC8.o)
                0x00002368                WaveDAC8_1_VDAC8_Enable
 .text.WaveDAC8_1_VDAC8_SetSpeed
                0x0000239c       0x40 .\ARM_GCC_493\Debug\Lab3.a(WaveDAC8_1_VDAC8.o)
                0x0000239c                WaveDAC8_1_VDAC8_SetSpeed
 .text.WaveDAC8_1_VDAC8_SetRange
                0x000023dc       0x40 .\ARM_GCC_493\Debug\Lab3.a(WaveDAC8_1_VDAC8.o)
                0x000023dc                WaveDAC8_1_VDAC8_SetRange
 .text.WaveDAC8_1_VDAC8_SetValue
                0x0000241c       0x20 .\ARM_GCC_493\Debug\Lab3.a(WaveDAC8_1_VDAC8.o)
                0x0000241c                WaveDAC8_1_VDAC8_SetValue
 .text.WaveDAC8_1_VDAC8_DacTrim
                0x0000243c       0x3c .\ARM_GCC_493\Debug\Lab3.a(WaveDAC8_1_VDAC8.o)
                0x0000243c                WaveDAC8_1_VDAC8_DacTrim
 .text.Debug_LED_ctrl_Write
                0x00002478       0x20 .\ARM_GCC_493\Debug\Lab3.a(Debug_LED_ctrl.o)
                0x00002478                Debug_LED_ctrl_Write
 .text.AMux_1_Start
                0x00002498       0x30 .\ARM_GCC_493\Debug\Lab3.a(AMux_1.o)
                0x00002498                AMux_1_Start
 .text.AMux_1_FastSelect
                0x000024c8       0x34 .\ARM_GCC_493\Debug\Lab3.a(AMux_1.o)
                0x000024c8                AMux_1_FastSelect
 .text.__errno  0x000024fc        0xc c:/program files (x86)/cypress/psoc creator/3.3/psoc creator/import/gnu/arm/4.9.3/bin/../lib/gcc/arm-none-eabi/4.9.3/../../../../arm-none-eabi/lib/armv7-m\libg_nano.a(lib_a-errno.o)
                0x000024fc                __errno
 .text.__libc_init_array
                0x00002508       0x4c c:/program files (x86)/cypress/psoc creator/3.3/psoc creator/import/gnu/arm/4.9.3/bin/../lib/gcc/arm-none-eabi/4.9.3/../../../../arm-none-eabi/lib/armv7-m\libg_nano.a(lib_a-init.o)
                0x00002508                __libc_init_array
 .text.memcpy   0x00002554       0x16 c:/program files (x86)/cypress/psoc creator/3.3/psoc creator/import/gnu/arm/4.9.3/bin/../lib/gcc/arm-none-eabi/4.9.3/../../../../arm-none-eabi/lib/armv7-m\libg_nano.a(lib_a-memcpy.o)
                0x00002554                memcpy
 .text.memset   0x0000256a       0x10 c:/program files (x86)/cypress/psoc creator/3.3/psoc creator/import/gnu/arm/4.9.3/bin/../lib/gcc/arm-none-eabi/4.9.3/../../../../arm-none-eabi/lib/armv7-m\libg_nano.a(lib_a-memset.o)
                0x0000256a                memset
 *fill*         0x0000257a        0x2 
 .text.sprintf  0x0000257c       0x48 c:/program files (x86)/cypress/psoc creator/3.3/psoc creator/import/gnu/arm/4.9.3/bin/../lib/gcc/arm-none-eabi/4.9.3/../../../../arm-none-eabi/lib/armv7-m\libg_nano.a(lib_a-sprintf.o)
                0x0000257c                siprintf
                0x0000257c                sprintf
 .text.__ssputs_r
                0x000025c4       0xb2 c:/program files (x86)/cypress/psoc creator/3.3/psoc creator/import/gnu/arm/4.9.3/bin/../lib/gcc/arm-none-eabi/4.9.3/../../../../arm-none-eabi/lib/armv7-m\libg_nano.a(lib_a-nano-svfprintf.o)
                0x000025c4                __ssputs_r
 *fill*         0x00002676        0x2 
 .text._svfprintf_r
                0x00002678      0x1e4 c:/program files (x86)/cypress/psoc creator/3.3/psoc creator/import/gnu/arm/4.9.3/bin/../lib/gcc/arm-none-eabi/4.9.3/../../../../arm-none-eabi/lib/armv7-m\libg_nano.a(lib_a-nano-svfprintf.o)
                0x00002678                _svfiprintf_r
                0x00002678                _svfprintf_r
 .text._printf_common
                0x0000285c       0xea c:/program files (x86)/cypress/psoc creator/3.3/psoc creator/import/gnu/arm/4.9.3/bin/../lib/gcc/arm-none-eabi/4.9.3/../../../../arm-none-eabi/lib/armv7-m\libg_nano.a(lib_a-nano-vfprintf_i.o)
                0x0000285c                _printf_common
 *fill*         0x00002946        0x2 
 .text._printf_i
                0x00002948      0x240 c:/program files (x86)/cypress/psoc creator/3.3/psoc creator/import/gnu/arm/4.9.3/bin/../lib/gcc/arm-none-eabi/4.9.3/../../../../arm-none-eabi/lib/armv7-m\libg_nano.a(lib_a-nano-vfprintf_i.o)
                0x00002948                _printf_i
 .text.memchr   0x00002b88       0x1c c:/program files (x86)/cypress/psoc creator/3.3/psoc creator/import/gnu/arm/4.9.3/bin/../lib/gcc/arm-none-eabi/4.9.3/../../../../arm-none-eabi/lib/armv7-m\libg_nano.a(lib_a-memchr.o)
                0x00002b88                memchr
 .text.memmove  0x00002ba4       0x36 c:/program files (x86)/cypress/psoc creator/3.3/psoc creator/import/gnu/arm/4.9.3/bin/../lib/gcc/arm-none-eabi/4.9.3/../../../../arm-none-eabi/lib/armv7-m\libg_nano.a(lib_a-memmove.o)
                0x00002ba4                memmove
 *fill*         0x00002bda        0x2 
 .text._free_r  0x00002bdc       0x88 c:/program files (x86)/cypress/psoc creator/3.3/psoc creator/import/gnu/arm/4.9.3/bin/../lib/gcc/arm-none-eabi/4.9.3/../../../../arm-none-eabi/lib/armv7-m\libg_nano.a(lib_a-nano-freer.o)
                0x00002bdc                _free_r
 .text._malloc_r
                0x00002c64       0xac c:/program files (x86)/cypress/psoc creator/3.3/psoc creator/import/gnu/arm/4.9.3/bin/../lib/gcc/arm-none-eabi/4.9.3/../../../../arm-none-eabi/lib/armv7-m\libg_nano.a(lib_a-nano-mallocr.o)
                0x00002c64                _malloc_r
 .text._realloc_r
                0x00002d10       0x4c c:/program files (x86)/cypress/psoc creator/3.3/psoc creator/import/gnu/arm/4.9.3/bin/../lib/gcc/arm-none-eabi/4.9.3/../../../../arm-none-eabi/lib/armv7-m\libg_nano.a(lib_a-nano-reallocr.o)
                0x00002d10                _realloc_r
 .text._sbrk_r  0x00002d5c       0x20 c:/program files (x86)/cypress/psoc creator/3.3/psoc creator/import/gnu/arm/4.9.3/bin/../lib/gcc/arm-none-eabi/4.9.3/../../../../arm-none-eabi/lib/armv7-m\libg_nano.a(lib_a-sbrkr.o)
                0x00002d5c                _sbrk_r
 .text._malloc_usable_size_r
                0x00002d7c       0x14 c:/program files (x86)/cypress/psoc creator/3.3/psoc creator/import/gnu/arm/4.9.3/bin/../lib/gcc/arm-none-eabi/4.9.3/../../../../arm-none-eabi/lib/armv7-m\libg_nano.a(lib_a-nano-msizer.o)
                0x00002d7c                _malloc_usable_size_r
 *(.plt)
 *(.gnu.warning)
 *(.glue_7t)
 .glue_7t       0x00000000        0x0 linker stubs
 *(.glue_7)
 .glue_7        0x00000000        0x0 linker stubs
 *(.vfp11_veneer)
 .vfp11_veneer  0x00000000        0x0 linker stubs
 *(.bootloader)
 *(.ARM.extab* .gnu.linkonce.armextab.*)
 *(.gcc_except_table)

.v4_bx          0x00002d90        0x0
 .v4_bx         0x00000000        0x0 linker stubs

.iplt           0x00002d90        0x0
 .iplt          0x00000000        0x0 c:/program files (x86)/cypress/psoc creator/3.3/psoc creator/import/gnu/arm/4.9.3/bin/../lib/gcc/arm-none-eabi/4.9.3/armv7-m/crtbegin.o

.eh_frame_hdr
 *(.eh_frame_hdr)

.eh_frame       0x00002d90        0x4
 *(.eh_frame)
 .eh_frame      0x00002d90        0x0 c:/program files (x86)/cypress/psoc creator/3.3/psoc creator/import/gnu/arm/4.9.3/bin/../lib/gcc/arm-none-eabi/4.9.3/armv7-m/crtbegin.o
 .eh_frame      0x00002d90        0x4 c:/program files (x86)/cypress/psoc creator/3.3/psoc creator/import/gnu/arm/4.9.3/bin/../lib/gcc/arm-none-eabi/4.9.3/armv7-m/crtend.o
                0x00002d94                PROVIDE (__exidx_start, .)

.ARM.exidx
 *(.ARM.exidx* .gnu.linkonce.armexidx.*)
                0x00002d94                __exidx_end = .

.rodata         0x00002d94      0x1bc
 *(.rodata .rodata.* .gnu.linkonce.r.*)
 .rodata        0x00002d94       0x24 .\ARM_GCC_493\Debug\main.o
 .rodata        0x00002db8       0x64 .\ARM_GCC_493\Debug\Lab3.a(cyfitter_cfg.o)
                0x00002db8                AMux_1__addrTable
                0x00002dc8                AMux_1__maskTable
                0x00002dcc                ADC_DelSig_1_AMux__addrTable
                0x00002dd4                ADC_DelSig_1_AMux__maskTable
 .rodata        0x00002e1c       0xc8 .\ARM_GCC_493\Debug\Lab3.a(WaveDAC8_1.o)
                0x00002e1c                WaveDAC8_1_wave1
                0x00002e80                WaveDAC8_1_wave2
 .rodata.str1.1
                0x00002ee4        0x2 c:/program files (x86)/cypress/psoc creator/3.3/psoc creator/import/gnu/arm/4.9.3/bin/../lib/gcc/arm-none-eabi/4.9.3/../../../../arm-none-eabi/lib/armv7-m\libg_nano.a(lib_a-impure.o)
 .rodata.str1.1
                0x00002ee6       0x11 c:/program files (x86)/cypress/psoc creator/3.3/psoc creator/import/gnu/arm/4.9.3/bin/../lib/gcc/arm-none-eabi/4.9.3/../../../../arm-none-eabi/lib/armv7-m\libg_nano.a(lib_a-nano-svfprintf.o)
 .rodata.str1.1
                0x00002ef7       0x22 c:/program files (x86)/cypress/psoc creator/3.3/psoc creator/import/gnu/arm/4.9.3/bin/../lib/gcc/arm-none-eabi/4.9.3/../../../../arm-none-eabi/lib/armv7-m\libg_nano.a(lib_a-nano-vfprintf_i.o)
                0x00002f1c                . = ALIGN (0x4)
 *fill*         0x00002f19        0x3 
 *(.init)
 .init          0x00002f1c        0x4 c:/program files (x86)/cypress/psoc creator/3.3/psoc creator/import/gnu/arm/4.9.3/bin/../lib/gcc/arm-none-eabi/4.9.3/armv7-m/crti.o
                0x00002f1c                _init
 .init          0x00002f20        0x8 c:/program files (x86)/cypress/psoc creator/3.3/psoc creator/import/gnu/arm/4.9.3/bin/../lib/gcc/arm-none-eabi/4.9.3/armv7-m/crtn.o
                0x00002f28                . = ALIGN (0x4)
                0x00002f28                __preinit_array_start = .
 *(.preinit_array)
                0x00002f28                __preinit_array_end = .
                0x00002f28                . = ALIGN (0x4)
                0x00002f28                __init_array_start = .
 *(SORT(.init_array.*))
 *(.init_array)
 .init_array    0x00002f28        0x4 c:/program files (x86)/cypress/psoc creator/3.3/psoc creator/import/gnu/arm/4.9.3/bin/../lib/gcc/arm-none-eabi/4.9.3/armv7-m/crtbegin.o
 .init_array    0x00002f2c        0x4 .\ARM_GCC_493\Debug\Cm3Start.o
                0x00002f30                __init_array_end = .
                0x00002f30                . = ALIGN (0x4)
 *(.fini)
 .fini          0x00002f30        0x4 c:/program files (x86)/cypress/psoc creator/3.3/psoc creator/import/gnu/arm/4.9.3/bin/../lib/gcc/arm-none-eabi/4.9.3/armv7-m/crti.o
                0x00002f30                _fini
 .fini          0x00002f34        0x8 c:/program files (x86)/cypress/psoc creator/3.3/psoc creator/import/gnu/arm/4.9.3/bin/../lib/gcc/arm-none-eabi/4.9.3/armv7-m/crtn.o
                0x00002f3c                . = ALIGN (0x4)
                0x00002f3c                __fini_array_start = .
 *(.fini_array)
 .fini_array    0x00002f3c        0x4 c:/program files (x86)/cypress/psoc creator/3.3/psoc creator/import/gnu/arm/4.9.3/bin/../lib/gcc/arm-none-eabi/4.9.3/armv7-m/crtbegin.o
 *(SORT(.fini_array.*))
                0x00002f40                __fini_array_end = .
                0x00002f40                . = ALIGN (0x4)
 *crtbegin.o(.ctors)
 *(EXCLUDE_FILE(*crtend.o) .ctors)
 *(SORT(.ctors.*))
 *crtend.o(.ctors)
                0x00002f40                . = ALIGN (0x4)
 *crtbegin.o(.dtors)
 *(EXCLUDE_FILE(*crtend.o) .dtors)
 *(SORT(.dtors.*))
 *crtend.o(.dtors)
                0x00002f40                . = ALIGN (0x4)
                0x00002f40                __cy_regions = .
                0x00002f40        0x4 LONG 0x2f50 __cy_region_init_ram
                0x00002f44        0x4 LONG 0x1fff8108 __cy_region_start_data
                0x00002f48        0x4 LONG 0x90 __cy_region_init_size_ram
                0x00002f4c        0x4 LONG 0x78 __cy_region_zero_size_ram
                0x00002f50                __cy_regions_end = .
                0x00002f50                . = ALIGN (0x8)
                0x00002f50                _etext = .

.cy_checksum_exclude
                0x00002f50        0x0
 *(.cy_checksum_exclude)

.ramvectors     0x1fff8000      0x100
                0x1fff8000                __cy_region_start_ram = .
 *(.ramvectors)
 .ramvectors    0x1fff8000      0x100 .\ARM_GCC_493\Debug\Cm3Start.o
                0x1fff8000                CyRamVectors

.noinit         0x1fff8100        0x5
 *(.noinit)
 .noinit        0x1fff8100        0x4 .\ARM_GCC_493\Debug\Cm3Start.o
 .noinit        0x1fff8104        0x1 .\ARM_GCC_493\Debug\Lab3.a(CyLib.o)
                0x1fff8104                CyResetStatus

.data           0x1fff8108       0x90 load address 0x00002f50
                0x1fff8108                __cy_region_start_data = .
 *(.jcr)
 .jcr           0x1fff8108        0x0 c:/program files (x86)/cypress/psoc creator/3.3/psoc creator/import/gnu/arm/4.9.3/bin/../lib/gcc/arm-none-eabi/4.9.3/armv7-m/crtbegin.o
 .jcr           0x1fff8108        0x4 c:/program files (x86)/cypress/psoc creator/3.3/psoc creator/import/gnu/arm/4.9.3/bin/../lib/gcc/arm-none-eabi/4.9.3/armv7-m/crtend.o
 *(.got.plt)
 *(.got)
 *(.shdata)
 *(.data .data.* .gnu.linkonce.d.*)
 .data          0x1fff810c        0x4 .\ARM_GCC_493\Debug\Cm3Start.o
 .data          0x1fff8110        0x1 .\ARM_GCC_493\Debug\Lab3.a(ADC_DelSig_1.o)
                0x1fff8110                ADC_DelSig_1_Config
 .data          0x1fff8111        0x1 .\ARM_GCC_493\Debug\Lab3.a(ADC_DelSig_1_AMux.o)
 *fill*         0x1fff8112        0x2 
 .data          0x1fff8114        0x8 .\ARM_GCC_493\Debug\Lab3.a(CyDmac.o)
 .data          0x1fff811c       0x10 .\ARM_GCC_493\Debug\Lab3.a(CyLib.o)
                0x1fff811c                cydelay_freq_hz
                0x1fff8120                cydelay_freq_khz
                0x1fff8124                cydelay_freq_mhz
                0x1fff8128                cydelay_32k_ms
 .data          0x1fff812c        0x1 .\ARM_GCC_493\Debug\Lab3.a(WaveDAC8_1_Wave1_DMA_dma.o)
                0x1fff812c                WaveDAC8_1_Wave1_DMA_DmaHandle
 .data          0x1fff812d        0x1 .\ARM_GCC_493\Debug\Lab3.a(WaveDAC8_1_Wave2_DMA_dma.o)
                0x1fff812d                WaveDAC8_1_Wave2_DMA_DmaHandle
 .data          0x1fff812e        0x1 .\ARM_GCC_493\Debug\Lab3.a(AMux_1.o)
 *fill*         0x1fff812f        0x1 
 .data.impure_data
                0x1fff8130       0x60 c:/program files (x86)/cypress/psoc creator/3.3/psoc creator/import/gnu/arm/4.9.3/bin/../lib/gcc/arm-none-eabi/4.9.3/../../../../arm-none-eabi/lib/armv7-m\libg_nano.a(lib_a-impure.o)
 .data._impure_ptr
                0x1fff8190        0x4 c:/program files (x86)/cypress/psoc creator/3.3/psoc creator/import/gnu/arm/4.9.3/bin/../lib/gcc/arm-none-eabi/4.9.3/../../../../arm-none-eabi/lib/armv7-m\libg_nano.a(lib_a-impure.o)
                0x1fff8190                _impure_ptr
                0x1fff8198                . = ALIGN (0x8)
 *fill*         0x1fff8194        0x4 
 *(.ram)
                0x1fff8198                _edata = .

.igot.plt       0x1fff8198        0x0 load address 0x00002fe0
 .igot.plt      0x00000000        0x0 c:/program files (x86)/cypress/psoc creator/3.3/psoc creator/import/gnu/arm/4.9.3/bin/../lib/gcc/arm-none-eabi/4.9.3/armv7-m/crtbegin.o

.bss            0x1fff8198       0x78 load address 0x00002fe0
                0x1fff8198                PROVIDE (__bss_start__, .)
 *(.shbss)
 *(.bss .bss.* .gnu.linkonce.b.*)
 .bss           0x1fff8198       0x1c c:/program files (x86)/cypress/psoc creator/3.3/psoc creator/import/gnu/arm/4.9.3/bin/../lib/gcc/arm-none-eabi/4.9.3/armv7-m/crtbegin.o
 .bss           0x1fff81b4       0x14 .\ARM_GCC_493\Debug\Lab3.a(ADC_DelSig_1.o)
                0x1fff81b4                ADC_DelSig_1_convDone
                0x1fff81b5                ADC_DelSig_1_stopConversion
                0x1fff81b6                ADC_DelSig_1_initVar
                0x1fff81b7                ADC_DelSig_1_started
 .bss           0x1fff81c8        0x7 .\ARM_GCC_493\Debug\Lab3.a(UART_1.o)
                0x1fff81c8                UART_1_initVar
                0x1fff81c9                UART_1_errorStatus
                0x1fff81ca                UART_1_rxBufferRead
                0x1fff81cb                UART_1_rxBufferWrite
                0x1fff81cc                UART_1_rxBufferLoopDetect
                0x1fff81cd                UART_1_rxBufferOverflow
 .bss           0x1fff81cf        0x1 .\ARM_GCC_493\Debug\Lab3.a(VDAC8_1.o)
                0x1fff81cf                VDAC8_1_initVar
 .bss           0x1fff81d0        0x5 .\ARM_GCC_493\Debug\Lab3.a(WaveDAC8_1.o)
                0x1fff81d0                WaveDAC8_1_initVar
 *fill*         0x1fff81d5        0x3 
 .bss.__malloc_sbrk_start
                0x1fff81d8        0x4 c:/program files (x86)/cypress/psoc creator/3.3/psoc creator/import/gnu/arm/4.9.3/bin/../lib/gcc/arm-none-eabi/4.9.3/../../../../arm-none-eabi/lib/armv7-m\libg_nano.a(lib_a-nano-mallocr.o)
                0x1fff81d8                __malloc_sbrk_start
 .bss.__malloc_free_list
                0x1fff81dc        0x4 c:/program files (x86)/cypress/psoc creator/3.3/psoc creator/import/gnu/arm/4.9.3/bin/../lib/gcc/arm-none-eabi/4.9.3/../../../../arm-none-eabi/lib/armv7-m\libg_nano.a(lib_a-nano-mallocr.o)
                0x1fff81dc                __malloc_free_list
 *(COMMON)
 COMMON         0x1fff81e0       0x1b .\ARM_GCC_493\Debug\main.o
                0x1fff81e0                TransmitBuffer
                0x1fff81f0                ContinuouslySendData
                0x1fff81f1                ledState
                0x1fff81f2                SendEmulatedData
                0x1fff81f4                adcOut
                0x1fff81f8                SendSingleByte
                0x1fff81f9                EmulatedData
                0x1fff81fa                recvChar
 *fill*         0x1fff81fb        0x1 
 COMMON         0x1fff81fc        0x8 .\ARM_GCC_493\Debug\Lab3.a(ADC_DelSig_1.o)
                0x1fff81fc                ADC_DelSig_1_CountsPerVolt
                0x1fff8200                ADC_DelSig_1_Offset
 COMMON         0x1fff8204        0x5 .\ARM_GCC_493\Debug\Lab3.a(UART_1.o)
                0x1fff8204                UART_1_rxBuffer
 *fill*         0x1fff8209        0x3 
 COMMON         0x1fff820c        0x4 c:/program files (x86)/cypress/psoc creator/3.3/psoc creator/import/gnu/arm/4.9.3/bin/../lib/gcc/arm-none-eabi/4.9.3/../../../../arm-none-eabi/lib/armv7-m\libg_nano.a(lib_a-reent.o)
                0x1fff820c                errno
                0x1fff8210                . = ALIGN (0x8)
 *(.ram.b)
                0x1fff8210                _end = .
                0x1fff8210                __end = .
                0x1fff8210                PROVIDE (end, .)
                0x1fff8210                PROVIDE (__bss_end__, .)
                0x00002f50                __cy_region_init_ram = LOADADDR (.data)
                0x00000090                __cy_region_init_size_ram = (_edata - ADDR (.data))
                0x00000078                __cy_region_zero_size_ram = (_end - _edata)

.heap           0x1fff8210       0x80 load address 0x00002fe0
                0x1fff8210                . = _end
                0x1fff8290                . = (. + 0x80)
 *fill*         0x1fff8210       0x80 
                0x1fff8290                __cy_heap_limit = .

.stack          0x20007800      0x800
                0x20007800                __cy_stack_limit = .
                0x20008000                . = (. + 0x800)
 *fill*         0x20007800      0x800 
                0x00000001                ASSERT ((__cy_stack_limit >= __cy_heap_limit), region RAM overflowed with stack)
                0x00000000                cy_checksum_exclude_size = (CY_APPL_LOADABLE == 0x1)?SIZEOF (.cy_checksum_exclude):0x0
                0x00000001                ASSERT ((cy_checksum_exclude_size <= CY_CHECKSUM_EXCLUDE_SIZE), CY_BOOT: Section .cy_checksum_exclude size exceedes specified limit.)

.cyloadermeta
 *(.cyloadermeta)

.cyloadablemeta
 *(.cyloadablemeta)

.cyconfigecc    0x80000000      0x49c
 *(.cyconfigecc)
 .cyconfigecc   0x80000000      0x49c .\ARM_GCC_493\Debug\cymetadata.o
                0x80000000                cy_meta_configecc

.cycustnvl      0x90000000        0x4
 *(.cycustnvl)
 .cycustnvl     0x90000000        0x4 .\ARM_GCC_493\Debug\cymetadata.o
                0x90000000                cy_meta_custnvl

.cywolatch      0x90100000        0x4
 *(.cywolatch)
 .cywolatch     0x90100000        0x4 .\ARM_GCC_493\Debug\cymetadata.o
                0x90100000                cy_meta_wonvl

.cyeeprom       0x90200000        0x0
 *(.cyeeprom)
                0x00000001                ASSERT ((. <= ((0x90200000 + ee_offset) + ee_size)), .cyeeprom data will not fit in EEPROM)

.cyflashprotect
                0x90400000      0x100
 *(.cyflashprotect)
 .cyflashprotect
                0x90400000      0x100 .\ARM_GCC_493\Debug\cymetadata.o
                0x90400000                cy_meta_flashprotect

.cymeta         0x90500000        0xc
 *(.cymeta)
 .cymeta        0x90500000        0xc .\ARM_GCC_493\Debug\cymetadata.o
                0x90500000                cy_metadata

.rel.dyn        0x00002fe0        0x0 load address 0x9050000c
 .rel.iplt      0x00000000        0x0 c:/program files (x86)/cypress/psoc creator/3.3/psoc creator/import/gnu/arm/4.9.3/bin/../lib/gcc/arm-none-eabi/4.9.3/armv7-m/crtbegin.o

.stab
 *(.stab)

.stabstr
 *(.stabstr)

.debug
 *(.debug)

.line
 *(.line)

.debug_srcinfo
 *(.debug_srcinfo)

.debug_sfnames
 *(.debug_sfnames)

.debug_aranges  0x00000000      0xca8
 *(.debug_aranges)
 .debug_aranges
                0x00000000       0x28 .\ARM_GCC_493\Debug\main.o
 .debug_aranges
                0x00000028       0x18 .\ARM_GCC_493\Debug\cymetadata.o
 .debug_aranges
                0x00000040       0x48 .\ARM_GCC_493\Debug\Cm3Start.o
 .debug_aranges
                0x00000088       0x80 .\ARM_GCC_493\Debug\Lab3.a(cyfitter_cfg.o)
 .debug_aranges
                0x00000108       0xe8 .\ARM_GCC_493\Debug\Lab3.a(ADC_DelSig_1.o)
 .debug_aranges
                0x000001f0       0x38 .\ARM_GCC_493\Debug\Lab3.a(ADC_DelSig_1_INT.o)
 .debug_aranges
                0x00000228       0xf0 .\ARM_GCC_493\Debug\Lab3.a(UART_1.o)
 .debug_aranges
                0x00000318       0x20 .\ARM_GCC_493\Debug\Lab3.a(UART_1_INT.o)
 .debug_aranges
                0x00000338       0x30 .\ARM_GCC_493\Debug\Lab3.a(ADC_DelSig_1_AMux.o)
 .debug_aranges
                0x00000368       0x70 .\ARM_GCC_493\Debug\Lab3.a(ADC_DelSig_1_Ext_CP_Clk.o)
 .debug_aranges
                0x000003d8       0x80 .\ARM_GCC_493\Debug\Lab3.a(ADC_DelSig_1_theACLK.o)
 .debug_aranges
                0x00000458       0x70 .\ARM_GCC_493\Debug\Lab3.a(UART_1_IntClock.o)
 .debug_aranges
                0x000004c8       0x20 .\ARM_GCC_493\Debug\Lab3.a(CyBootAsmGnu.o)
 .debug_aranges
                0x000004e8       0xd8 .\ARM_GCC_493\Debug\Lab3.a(CyDmac.o)
 .debug_aranges
                0x000005c0      0x298 .\ARM_GCC_493\Debug\Lab3.a(CyLib.o)
 .debug_aranges
                0x00000858       0x98 .\ARM_GCC_493\Debug\Lab3.a(cyPm.o)
 .debug_aranges
                0x000008f0       0x58 .\ARM_GCC_493\Debug\Lab3.a(VDAC8_1.o)
 .debug_aranges
                0x00000948       0x80 .\ARM_GCC_493\Debug\Lab3.a(isr_1.o)
 .debug_aranges
                0x000009c8       0x28 .\ARM_GCC_493\Debug\Lab3.a(Control_Reg_1.o)
 .debug_aranges
                0x000009f0       0x50 .\ARM_GCC_493\Debug\Lab3.a(WaveDAC8_1.o)
 .debug_aranges
                0x00000a40       0x70 .\ARM_GCC_493\Debug\Lab3.a(WaveDAC8_1_DacClk.o)
 .debug_aranges
                0x00000ab0       0x28 .\ARM_GCC_493\Debug\Lab3.a(WaveDAC8_1_Wave1_DMA_dma.o)
 .debug_aranges
                0x00000ad8       0x28 .\ARM_GCC_493\Debug\Lab3.a(WaveDAC8_1_Wave2_DMA_dma.o)
 .debug_aranges
                0x00000b00       0x58 .\ARM_GCC_493\Debug\Lab3.a(WaveDAC8_1_VDAC8.o)
 .debug_aranges
                0x00000b58       0x28 .\ARM_GCC_493\Debug\Lab3.a(Debug_LED_ctrl.o)
 .debug_aranges
                0x00000b80       0x30 .\ARM_GCC_493\Debug\Lab3.a(AMux_1.o)
 .debug_aranges
                0x00000bb0       0x80 .\ARM_GCC_493\Debug\Lab3.a(CyFlash.o)
 .debug_aranges
                0x00000c30       0x78 .\ARM_GCC_493\Debug\Lab3.a(CySpc.o)

.debug_pubnames
 *(.debug_pubnames)

.debug_info     0x00000000     0x560e
 *(.debug_info .gnu.linkonce.wi.*)
 .debug_info    0x00000000      0x185 .\ARM_GCC_493\Debug\main.o
 .debug_info    0x00000185      0x13c .\ARM_GCC_493\Debug\cymetadata.o
 .debug_info    0x000002c1      0x313 .\ARM_GCC_493\Debug\Cm3Start.o
 .debug_info    0x000005d4      0x589 .\ARM_GCC_493\Debug\Lab3.a(cyfitter_cfg.o)
 .debug_info    0x00000b5d      0x725 .\ARM_GCC_493\Debug\Lab3.a(ADC_DelSig_1.o)
 .debug_info    0x00001282       0xcc .\ARM_GCC_493\Debug\Lab3.a(ADC_DelSig_1_INT.o)
 .debug_info    0x0000134e      0x5eb .\ARM_GCC_493\Debug\Lab3.a(UART_1.o)
 .debug_info    0x00001939      0x142 .\ARM_GCC_493\Debug\Lab3.a(UART_1_INT.o)
 .debug_info    0x00001a7b      0x10a .\ARM_GCC_493\Debug\Lab3.a(ADC_DelSig_1_AMux.o)
 .debug_info    0x00001b85      0x25d .\ARM_GCC_493\Debug\Lab3.a(ADC_DelSig_1_Ext_CP_Clk.o)
 .debug_info    0x00001de2      0x299 .\ARM_GCC_493\Debug\Lab3.a(ADC_DelSig_1_theACLK.o)
 .debug_info    0x0000207b      0x25d .\ARM_GCC_493\Debug\Lab3.a(UART_1_IntClock.o)
 .debug_info    0x000022d8       0x81 .\ARM_GCC_493\Debug\Lab3.a(CyBootAsmGnu.o)
 .debug_info    0x00002359      0x8b4 .\ARM_GCC_493\Debug\Lab3.a(CyDmac.o)
 .debug_info    0x00002c0d      0xe34 .\ARM_GCC_493\Debug\Lab3.a(CyLib.o)
 .debug_info    0x00003a41      0x561 .\ARM_GCC_493\Debug\Lab3.a(cyPm.o)
 .debug_info    0x00003fa2      0x185 .\ARM_GCC_493\Debug\Lab3.a(VDAC8_1.o)
 .debug_info    0x00004127      0x23a .\ARM_GCC_493\Debug\Lab3.a(isr_1.o)
 .debug_info    0x00004361       0xd7 .\ARM_GCC_493\Debug\Lab3.a(Control_Reg_1.o)
 .debug_info    0x00004438      0x241 .\ARM_GCC_493\Debug\Lab3.a(WaveDAC8_1.o)
 .debug_info    0x00004679      0x25d .\ARM_GCC_493\Debug\Lab3.a(WaveDAC8_1_DacClk.o)
 .debug_info    0x000048d6      0x114 .\ARM_GCC_493\Debug\Lab3.a(WaveDAC8_1_Wave1_DMA_dma.o)
 .debug_info    0x000049ea      0x114 .\ARM_GCC_493\Debug\Lab3.a(WaveDAC8_1_Wave2_DMA_dma.o)
 .debug_info    0x00004afe      0x185 .\ARM_GCC_493\Debug\Lab3.a(WaveDAC8_1_VDAC8.o)
 .debug_info    0x00004c83       0xd7 .\ARM_GCC_493\Debug\Lab3.a(Debug_LED_ctrl.o)
 .debug_info    0x00004d5a       0xf7 .\ARM_GCC_493\Debug\Lab3.a(AMux_1.o)
 .debug_info    0x00004e51      0x36a .\ARM_GCC_493\Debug\Lab3.a(CyFlash.o)
 .debug_info    0x000051bb      0x453 .\ARM_GCC_493\Debug\Lab3.a(CySpc.o)

.debug_abbrev   0x00000000     0x1bd4
 *(.debug_abbrev)
 .debug_abbrev  0x00000000       0xaf .\ARM_GCC_493\Debug\main.o
 .debug_abbrev  0x000000af       0x77 .\ARM_GCC_493\Debug\cymetadata.o
 .debug_abbrev  0x00000126      0x1a7 .\ARM_GCC_493\Debug\Cm3Start.o
 .debug_abbrev  0x000002cd      0x1ca .\ARM_GCC_493\Debug\Lab3.a(cyfitter_cfg.o)
 .debug_abbrev  0x00000497      0x19d .\ARM_GCC_493\Debug\Lab3.a(ADC_DelSig_1.o)
 .debug_abbrev  0x00000634       0x42 .\ARM_GCC_493\Debug\Lab3.a(ADC_DelSig_1_INT.o)
 .debug_abbrev  0x00000676      0x15f .\ARM_GCC_493\Debug\Lab3.a(UART_1.o)
 .debug_abbrev  0x000007d5       0x8a .\ARM_GCC_493\Debug\Lab3.a(UART_1_INT.o)
 .debug_abbrev  0x0000085f       0x6f .\ARM_GCC_493\Debug\Lab3.a(ADC_DelSig_1_AMux.o)
 .debug_abbrev  0x000008ce      0x11d .\ARM_GCC_493\Debug\Lab3.a(ADC_DelSig_1_Ext_CP_Clk.o)
 .debug_abbrev  0x000009eb      0x11d .\ARM_GCC_493\Debug\Lab3.a(ADC_DelSig_1_theACLK.o)
 .debug_abbrev  0x00000b08      0x11d .\ARM_GCC_493\Debug\Lab3.a(UART_1_IntClock.o)
 .debug_abbrev  0x00000c25       0x14 .\ARM_GCC_493\Debug\Lab3.a(CyBootAsmGnu.o)
 .debug_abbrev  0x00000c39      0x194 .\ARM_GCC_493\Debug\Lab3.a(CyDmac.o)
 .debug_abbrev  0x00000dcd      0x217 .\ARM_GCC_493\Debug\Lab3.a(CyLib.o)
 .debug_abbrev  0x00000fe4      0x161 .\ARM_GCC_493\Debug\Lab3.a(cyPm.o)
 .debug_abbrev  0x00001145       0xeb .\ARM_GCC_493\Debug\Lab3.a(VDAC8_1.o)
 .debug_abbrev  0x00001230      0x172 .\ARM_GCC_493\Debug\Lab3.a(isr_1.o)
 .debug_abbrev  0x000013a2       0x81 .\ARM_GCC_493\Debug\Lab3.a(Control_Reg_1.o)
 .debug_abbrev  0x00001423       0xe3 .\ARM_GCC_493\Debug\Lab3.a(WaveDAC8_1.o)
 .debug_abbrev  0x00001506      0x11d .\ARM_GCC_493\Debug\Lab3.a(WaveDAC8_1_DacClk.o)
 .debug_abbrev  0x00001623       0x8b .\ARM_GCC_493\Debug\Lab3.a(WaveDAC8_1_Wave1_DMA_dma.o)
 .debug_abbrev  0x000016ae       0x8b .\ARM_GCC_493\Debug\Lab3.a(WaveDAC8_1_Wave2_DMA_dma.o)
 .debug_abbrev  0x00001739       0xeb .\ARM_GCC_493\Debug\Lab3.a(WaveDAC8_1_VDAC8.o)
 .debug_abbrev  0x00001824       0x81 .\ARM_GCC_493\Debug\Lab3.a(Debug_LED_ctrl.o)
 .debug_abbrev  0x000018a5       0x87 .\ARM_GCC_493\Debug\Lab3.a(AMux_1.o)
 .debug_abbrev  0x0000192c      0x13c .\ARM_GCC_493\Debug\Lab3.a(CyFlash.o)
 .debug_abbrev  0x00001a68      0x16c .\ARM_GCC_493\Debug\Lab3.a(CySpc.o)

.debug_line     0x00000000     0x30a9
 *(.debug_line)
 .debug_line    0x00000000      0x1b5 .\ARM_GCC_493\Debug\main.o
 .debug_line    0x000001b5       0x53 .\ARM_GCC_493\Debug\cymetadata.o
 .debug_line    0x00000208      0x1d5 .\ARM_GCC_493\Debug\Cm3Start.o
 .debug_line    0x000003dd      0x27b .\ARM_GCC_493\Debug\Lab3.a(cyfitter_cfg.o)
 .debug_line    0x00000658      0x3d9 .\ARM_GCC_493\Debug\Lab3.a(ADC_DelSig_1.o)
 .debug_line    0x00000a31       0x97 .\ARM_GCC_493\Debug\Lab3.a(ADC_DelSig_1_INT.o)
 .debug_line    0x00000ac8      0x30e .\ARM_GCC_493\Debug\Lab3.a(UART_1.o)
 .debug_line    0x00000dd6       0x8c .\ARM_GCC_493\Debug\Lab3.a(UART_1_INT.o)
 .debug_line    0x00000e62       0xa8 .\ARM_GCC_493\Debug\Lab3.a(ADC_DelSig_1_AMux.o)
 .debug_line    0x00000f0a      0x1cb .\ARM_GCC_493\Debug\Lab3.a(ADC_DelSig_1_Ext_CP_Clk.o)
 .debug_line    0x000010d5      0x1ec .\ARM_GCC_493\Debug\Lab3.a(ADC_DelSig_1_theACLK.o)
 .debug_line    0x000012c1      0x1c3 .\ARM_GCC_493\Debug\Lab3.a(UART_1_IntClock.o)
 .debug_line    0x00001484       0x7f .\ARM_GCC_493\Debug\Lab3.a(CyBootAsmGnu.o)
 .debug_line    0x00001503      0x2b7 .\ARM_GCC_493\Debug\Lab3.a(CyDmac.o)
 .debug_line    0x000017ba      0x872 .\ARM_GCC_493\Debug\Lab3.a(CyLib.o)
 .debug_line    0x0000202c      0x381 .\ARM_GCC_493\Debug\Lab3.a(cyPm.o)
 .debug_line    0x000023ad       0xf2 .\ARM_GCC_493\Debug\Lab3.a(VDAC8_1.o)
 .debug_line    0x0000249f      0x169 .\ARM_GCC_493\Debug\Lab3.a(isr_1.o)
 .debug_line    0x00002608       0x78 .\ARM_GCC_493\Debug\Lab3.a(Control_Reg_1.o)
 .debug_line    0x00002680       0xf6 .\ARM_GCC_493\Debug\Lab3.a(WaveDAC8_1.o)
 .debug_line    0x00002776      0x1c5 .\ARM_GCC_493\Debug\Lab3.a(WaveDAC8_1_DacClk.o)
 .debug_line    0x0000293b       0xa0 .\ARM_GCC_493\Debug\Lab3.a(WaveDAC8_1_Wave1_DMA_dma.o)
 .debug_line    0x000029db       0xa0 .\ARM_GCC_493\Debug\Lab3.a(WaveDAC8_1_Wave2_DMA_dma.o)
 .debug_line    0x00002a7b       0xfa .\ARM_GCC_493\Debug\Lab3.a(WaveDAC8_1_VDAC8.o)
 .debug_line    0x00002b75       0x79 .\ARM_GCC_493\Debug\Lab3.a(Debug_LED_ctrl.o)
 .debug_line    0x00002bee       0x9d .\ARM_GCC_493\Debug\Lab3.a(AMux_1.o)
 .debug_line    0x00002c8b      0x207 .\ARM_GCC_493\Debug\Lab3.a(CyFlash.o)
 .debug_line    0x00002e92      0x217 .\ARM_GCC_493\Debug\Lab3.a(CySpc.o)

.debug_frame    0x00000000     0x3490
 *(.debug_frame)
 .debug_frame   0x00000000       0x48 .\ARM_GCC_493\Debug\main.o
 .debug_frame   0x00000048       0xd8 .\ARM_GCC_493\Debug\Cm3Start.o
 .debug_frame   0x00000120      0x20c .\ARM_GCC_493\Debug\Lab3.a(cyfitter_cfg.o)
 .debug_frame   0x0000032c      0x40c .\ARM_GCC_493\Debug\Lab3.a(ADC_DelSig_1.o)
 .debug_frame   0x00000738       0xa0 .\ARM_GCC_493\Debug\Lab3.a(ADC_DelSig_1_INT.o)
 .debug_frame   0x000007d8      0x428 .\ARM_GCC_493\Debug\Lab3.a(UART_1.o)
 .debug_frame   0x00000c00       0x38 .\ARM_GCC_493\Debug\Lab3.a(UART_1_INT.o)
 .debug_frame   0x00000c38       0x88 .\ARM_GCC_493\Debug\Lab3.a(ADC_DelSig_1_AMux.o)
 .debug_frame   0x00000cc0      0x1b4 .\ARM_GCC_493\Debug\Lab3.a(ADC_DelSig_1_Ext_CP_Clk.o)
 .debug_frame   0x00000e74      0x200 .\ARM_GCC_493\Debug\Lab3.a(ADC_DelSig_1_theACLK.o)
 .debug_frame   0x00001074      0x1b4 .\ARM_GCC_493\Debug\Lab3.a(UART_1_IntClock.o)
 .debug_frame   0x00001228      0x3d0 .\ARM_GCC_493\Debug\Lab3.a(CyDmac.o)
 .debug_frame   0x000015f8      0xbe8 .\ARM_GCC_493\Debug\Lab3.a(CyLib.o)
 .debug_frame   0x000021e0      0x234 .\ARM_GCC_493\Debug\Lab3.a(cyPm.o)
 .debug_frame   0x00002414      0x130 .\ARM_GCC_493\Debug\Lab3.a(VDAC8_1.o)
 .debug_frame   0x00002544      0x1e8 .\ARM_GCC_493\Debug\Lab3.a(isr_1.o)
 .debug_frame   0x0000272c       0x5c .\ARM_GCC_493\Debug\Lab3.a(Control_Reg_1.o)
 .debug_frame   0x00002788       0xf8 .\ARM_GCC_493\Debug\Lab3.a(WaveDAC8_1.o)
 .debug_frame   0x00002880      0x1b4 .\ARM_GCC_493\Debug\Lab3.a(WaveDAC8_1_DacClk.o)
 .debug_frame   0x00002a34       0x58 .\ARM_GCC_493\Debug\Lab3.a(WaveDAC8_1_Wave1_DMA_dma.o)
 .debug_frame   0x00002a8c       0x58 .\ARM_GCC_493\Debug\Lab3.a(WaveDAC8_1_Wave2_DMA_dma.o)
 .debug_frame   0x00002ae4      0x130 .\ARM_GCC_493\Debug\Lab3.a(WaveDAC8_1_VDAC8.o)
 .debug_frame   0x00002c14       0x5c .\ARM_GCC_493\Debug\Lab3.a(Debug_LED_ctrl.o)
 .debug_frame   0x00002c70       0x7c .\ARM_GCC_493\Debug\Lab3.a(AMux_1.o)
 .debug_frame   0x00002cec      0x210 .\ARM_GCC_493\Debug\Lab3.a(CyFlash.o)
 .debug_frame   0x00002efc      0x1f8 .\ARM_GCC_493\Debug\Lab3.a(CySpc.o)
 .debug_frame   0x000030f4       0x20 c:/program files (x86)/cypress/psoc creator/3.3/psoc creator/import/gnu/arm/4.9.3/bin/../lib/gcc/arm-none-eabi/4.9.3/../../../../arm-none-eabi/lib/armv7-m\libg_nano.a(lib_a-errno.o)
 .debug_frame   0x00003114       0x28 c:/program files (x86)/cypress/psoc creator/3.3/psoc creator/import/gnu/arm/4.9.3/bin/../lib/gcc/arm-none-eabi/4.9.3/../../../../arm-none-eabi/lib/armv7-m\libg_nano.a(lib_a-exit.o)
 .debug_frame   0x0000313c       0x2c c:/program files (x86)/cypress/psoc creator/3.3/psoc creator/import/gnu/arm/4.9.3/bin/../lib/gcc/arm-none-eabi/4.9.3/../../../../arm-none-eabi/lib/armv7-m\libg_nano.a(lib_a-init.o)
 .debug_frame   0x00003168       0x28 c:/program files (x86)/cypress/psoc creator/3.3/psoc creator/import/gnu/arm/4.9.3/bin/../lib/gcc/arm-none-eabi/4.9.3/../../../../arm-none-eabi/lib/armv7-m\libg_nano.a(lib_a-memcpy.o)
 .debug_frame   0x00003190       0x20 c:/program files (x86)/cypress/psoc creator/3.3/psoc creator/import/gnu/arm/4.9.3/bin/../lib/gcc/arm-none-eabi/4.9.3/../../../../arm-none-eabi/lib/armv7-m\libg_nano.a(lib_a-memset.o)
 .debug_frame   0x000031b0       0x70 c:/program files (x86)/cypress/psoc creator/3.3/psoc creator/import/gnu/arm/4.9.3/bin/../lib/gcc/arm-none-eabi/4.9.3/../../../../arm-none-eabi/lib/armv7-m\libg_nano.a(lib_a-sprintf.o)
 .debug_frame   0x00003220       0x8c c:/program files (x86)/cypress/psoc creator/3.3/psoc creator/import/gnu/arm/4.9.3/bin/../lib/gcc/arm-none-eabi/4.9.3/../../../../arm-none-eabi/lib/armv7-m\libg_nano.a(lib_a-nano-svfprintf.o)
 .debug_frame   0x000032ac       0x58 c:/program files (x86)/cypress/psoc creator/3.3/psoc creator/import/gnu/arm/4.9.3/bin/../lib/gcc/arm-none-eabi/4.9.3/../../../../arm-none-eabi/lib/armv7-m\libg_nano.a(lib_a-nano-vfprintf_i.o)
 .debug_frame   0x00003304       0x28 c:/program files (x86)/cypress/psoc creator/3.3/psoc creator/import/gnu/arm/4.9.3/bin/../lib/gcc/arm-none-eabi/4.9.3/../../../../arm-none-eabi/lib/armv7-m\libg_nano.a(lib_a-memchr.o)
 .debug_frame   0x0000332c       0x28 c:/program files (x86)/cypress/psoc creator/3.3/psoc creator/import/gnu/arm/4.9.3/bin/../lib/gcc/arm-none-eabi/4.9.3/../../../../arm-none-eabi/lib/armv7-m\libg_nano.a(lib_a-memmove.o)
 .debug_frame   0x00003354       0x2c c:/program files (x86)/cypress/psoc creator/3.3/psoc creator/import/gnu/arm/4.9.3/bin/../lib/gcc/arm-none-eabi/4.9.3/../../../../arm-none-eabi/lib/armv7-m\libg_nano.a(lib_a-nano-freer.o)
 .debug_frame   0x00003380       0x2c c:/program files (x86)/cypress/psoc creator/3.3/psoc creator/import/gnu/arm/4.9.3/bin/../lib/gcc/arm-none-eabi/4.9.3/../../../../arm-none-eabi/lib/armv7-m\libg_nano.a(lib_a-nano-mallocr.o)
 .debug_frame   0x000033ac       0x3c c:/program files (x86)/cypress/psoc creator/3.3/psoc creator/import/gnu/arm/4.9.3/bin/../lib/gcc/arm-none-eabi/4.9.3/../../../../arm-none-eabi/lib/armv7-m\libg_nano.a(lib_a-nano-reallocr.o)
 .debug_frame   0x000033e8       0x2c c:/program files (x86)/cypress/psoc creator/3.3/psoc creator/import/gnu/arm/4.9.3/bin/../lib/gcc/arm-none-eabi/4.9.3/../../../../arm-none-eabi/lib/armv7-m\libg_nano.a(lib_a-sbrkr.o)
 .debug_frame   0x00003414       0x20 c:/program files (x86)/cypress/psoc creator/3.3/psoc creator/import/gnu/arm/4.9.3/bin/../lib/gcc/arm-none-eabi/4.9.3/../../../../arm-none-eabi/lib/armv7-m\libg_nano.a(lib_a-nano-msizer.o)
 .debug_frame   0x00003434       0x5c c:/program files (x86)/cypress/psoc creator/3.3/psoc creator/import/gnu/arm/4.9.3/bin/../lib/gcc/arm-none-eabi/4.9.3/../../../../arm-none-eabi/lib/armv7-m\libg_nano.a(lib_a-reent.o)

.debug_str      0x00000000     0x2d63
 *(.debug_str)
 .debug_str     0x00000000      0x1bf .\ARM_GCC_493\Debug\main.o
                                0x20d (size before relaxing)
 .debug_str     0x000001bf       0x77 .\ARM_GCC_493\Debug\cymetadata.o
                                0x1db (size before relaxing)
 .debug_str     0x00000236      0x137 .\ARM_GCC_493\Debug\Cm3Start.o
                                0x2bc (size before relaxing)
 .debug_str     0x0000036d      0x23f .\ARM_GCC_493\Debug\Lab3.a(cyfitter_cfg.o)
                                0x3c9 (size before relaxing)
 .debug_str     0x000005ac      0x440 .\ARM_GCC_493\Debug\Lab3.a(ADC_DelSig_1.o)
                                0x608 (size before relaxing)
 .debug_str     0x000009ec       0x74 .\ARM_GCC_493\Debug\Lab3.a(ADC_DelSig_1_INT.o)
                                0x1d2 (size before relaxing)
 .debug_str     0x00000a60      0x351 .\ARM_GCC_493\Debug\Lab3.a(UART_1.o)
                                0x4fb (size before relaxing)
 .debug_str     0x00000db1       0x59 .\ARM_GCC_493\Debug\Lab3.a(UART_1_INT.o)
                                0x240 (size before relaxing)
 .debug_str     0x00000e0a       0x9e .\ARM_GCC_493\Debug\Lab3.a(ADC_DelSig_1_AMux.o)
                                0x201 (size before relaxing)
 .debug_str     0x00000ea8      0x222 .\ARM_GCC_493\Debug\Lab3.a(ADC_DelSig_1_Ext_CP_Clk.o)
                                0x39f (size before relaxing)
 .debug_str     0x000010ca      0x20a .\ARM_GCC_493\Debug\Lab3.a(ADC_DelSig_1_theACLK.o)
                                0x3d0 (size before relaxing)
 .debug_str     0x000012d4      0x179 .\ARM_GCC_493\Debug\Lab3.a(UART_1_IntClock.o)
                                0x33f (size before relaxing)
 .debug_str     0x0000144d      0x369 .\ARM_GCC_493\Debug\Lab3.a(CyDmac.o)
                                0x502 (size before relaxing)
 .debug_str     0x000017b6      0x7c8 .\ARM_GCC_493\Debug\Lab3.a(CyLib.o)
                                0x9b7 (size before relaxing)
 .debug_str     0x00001f7e      0x367 .\ARM_GCC_493\Debug\Lab3.a(cyPm.o)
                                0x51c (size before relaxing)
 .debug_str     0x000022e5       0xb9 .\ARM_GCC_493\Debug\Lab3.a(VDAC8_1.o)
                                0x224 (size before relaxing)
 .debug_str     0x0000239e       0xe8 .\ARM_GCC_493\Debug\Lab3.a(isr_1.o)
                                0x28b (size before relaxing)
 .debug_str     0x00002486       0x50 .\ARM_GCC_493\Debug\Lab3.a(Control_Reg_1.o)
                                0x1b8 (size before relaxing)
 .debug_str     0x000024d6      0x16a .\ARM_GCC_493\Debug\Lab3.a(WaveDAC8_1.o)
                                0x2dc (size before relaxing)
 .debug_str     0x00002640      0x191 .\ARM_GCC_493\Debug\Lab3.a(WaveDAC8_1_DacClk.o)
                                0x357 (size before relaxing)
 .debug_str     0x000027d1       0xd1 .\ARM_GCC_493\Debug\Lab3.a(WaveDAC8_1_Wave1_DMA_dma.o)
                                0x23c (size before relaxing)
 .debug_str     0x000028a2       0x96 .\ARM_GCC_493\Debug\Lab3.a(WaveDAC8_1_Wave2_DMA_dma.o)
                                0x23c (size before relaxing)
 .debug_str     0x00002938      0x107 .\ARM_GCC_493\Debug\Lab3.a(WaveDAC8_1_VDAC8.o)
                                0x27e (size before relaxing)
 .debug_str     0x00002a3f       0x53 .\ARM_GCC_493\Debug\Lab3.a(Debug_LED_ctrl.o)
                                0x1bb (size before relaxing)
 .debug_str     0x00002a92       0x69 .\ARM_GCC_493\Debug\Lab3.a(AMux_1.o)
                                0x1d1 (size before relaxing)
 .debug_str     0x00002afb      0x147 .\ARM_GCC_493\Debug\Lab3.a(CyFlash.o)
                                0x2db (size before relaxing)
 .debug_str     0x00002c42      0x121 .\ARM_GCC_493\Debug\Lab3.a(CySpc.o)
                                0x2d8 (size before relaxing)

.debug_loc
 *(.debug_loc)

.debug_macinfo
 *(.debug_macinfo)

.debug_ranges   0x00000000      0xad0
 *(.debug_ranges)
 .debug_ranges  0x00000000       0x18 .\ARM_GCC_493\Debug\main.o
 .debug_ranges  0x00000018       0x38 .\ARM_GCC_493\Debug\Cm3Start.o
 .debug_ranges  0x00000050       0x70 .\ARM_GCC_493\Debug\Lab3.a(cyfitter_cfg.o)
 .debug_ranges  0x000000c0       0xd8 .\ARM_GCC_493\Debug\Lab3.a(ADC_DelSig_1.o)
 .debug_ranges  0x00000198       0x28 .\ARM_GCC_493\Debug\Lab3.a(ADC_DelSig_1_INT.o)
 .debug_ranges  0x000001c0       0xe0 .\ARM_GCC_493\Debug\Lab3.a(UART_1.o)
 .debug_ranges  0x000002a0       0x10 .\ARM_GCC_493\Debug\Lab3.a(UART_1_INT.o)
 .debug_ranges  0x000002b0       0x20 .\ARM_GCC_493\Debug\Lab3.a(ADC_DelSig_1_AMux.o)
 .debug_ranges  0x000002d0       0x60 .\ARM_GCC_493\Debug\Lab3.a(ADC_DelSig_1_Ext_CP_Clk.o)
 .debug_ranges  0x00000330       0x70 .\ARM_GCC_493\Debug\Lab3.a(ADC_DelSig_1_theACLK.o)
 .debug_ranges  0x000003a0       0x60 .\ARM_GCC_493\Debug\Lab3.a(UART_1_IntClock.o)
 .debug_ranges  0x00000400       0xc8 .\ARM_GCC_493\Debug\Lab3.a(CyDmac.o)
 .debug_ranges  0x000004c8      0x288 .\ARM_GCC_493\Debug\Lab3.a(CyLib.o)
 .debug_ranges  0x00000750       0x88 .\ARM_GCC_493\Debug\Lab3.a(cyPm.o)
 .debug_ranges  0x000007d8       0x48 .\ARM_GCC_493\Debug\Lab3.a(VDAC8_1.o)
 .debug_ranges  0x00000820       0x70 .\ARM_GCC_493\Debug\Lab3.a(isr_1.o)
 .debug_ranges  0x00000890       0x18 .\ARM_GCC_493\Debug\Lab3.a(Control_Reg_1.o)
 .debug_ranges  0x000008a8       0x40 .\ARM_GCC_493\Debug\Lab3.a(WaveDAC8_1.o)
 .debug_ranges  0x000008e8       0x60 .\ARM_GCC_493\Debug\Lab3.a(WaveDAC8_1_DacClk.o)
 .debug_ranges  0x00000948       0x18 .\ARM_GCC_493\Debug\Lab3.a(WaveDAC8_1_Wave1_DMA_dma.o)
 .debug_ranges  0x00000960       0x18 .\ARM_GCC_493\Debug\Lab3.a(WaveDAC8_1_Wave2_DMA_dma.o)
 .debug_ranges  0x00000978       0x48 .\ARM_GCC_493\Debug\Lab3.a(WaveDAC8_1_VDAC8.o)
 .debug_ranges  0x000009c0       0x18 .\ARM_GCC_493\Debug\Lab3.a(Debug_LED_ctrl.o)
 .debug_ranges  0x000009d8       0x20 .\ARM_GCC_493\Debug\Lab3.a(AMux_1.o)
 .debug_ranges  0x000009f8       0x70 .\ARM_GCC_493\Debug\Lab3.a(CyFlash.o)
 .debug_ranges  0x00000a68       0x68 .\ARM_GCC_493\Debug\Lab3.a(CySpc.o)

.comment        0x00000000       0x70
 .comment       0x00000000       0x70 .\ARM_GCC_493\Debug\main.o
                                 0x71 (size before relaxing)
 .comment       0x00000000       0x71 .\ARM_GCC_493\Debug\cymetadata.o
 .comment       0x00000000       0x71 .\ARM_GCC_493\Debug\Cm3Start.o
 .comment       0x00000000       0x71 .\ARM_GCC_493\Debug\Lab3.a(cyfitter_cfg.o)
 .comment       0x00000000       0x71 .\ARM_GCC_493\Debug\Lab3.a(ADC_DelSig_1.o)
 .comment       0x00000000       0x71 .\ARM_GCC_493\Debug\Lab3.a(ADC_DelSig_1_INT.o)
 .comment       0x00000000       0x71 .\ARM_GCC_493\Debug\Lab3.a(UART_1.o)
 .comment       0x00000000       0x71 .\ARM_GCC_493\Debug\Lab3.a(UART_1_INT.o)
 .comment       0x00000000       0x71 .\ARM_GCC_493\Debug\Lab3.a(ADC_DelSig_1_AMux.o)
 .comment       0x00000000       0x71 .\ARM_GCC_493\Debug\Lab3.a(ADC_DelSig_1_Ext_CP_Clk.o)
 .comment       0x00000000       0x71 .\ARM_GCC_493\Debug\Lab3.a(ADC_DelSig_1_theACLK.o)
 .comment       0x00000000       0x71 .\ARM_GCC_493\Debug\Lab3.a(UART_1_IntClock.o)
 .comment       0x00000000       0x71 .\ARM_GCC_493\Debug\Lab3.a(CyDmac.o)
 .comment       0x00000000       0x71 .\ARM_GCC_493\Debug\Lab3.a(CyLib.o)
 .comment       0x00000000       0x71 .\ARM_GCC_493\Debug\Lab3.a(cyPm.o)
 .comment       0x00000000       0x71 .\ARM_GCC_493\Debug\Lab3.a(VDAC8_1.o)
 .comment       0x00000000       0x71 .\ARM_GCC_493\Debug\Lab3.a(isr_1.o)
 .comment       0x00000000       0x71 .\ARM_GCC_493\Debug\Lab3.a(Control_Reg_1.o)
 .comment       0x00000000       0x71 .\ARM_GCC_493\Debug\Lab3.a(WaveDAC8_1.o)
 .comment       0x00000000       0x71 .\ARM_GCC_493\Debug\Lab3.a(WaveDAC8_1_DacClk.o)
 .comment       0x00000000       0x71 .\ARM_GCC_493\Debug\Lab3.a(WaveDAC8_1_Wave1_DMA_dma.o)
 .comment       0x00000000       0x71 .\ARM_GCC_493\Debug\Lab3.a(WaveDAC8_1_Wave2_DMA_dma.o)
 .comment       0x00000000       0x71 .\ARM_GCC_493\Debug\Lab3.a(WaveDAC8_1_VDAC8.o)
 .comment       0x00000000       0x71 .\ARM_GCC_493\Debug\Lab3.a(Debug_LED_ctrl.o)
 .comment       0x00000000       0x71 .\ARM_GCC_493\Debug\Lab3.a(AMux_1.o)
 .comment       0x00000000       0x71 .\ARM_GCC_493\Debug\Lab3.a(CyFlash.o)
 .comment       0x00000000       0x71 .\ARM_GCC_493\Debug\Lab3.a(CySpc.o)

.debug_weaknames
 *(.debug_weaknames)

.debug_funcnames
 *(.debug_funcnames)

.debug_typenames
 *(.debug_typenames)

.debug_varnames
 *(.debug_varnames)

.note.gnu.arm.ident
 *(.note.gnu.arm.ident)

.ARM.attributes
                0x00000000       0x29
 *(.ARM.attributes)
 .ARM.attributes
                0x00000000       0x1d c:/program files (x86)/cypress/psoc creator/3.3/psoc creator/import/gnu/arm/4.9.3/bin/../lib/gcc/arm-none-eabi/4.9.3/armv7-m/crti.o
 .ARM.attributes
                0x0000001d       0x2d c:/program files (x86)/cypress/psoc creator/3.3/psoc creator/import/gnu/arm/4.9.3/bin/../lib/gcc/arm-none-eabi/4.9.3/armv7-m/crtbegin.o
 .ARM.attributes
                0x0000004a       0x1b c:/program files (x86)/cypress/psoc creator/3.3/psoc creator/import/gnu/arm/4.9.3/bin/../lib/gcc/arm-none-eabi/4.9.3/../../../../arm-none-eabi/lib/armv7-m/crt0.o
 .ARM.attributes
                0x00000065       0x33 .\ARM_GCC_493\Debug\main.o
 .ARM.attributes
                0x00000098       0x33 .\ARM_GCC_493\Debug\cymetadata.o
 .ARM.attributes
                0x000000cb       0x33 .\ARM_GCC_493\Debug\Cm3Start.o
 .ARM.attributes
                0x000000fe       0x33 .\ARM_GCC_493\Debug\Lab3.a(cyfitter_cfg.o)
 .ARM.attributes
                0x00000131       0x33 .\ARM_GCC_493\Debug\Lab3.a(ADC_DelSig_1.o)
 .ARM.attributes
                0x00000164       0x33 .\ARM_GCC_493\Debug\Lab3.a(ADC_DelSig_1_INT.o)
 .ARM.attributes
                0x00000197       0x33 .\ARM_GCC_493\Debug\Lab3.a(UART_1.o)
 .ARM.attributes
                0x000001ca       0x33 .\ARM_GCC_493\Debug\Lab3.a(UART_1_INT.o)
 .ARM.attributes
                0x000001fd       0x33 .\ARM_GCC_493\Debug\Lab3.a(ADC_DelSig_1_AMux.o)
 .ARM.attributes
                0x00000230       0x33 .\ARM_GCC_493\Debug\Lab3.a(ADC_DelSig_1_Ext_CP_Clk.o)
 .ARM.attributes
                0x00000263       0x33 .\ARM_GCC_493\Debug\Lab3.a(ADC_DelSig_1_theACLK.o)
 .ARM.attributes
                0x00000296       0x33 .\ARM_GCC_493\Debug\Lab3.a(UART_1_IntClock.o)
 .ARM.attributes
                0x000002c9       0x21 .\ARM_GCC_493\Debug\Lab3.a(CyBootAsmGnu.o)
 .ARM.attributes
                0x000002ea       0x33 .\ARM_GCC_493\Debug\Lab3.a(CyDmac.o)
 .ARM.attributes
                0x0000031d       0x33 .\ARM_GCC_493\Debug\Lab3.a(CyLib.o)
 .ARM.attributes
                0x00000350       0x33 .\ARM_GCC_493\Debug\Lab3.a(cyPm.o)
 .ARM.attributes
                0x00000383       0x33 .\ARM_GCC_493\Debug\Lab3.a(VDAC8_1.o)
 .ARM.attributes
                0x000003b6       0x33 .\ARM_GCC_493\Debug\Lab3.a(isr_1.o)
 .ARM.attributes
                0x000003e9       0x33 .\ARM_GCC_493\Debug\Lab3.a(Control_Reg_1.o)
 .ARM.attributes
                0x0000041c       0x33 .\ARM_GCC_493\Debug\Lab3.a(WaveDAC8_1.o)
 .ARM.attributes
                0x0000044f       0x33 .\ARM_GCC_493\Debug\Lab3.a(WaveDAC8_1_DacClk.o)
 .ARM.attributes
                0x00000482       0x33 .\ARM_GCC_493\Debug\Lab3.a(WaveDAC8_1_Wave1_DMA_dma.o)
 .ARM.attributes
                0x000004b5       0x33 .\ARM_GCC_493\Debug\Lab3.a(WaveDAC8_1_Wave2_DMA_dma.o)
 .ARM.attributes
                0x000004e8       0x33 .\ARM_GCC_493\Debug\Lab3.a(WaveDAC8_1_VDAC8.o)
 .ARM.attributes
                0x0000051b       0x33 .\ARM_GCC_493\Debug\Lab3.a(Debug_LED_ctrl.o)
 .ARM.attributes
                0x0000054e       0x33 .\ARM_GCC_493\Debug\Lab3.a(AMux_1.o)
 .ARM.attributes
                0x00000581       0x33 .\ARM_GCC_493\Debug\Lab3.a(CyFlash.o)
 .ARM.attributes
                0x000005b4       0x33 .\ARM_GCC_493\Debug\Lab3.a(CySpc.o)
 .ARM.attributes
                0x000005e7       0x1d c:/program files (x86)/cypress/psoc creator/3.3/psoc creator/import/gnu/arm/4.9.3/bin/../lib/gcc/arm-none-eabi/4.9.3/armv7-m\libgcc.a(_arm_addsubdf3.o)
 .ARM.attributes
                0x00000604       0x1d c:/program files (x86)/cypress/psoc creator/3.3/psoc creator/import/gnu/arm/4.9.3/bin/../lib/gcc/arm-none-eabi/4.9.3/armv7-m\libgcc.a(_arm_cmpdf2.o)
 .ARM.attributes
                0x00000621       0x1d c:/program files (x86)/cypress/psoc creator/3.3/psoc creator/import/gnu/arm/4.9.3/bin/../lib/gcc/arm-none-eabi/4.9.3/armv7-m\libgcc.a(_arm_addsubsf3.o)
 .ARM.attributes
                0x0000063e       0x1d c:/program files (x86)/cypress/psoc creator/3.3/psoc creator/import/gnu/arm/4.9.3/bin/../lib/gcc/arm-none-eabi/4.9.3/armv7-m\libgcc.a(_arm_muldivsf3.o)
 .ARM.attributes
                0x0000065b       0x1d c:/program files (x86)/cypress/psoc creator/3.3/psoc creator/import/gnu/arm/4.9.3/bin/../lib/gcc/arm-none-eabi/4.9.3/armv7-m\libgcc.a(_arm_fixunssfsi.o)
 .ARM.attributes
                0x00000678       0x2d c:/program files (x86)/cypress/psoc creator/3.3/psoc creator/import/gnu/arm/4.9.3/bin/../lib/gcc/arm-none-eabi/4.9.3/../../../../arm-none-eabi/lib/armv7-m\libg_nano.a(lib_a-errno.o)
 .ARM.attributes
                0x000006a5       0x2d c:/program files (x86)/cypress/psoc creator/3.3/psoc creator/import/gnu/arm/4.9.3/bin/../lib/gcc/arm-none-eabi/4.9.3/../../../../arm-none-eabi/lib/armv7-m\libg_nano.a(lib_a-exit.o)
 .ARM.attributes
                0x000006d2       0x2d c:/program files (x86)/cypress/psoc creator/3.3/psoc creator/import/gnu/arm/4.9.3/bin/../lib/gcc/arm-none-eabi/4.9.3/../../../../arm-none-eabi/lib/armv7-m\libg_nano.a(lib_a-impure.o)
 .ARM.attributes
                0x000006ff       0x2d c:/program files (x86)/cypress/psoc creator/3.3/psoc creator/import/gnu/arm/4.9.3/bin/../lib/gcc/arm-none-eabi/4.9.3/../../../../arm-none-eabi/lib/armv7-m\libg_nano.a(lib_a-init.o)
 .ARM.attributes
                0x0000072c       0x2d c:/program files (x86)/cypress/psoc creator/3.3/psoc creator/import/gnu/arm/4.9.3/bin/../lib/gcc/arm-none-eabi/4.9.3/../../../../arm-none-eabi/lib/armv7-m\libg_nano.a(lib_a-memcpy.o)
 .ARM.attributes
                0x00000759       0x2d c:/program files (x86)/cypress/psoc creator/3.3/psoc creator/import/gnu/arm/4.9.3/bin/../lib/gcc/arm-none-eabi/4.9.3/../../../../arm-none-eabi/lib/armv7-m\libg_nano.a(lib_a-memset.o)
 .ARM.attributes
                0x00000786       0x2d c:/program files (x86)/cypress/psoc creator/3.3/psoc creator/import/gnu/arm/4.9.3/bin/../lib/gcc/arm-none-eabi/4.9.3/../../../../arm-none-eabi/lib/armv7-m\libg_nano.a(lib_a-sprintf.o)
 .ARM.attributes
                0x000007b3       0x2d c:/program files (x86)/cypress/psoc creator/3.3/psoc creator/import/gnu/arm/4.9.3/bin/../lib/gcc/arm-none-eabi/4.9.3/../../../../arm-none-eabi/lib/armv7-m\libg_nano.a(lib_a-nano-svfprintf.o)
 .ARM.attributes
                0x000007e0       0x2d c:/program files (x86)/cypress/psoc creator/3.3/psoc creator/import/gnu/arm/4.9.3/bin/../lib/gcc/arm-none-eabi/4.9.3/../../../../arm-none-eabi/lib/armv7-m\libg_nano.a(lib_a-nano-vfprintf_i.o)
 .ARM.attributes
                0x0000080d       0x2d c:/program files (x86)/cypress/psoc creator/3.3/psoc creator/import/gnu/arm/4.9.3/bin/../lib/gcc/arm-none-eabi/4.9.3/../../../../arm-none-eabi/lib/armv7-m\libg_nano.a(lib_a-memchr.o)
 .ARM.attributes
                0x0000083a       0x2d c:/program files (x86)/cypress/psoc creator/3.3/psoc creator/import/gnu/arm/4.9.3/bin/../lib/gcc/arm-none-eabi/4.9.3/../../../../arm-none-eabi/lib/armv7-m\libg_nano.a(lib_a-memmove.o)
 .ARM.attributes
                0x00000867       0x2d c:/program files (x86)/cypress/psoc creator/3.3/psoc creator/import/gnu/arm/4.9.3/bin/../lib/gcc/arm-none-eabi/4.9.3/../../../../arm-none-eabi/lib/armv7-m\libg_nano.a(lib_a-nano-freer.o)
 .ARM.attributes
                0x00000894       0x2d c:/program files (x86)/cypress/psoc creator/3.3/psoc creator/import/gnu/arm/4.9.3/bin/../lib/gcc/arm-none-eabi/4.9.3/../../../../arm-none-eabi/lib/armv7-m\libg_nano.a(lib_a-nano-mallocr.o)
 .ARM.attributes
                0x000008c1       0x2d c:/program files (x86)/cypress/psoc creator/3.3/psoc creator/import/gnu/arm/4.9.3/bin/../lib/gcc/arm-none-eabi/4.9.3/../../../../arm-none-eabi/lib/armv7-m\libg_nano.a(lib_a-nano-reallocr.o)
 .ARM.attributes
                0x000008ee       0x2d c:/program files (x86)/cypress/psoc creator/3.3/psoc creator/import/gnu/arm/4.9.3/bin/../lib/gcc/arm-none-eabi/4.9.3/../../../../arm-none-eabi/lib/armv7-m\libg_nano.a(lib_a-sbrkr.o)
 .ARM.attributes
                0x0000091b       0x2d c:/program files (x86)/cypress/psoc creator/3.3/psoc creator/import/gnu/arm/4.9.3/bin/../lib/gcc/arm-none-eabi/4.9.3/../../../../arm-none-eabi/lib/armv7-m\libg_nano.a(lib_a-nano-msizer.o)
 .ARM.attributes
                0x00000948       0x2d c:/program files (x86)/cypress/psoc creator/3.3/psoc creator/import/gnu/arm/4.9.3/bin/../lib/gcc/arm-none-eabi/4.9.3/../../../../arm-none-eabi/lib/armv7-m\libg_nano.a(lib_a-reent.o)
 .ARM.attributes
                0x00000975       0x2d c:/program files (x86)/cypress/psoc creator/3.3/psoc creator/import/gnu/arm/4.9.3/bin/../lib/gcc/arm-none-eabi/4.9.3/armv7-m/crtend.o
 .ARM.attributes
                0x000009a2       0x1d c:/program files (x86)/cypress/psoc creator/3.3/psoc creator/import/gnu/arm/4.9.3/bin/../lib/gcc/arm-none-eabi/4.9.3/armv7-m/crtn.o

/DISCARD/
 *(.note.GNU-stack)
OUTPUT(.\ARM_GCC_493\Debug\Lab3.elf elf32-littlearm)
