ARM GAS  C:\Users\Jonah\AppData\Local\Temp\cc1coCFd.s 			page 1


   1              		.syntax unified
   2              		.cpu cortex-m3
   3              		.fpu softvfp
   4              		.eabi_attribute 20, 1
   5              		.eabi_attribute 21, 1
   6              		.eabi_attribute 23, 3
   7              		.eabi_attribute 24, 1
   8              		.eabi_attribute 25, 1
   9              		.eabi_attribute 26, 1
  10              		.eabi_attribute 30, 6
  11              		.eabi_attribute 34, 1
  12              		.eabi_attribute 18, 4
  13              		.thumb
  14              		.file	"main.c"
  15              		.text
  16              	.Ltext0:
  17              		.cfi_sections	.debug_frame
  18              		.comm	recvChar,1,1
  19              		.comm	ledState,1,1
  20              		.comm	adcOut,4,4
  21              		.comm	EmulatedData,1,1
  22              		.comm	ContinuouslySendData,1,1
  23              		.comm	SendSingleByte,1,1
  24              		.comm	SendEmulatedData,1,1
  25              		.comm	TransmitBuffer,16,4
  26              		.section	.rodata
  27              		.align	2
  28              	.LC0:
  29 0000 61646320 		.ascii	"adc reads: %lu\015\012\000"
  29      72656164 
  29      733A2025 
  29      6C750D0A 
  29      00
  30              		.section	.text.ReadSerial,"ax",%progbits
  31              		.align	2
  32              		.global	ReadSerial
  33              		.thumb
  34              		.thumb_func
  35              		.type	ReadSerial, %function
  36              	ReadSerial:
  37              	.LFB63:
  38              		.file 1 ".\\main.c"
   1:.\main.c      **** /******************************************************************************
   2:.\main.c      **** * Project Name		: Lab 3
   3:.\main.c      **** * File Name			: main.c
   4:.\main.c      **** * Version 			: **
   5:.\main.c      **** * Device Used		: CY8C5888LTI-LP097
   6:.\main.c      **** * Software Used		: PSoC Creator 3.1 SP2
   7:.\main.c      **** * Compiler    		: ARM GCC 4.8.4, ARM RVDS Generic, ARM MDK Generic
   8:.\main.c      **** * Related Hardware	: CY8CKIT059 PSoC 5 LP Prototyping Kit 
   9:.\main.c      **** * Owner				: KLMZ
  10:.\main.c      **** *
  11:.\main.c      **** ********************************************************************************
  12:.\main.c      **** * Copyright (2015), Cypress Semiconductor Corporation. All Rights Reserved.
  13:.\main.c      **** ********************************************************************************
  14:.\main.c      **** * This software is owned by Cypress Semiconductor Corporation (Cypress)
  15:.\main.c      **** * and is protected by and subject to worldwide patent protection (United
ARM GAS  C:\Users\Jonah\AppData\Local\Temp\cc1coCFd.s 			page 2


  16:.\main.c      **** * States and foreign), United States copyright laws and international treaty
  17:.\main.c      **** * provisions. Cypress hereby grants to licensee a personal, non-exclusive,
  18:.\main.c      **** * non-transferable license to copy, use, modify, create derivative works of,
  19:.\main.c      **** * and compile the Cypress Source Code and derivative works for the sole
  20:.\main.c      **** * purpose of creating custom software in support of licensee product to be
  21:.\main.c      **** * used only in conjunction with a Cypress integrated circuit as specified in
  22:.\main.c      **** * the applicable agreement. Any reproduction, modification, translation,
  23:.\main.c      **** * compilation, or representation of this software except as specified above 
  24:.\main.c      **** * is prohibited without the express written permission of Cypress.
  25:.\main.c      **** *
  26:.\main.c      **** * Disclaimer: CYPRESS MAKES NO WARRANTY OF ANY KIND, EXPRESS OR IMPLIED, WITH 
  27:.\main.c      **** * REGARD TO THIS MATERIAL, INCLUDING, BUT NOT LIMITED TO, THE IMPLIED 
  28:.\main.c      **** * WARRANTIES OF MERCHANTABILITY AND FITNESS FOR A PARTICULAR PURPOSE.
  29:.\main.c      **** * Cypress reserves the right to make changes without further notice to the 
  30:.\main.c      **** * materials described herein. Cypress does not assume any liability arising out 
  31:.\main.c      **** * of the application or use of any product or circuit described herein. Cypress 
  32:.\main.c      **** * does not authorize its products for use as critical components in life-support 
  33:.\main.c      **** * systems where a malfunction or failure may reasonably be expected to result in 
  34:.\main.c      **** * significant injury to the user. The inclusion of Cypress' product in a life-
  35:.\main.c      **** * support systems application implies that the manufacturer assumes all risk of 
  36:.\main.c      **** * such use and in doing so indemnifies Cypress against all charges. 
  37:.\main.c      **** *
  38:.\main.c      **** * Use of this Software may be limited by and subject to the applicable Cypress
  39:.\main.c      **** * software license agreement. 
  40:.\main.c      **** 
  41:.\main.c      **** 
  42:.\main.c      **** 3GL, John Dempsey, Kwesi, Haitham
  43:.\main.c      **** *******************************************************************************/
  44:.\main.c      **** 
  45:.\main.c      **** #include <device.h>
  46:.\main.c      **** #include "stdio.h"
  47:.\main.c      **** 
  48:.\main.c      **** /* Project Defines */
  49:.\main.c      **** #define FALSE  0
  50:.\main.c      **** #define TRUE   1
  51:.\main.c      **** #define TRANSMIT_BUFFER_SIZE  16
  52:.\main.c      **** 
  53:.\main.c      **** 
  54:.\main.c      **** /*******************************************************************************
  55:.\main.c      **** * Function Name: main
  56:.\main.c      **** ********************************************************************************
  57:.\main.c      **** *
  58:.\main.c      **** * Summary:
  59:.\main.c      **** *  main() performs following functions:
  60:.\main.c      **** *  1: Starts the ADC and UART components.
  61:.\main.c      **** *  2: Checks for ADC end of conversion.  Stores latest result in output
  62:.\main.c      **** *     if conversion complete.
  63:.\main.c      **** *  3: Checks for UART input.
  64:.\main.c      **** *     On 'C' or 'c' received: transmits the last sample via the UART.
  65:.\main.c      **** *     On 'S' or 's' received: continuously transmits samples as they are completed.
  66:.\main.c      **** *     On 'X' or 'x' received: stops continuously transmitting samples.
  67:.\main.c      **** *     On 'E' or 'e' received: transmits a dummy byte of data.
  68:.\main.c      **** *
  69:.\main.c      **** * Parameters:
  70:.\main.c      **** *  None.
  71:.\main.c      **** *
  72:.\main.c      **** * Return:
ARM GAS  C:\Users\Jonah\AppData\Local\Temp\cc1coCFd.s 			page 3


  73:.\main.c      **** *  None.
  74:.\main.c      **** *
  75:.\main.c      **** *******************************************************************************/
  76:.\main.c      **** 
  77:.\main.c      **** 
  78:.\main.c      **** 
  79:.\main.c      **** uint8 recvChar;     //stores received char from UART on interrupt
  80:.\main.c      **** uint8 ledState;     //turns on and off the LED
  81:.\main.c      **** uint32 adcOut;      //stores ADC result
  82:.\main.c      **** 
  83:.\main.c      **** /* Variable used to send emulated data */
  84:.\main.c      **** uint8 EmulatedData;
  85:.\main.c      **** /* Flags used to store transmit data commands */
  86:.\main.c      **** uint8 ContinuouslySendData;
  87:.\main.c      **** uint8 SendSingleByte;
  88:.\main.c      **** uint8 SendEmulatedData;
  89:.\main.c      **** /* Transmit Buffer */
  90:.\main.c      **** char TransmitBuffer[TRANSMIT_BUFFER_SIZE];
  91:.\main.c      **** 
  92:.\main.c      **** 
  93:.\main.c      **** CY_ISR(ReadSerial) {
  39              		.loc 1 93 0
  40              		.cfi_startproc
  41              		@ args = 0, pretend = 0, frame = 0
  42              		@ frame_needed = 1, uses_anonymous_args = 0
  43 0000 80B5     		push	{r7, lr}
  44              		.cfi_def_cfa_offset 8
  45              		.cfi_offset 7, -8
  46              		.cfi_offset 14, -4
  47 0002 00AF     		add	r7, sp, #0
  48              		.cfi_def_cfa_register 7
  94:.\main.c      ****     //interpret the data
  95:.\main.c      ****     //S or s = switch between waveform and constant Voltage
  96:.\main.c      ****     //R or r = read voltage
  97:.\main.c      ****     //C or c = constant output data
  98:.\main.c      ****     //X or x = stop constantly outputting data
  99:.\main.c      ****     
 100:.\main.c      ****     
 101:.\main.c      ****     Debug_LED_ctrl_Write(ledState);
  49              		.loc 1 101 0
  50 0004 2D4B     		ldr	r3, .L15
  51 0006 1B78     		ldrb	r3, [r3]	@ zero_extendqisi2
  52 0008 1846     		mov	r0, r3
  53 000a FFF7FEFF 		bl	Debug_LED_ctrl_Write
 102:.\main.c      ****     if (ledState) {
  54              		.loc 1 102 0
  55 000e 2B4B     		ldr	r3, .L15
  56 0010 1B78     		ldrb	r3, [r3]	@ zero_extendqisi2
  57 0012 002B     		cmp	r3, #0
  58 0014 03D0     		beq	.L2
 103:.\main.c      ****         ledState = 0;   
  59              		.loc 1 103 0
  60 0016 294B     		ldr	r3, .L15
  61 0018 0022     		movs	r2, #0
  62 001a 1A70     		strb	r2, [r3]
  63 001c 02E0     		b	.L3
  64              	.L2:
ARM GAS  C:\Users\Jonah\AppData\Local\Temp\cc1coCFd.s 			page 4


 104:.\main.c      ****     } else {
 105:.\main.c      ****         ledState = 1;   
  65              		.loc 1 105 0
  66 001e 274B     		ldr	r3, .L15
  67 0020 0122     		movs	r2, #1
  68 0022 1A70     		strb	r2, [r3]
  69              	.L3:
 106:.\main.c      ****     }
 107:.\main.c      ****     
 108:.\main.c      ****     
 109:.\main.c      ****     
 110:.\main.c      ****     recvChar = UART_1_GetChar();
  70              		.loc 1 110 0
  71 0024 FFF7FEFF 		bl	UART_1_GetChar
  72 0028 0346     		mov	r3, r0
  73 002a 1A46     		mov	r2, r3
  74 002c 244B     		ldr	r3, .L15+4
  75 002e 1A70     		strb	r2, [r3]
 111:.\main.c      ****     switch(recvChar)
  76              		.loc 1 111 0
  77 0030 234B     		ldr	r3, .L15+4
  78 0032 1B78     		ldrb	r3, [r3]	@ zero_extendqisi2
  79 0034 582B     		cmp	r3, #88
  80 0036 3BD0     		beq	.L5
  81 0038 582B     		cmp	r3, #88
  82 003a 0BDC     		bgt	.L6
  83 003c 432B     		cmp	r3, #67
  84 003e 33D0     		beq	.L7
  85 0040 432B     		cmp	r3, #67
  86 0042 02DC     		bgt	.L8
  87 0044 002B     		cmp	r3, #0
  88 0046 37D0     		beq	.L14
 112:.\main.c      ****     {
 113:.\main.c      ****         case 0:
 114:.\main.c      ****             //no new data
 115:.\main.c      ****             break;
 116:.\main.c      ****         case 'S':
 117:.\main.c      ****         case 's':
 118:.\main.c      ****             //Switches between waveform DAC and voltage DAC
 119:.\main.c      ****             AMux_1_Select(ledState);
 120:.\main.c      ****             break;
 121:.\main.c      ****         case 'R':
 122:.\main.c      ****         case 'r':
 123:.\main.c      ****             //Reads data and sends it to UART
 124:.\main.c      ****             Control_Reg_1_Write(1);
 125:.\main.c      ****             
 126:.\main.c      ****             adcOut = ADC_DelSig_1_CountsTo_mVolts(ADC_DelSig_1_GetResult16());
 127:.\main.c      ****             sprintf(TransmitBuffer, "adc reads: %lu\r\n", adcOut);
 128:.\main.c      ****             UART_1_PutString(TransmitBuffer);
 129:.\main.c      ****             break;
 130:.\main.c      ****         case 'C':
 131:.\main.c      ****         case 'c':
 132:.\main.c      ****             //Continuously sends data
 133:.\main.c      ****             Control_Reg_1_Write(1);
 134:.\main.c      ****             break;
 135:.\main.c      ****         case 'X':
 136:.\main.c      ****         case 'x':
ARM GAS  C:\Users\Jonah\AppData\Local\Temp\cc1coCFd.s 			page 5


 137:.\main.c      ****             //Cancels continuously sending data
 138:.\main.c      ****             Control_Reg_1_Write(1);
 139:.\main.c      ****             break;
 140:.\main.c      ****         default:
 141:.\main.c      ****             // Place error handling code here
 142:.\main.c      ****             //lol no
 143:.\main.c      ****             break;    
  89              		.loc 1 143 0
  90 0048 37E0     		b	.L1
  91              	.L8:
 111:.\main.c      ****     switch(recvChar)
  92              		.loc 1 111 0
  93 004a 522B     		cmp	r3, #82
  94 004c 14D0     		beq	.L10
  95 004e 532B     		cmp	r3, #83
  96 0050 0CD0     		beq	.L11
  97              		.loc 1 143 0
  98 0052 32E0     		b	.L1
  99              	.L6:
 111:.\main.c      ****     switch(recvChar)
 100              		.loc 1 111 0
 101 0054 722B     		cmp	r3, #114
 102 0056 0FD0     		beq	.L10
 103 0058 722B     		cmp	r3, #114
 104 005a 02DC     		bgt	.L12
 105 005c 632B     		cmp	r3, #99
 106 005e 23D0     		beq	.L7
 107              		.loc 1 143 0
 108 0060 2BE0     		b	.L1
 109              	.L12:
 111:.\main.c      ****     switch(recvChar)
 110              		.loc 1 111 0
 111 0062 732B     		cmp	r3, #115
 112 0064 02D0     		beq	.L11
 113 0066 782B     		cmp	r3, #120
 114 0068 22D0     		beq	.L5
 115              		.loc 1 143 0
 116 006a 26E0     		b	.L1
 117              	.L11:
 119:.\main.c      ****             break;
 118              		.loc 1 119 0
 119 006c 134B     		ldr	r3, .L15
 120 006e 1B78     		ldrb	r3, [r3]	@ zero_extendqisi2
 121 0070 1846     		mov	r0, r3
 122 0072 FFF7FEFF 		bl	AMux_1_FastSelect
 120:.\main.c      ****         case 'R':
 123              		.loc 1 120 0
 124 0076 20E0     		b	.L1
 125              	.L10:
 124:.\main.c      ****             
 126              		.loc 1 124 0
 127 0078 0120     		movs	r0, #1
 128 007a FFF7FEFF 		bl	Control_Reg_1_Write
 126:.\main.c      ****             sprintf(TransmitBuffer, "adc reads: %lu\r\n", adcOut);
 129              		.loc 1 126 0
 130 007e FFF7FEFF 		bl	ADC_DelSig_1_GetResult16
 131 0082 0346     		mov	r3, r0
ARM GAS  C:\Users\Jonah\AppData\Local\Temp\cc1coCFd.s 			page 6


 132 0084 1846     		mov	r0, r3
 133 0086 FFF7FEFF 		bl	ADC_DelSig_1_CountsTo_mVolts
 134 008a 0346     		mov	r3, r0
 135 008c 1A46     		mov	r2, r3
 136 008e 0D4B     		ldr	r3, .L15+8
 137 0090 1A60     		str	r2, [r3]
 127:.\main.c      ****             UART_1_PutString(TransmitBuffer);
 138              		.loc 1 127 0
 139 0092 0C4B     		ldr	r3, .L15+8
 140 0094 1B68     		ldr	r3, [r3]
 141 0096 0C48     		ldr	r0, .L15+12
 142 0098 0C49     		ldr	r1, .L15+16
 143 009a 1A46     		mov	r2, r3
 144 009c FFF7FEFF 		bl	sprintf
 128:.\main.c      ****             break;
 145              		.loc 1 128 0
 146 00a0 0948     		ldr	r0, .L15+12
 147 00a2 FFF7FEFF 		bl	UART_1_PutString
 129:.\main.c      ****         case 'C':
 148              		.loc 1 129 0
 149 00a6 08E0     		b	.L1
 150              	.L7:
 133:.\main.c      ****             break;
 151              		.loc 1 133 0
 152 00a8 0120     		movs	r0, #1
 153 00aa FFF7FEFF 		bl	Control_Reg_1_Write
 134:.\main.c      ****         case 'X':
 154              		.loc 1 134 0
 155 00ae 04E0     		b	.L1
 156              	.L5:
 138:.\main.c      ****             break;
 157              		.loc 1 138 0
 158 00b0 0120     		movs	r0, #1
 159 00b2 FFF7FEFF 		bl	Control_Reg_1_Write
 139:.\main.c      ****         default:
 160              		.loc 1 139 0
 161 00b6 00E0     		b	.L1
 162              	.L14:
 115:.\main.c      ****         case 'S':
 163              		.loc 1 115 0
 164 00b8 00BF     		nop
 165              	.L1:
 144:.\main.c      ****     }
 145:.\main.c      ****         
 146:.\main.c      **** }
 166              		.loc 1 146 0
 167 00ba 80BD     		pop	{r7, pc}
 168              	.L16:
 169              		.align	2
 170              	.L15:
 171 00bc 00000000 		.word	ledState
 172 00c0 00000000 		.word	recvChar
 173 00c4 00000000 		.word	adcOut
 174 00c8 00000000 		.word	TransmitBuffer
 175 00cc 00000000 		.word	.LC0
 176              		.cfi_endproc
 177              	.LFE63:
ARM GAS  C:\Users\Jonah\AppData\Local\Temp\cc1coCFd.s 			page 7


 178              		.size	ReadSerial, .-ReadSerial
 179              		.section	.rodata
 180 0011 000000   		.align	2
 181              	.LC1:
 182 0014 434F4D20 		.ascii	"COM Port Open\000"
 182      506F7274 
 182      204F7065 
 182      6E00
 183 0022 0000     		.section	.text.main,"ax",%progbits
 184              		.align	2
 185              		.global	main
 186              		.thumb
 187              		.thumb_func
 188              		.type	main, %function
 189              	main:
 190              	.LFB64:
 147:.\main.c      **** 
 148:.\main.c      **** 
 149:.\main.c      **** 
 150:.\main.c      **** int main()
 151:.\main.c      **** {
 191              		.loc 1 151 0
 192              		.cfi_startproc
 193              		@ args = 0, pretend = 0, frame = 0
 194              		@ frame_needed = 1, uses_anonymous_args = 0
 195 0000 80B5     		push	{r7, lr}
 196              		.cfi_def_cfa_offset 8
 197              		.cfi_offset 7, -8
 198              		.cfi_offset 14, -4
 199 0002 00AF     		add	r7, sp, #0
 200              		.cfi_def_cfa_register 7
 152:.\main.c      ****     
 153:.\main.c      ****    
 154:.\main.c      ****     isr_1_StartEx(ReadSerial);      //attach the interrupt
 201              		.loc 1 154 0
 202 0004 1048     		ldr	r0, .L19
 203 0006 FFF7FEFF 		bl	isr_1_StartEx
 155:.\main.c      ****     CYGlobalIntEnable;              //this one line wasted like an hour
 204              		.loc 1 155 0
 205              	@ 155 ".\main.c" 1
 206 000a 62B6     		CPSIE   i
 207              	@ 0 "" 2
 156:.\main.c      ****     
 157:.\main.c      ****     /* Start the components */
 158:.\main.c      ****     ADC_DelSig_1_Start();
 208              		.loc 1 158 0
 209              		.thumb
 210 000c FFF7FEFF 		bl	ADC_DelSig_1_Start
 159:.\main.c      ****     UART_1_Start();
 211              		.loc 1 159 0
 212 0010 FFF7FEFF 		bl	UART_1_Start
 160:.\main.c      ****     UART_1_SetRxInterruptMode(UART_1_RX_STS_FIFO_NOTEMPTY);     //enable interrupts via software
 213              		.loc 1 160 0
 214 0014 2020     		movs	r0, #32
 215 0016 FFF7FEFF 		bl	UART_1_SetRxInterruptMode
 161:.\main.c      ****     VDAC8_1_Start();
 216              		.loc 1 161 0
ARM GAS  C:\Users\Jonah\AppData\Local\Temp\cc1coCFd.s 			page 8


 217 001a FFF7FEFF 		bl	VDAC8_1_Start
 162:.\main.c      ****     WaveDAC8_1_Start();
 218              		.loc 1 162 0
 219 001e FFF7FEFF 		bl	WaveDAC8_1_Start
 163:.\main.c      ****     AMux_1_Start();
 220              		.loc 1 163 0
 221 0022 FFF7FEFF 		bl	AMux_1_Start
 164:.\main.c      ****     AMux_1_Select(1);
 222              		.loc 1 164 0
 223 0026 0120     		movs	r0, #1
 224 0028 FFF7FEFF 		bl	AMux_1_FastSelect
 165:.\main.c      ****     //amux_1_
 166:.\main.c      ****     
 167:.\main.c      ****     //initialize variables
 168:.\main.c      ****     ledState = 1;
 225              		.loc 1 168 0
 226 002c 074B     		ldr	r3, .L19+4
 227 002e 0122     		movs	r2, #1
 228 0030 1A70     		strb	r2, [r3]
 169:.\main.c      ****     
 170:.\main.c      ****     Debug_LED_ctrl_Write(ledState);
 229              		.loc 1 170 0
 230 0032 064B     		ldr	r3, .L19+4
 231 0034 1B78     		ldrb	r3, [r3]	@ zero_extendqisi2
 232 0036 1846     		mov	r0, r3
 233 0038 FFF7FEFF 		bl	Debug_LED_ctrl_Write
 171:.\main.c      ****     
 172:.\main.c      ****     
 173:.\main.c      **** 
 174:.\main.c      ****     
 175:.\main.c      ****     
 176:.\main.c      ****     /* Start the ADC conversion */
 177:.\main.c      ****     ADC_DelSig_1_StartConvert();
 234              		.loc 1 177 0
 235 003c FFF7FEFF 		bl	ADC_DelSig_1_StartConvert
 178:.\main.c      ****     
 179:.\main.c      ****     /* Send message to verify COM port is connected properly */
 180:.\main.c      ****     UART_1_PutString("COM Port Open");
 236              		.loc 1 180 0
 237 0040 0348     		ldr	r0, .L19+8
 238 0042 FFF7FEFF 		bl	UART_1_PutString
 239              	.L18:
 181:.\main.c      ****     
 182:.\main.c      ****     for(;;)
 183:.\main.c      ****     {     
 184:.\main.c      ****         
 185:.\main.c      ****         /*
 186:.\main.c      ****         //UART_1_PutString("COM Port Open");
 187:.\main.c      ****         if(ADC_DelSig_1_IsEndConversion(ADC_DelSig_1_RETURN_STATUS))
 188:.\main.c      ****         {
 189:.\main.c      **** 
 190:.\main.c      ****             Output = ADC_DelSig_1_CountsTo_mVolts(ADC_DelSig_1_GetResult16());
 191:.\main.c      ****             
 192:.\main.c      ****             if(SendSingleByte || ContinuouslySendData)
 193:.\main.c      ****             {
 194:.\main.c      ****                 sprintf(TransmitBuffer, "Sample: %lu mV\r\n", Output);
 195:.\main.c      ****                 UART_1_PutString(TransmitBuffer);
ARM GAS  C:\Users\Jonah\AppData\Local\Temp\cc1coCFd.s 			page 9


 196:.\main.c      ****                 SendSingleByte = FALSE;
 197:.\main.c      ****             }
 198:.\main.c      ****             else if(SendEmulatedData)
 199:.\main.c      ****             {
 200:.\main.c      ****                 sprintf(TransmitBuffer, "Emulated Data: %x \r\n", EmulatedData);
 201:.\main.c      **** 
 202:.\main.c      ****                 UART_1_PutString(TransmitBuffer);
 203:.\main.c      ****                 EmulatedData++;
 204:.\main.c      ****                 SendEmulatedData = FALSE;   
 205:.\main.c      ****             }
 206:.\main.c      ****         }
 207:.\main.c      ****         */
 208:.\main.c      ****     }
 240              		.loc 1 208 0 discriminator 1
 241 0046 FEE7     		b	.L18
 242              	.L20:
 243              		.align	2
 244              	.L19:
 245 0048 00000000 		.word	ReadSerial
 246 004c 00000000 		.word	ledState
 247 0050 14000000 		.word	.LC1
 248              		.cfi_endproc
 249              	.LFE64:
 250              		.size	main, .-main
 251              		.text
 252              	.Letext0:
 253              		.file 2 "c:\\program files (x86)\\cypress\\psoc creator\\3.3\\psoc creator\\import\\gnu\\arm\\4.9.
 254              		.file 3 "c:\\program files (x86)\\cypress\\psoc creator\\3.3\\psoc creator\\import\\gnu\\arm\\4.9.
 255              		.file 4 "Generated_Source\\PSoC5/cytypes.h"
 256              		.file 5 "Generated_Source\\PSoC5/core_cm3.h"
 257              		.section	.debug_info,"",%progbits
 258              	.Ldebug_info0:
 259 0000 81010000 		.4byte	0x181
 260 0004 0400     		.2byte	0x4
 261 0006 00000000 		.4byte	.Ldebug_abbrev0
 262 000a 04       		.byte	0x4
 263 000b 01       		.uleb128 0x1
 264 000c 20000000 		.4byte	.LASF28
 265 0010 01       		.byte	0x1
 266 0011 DD000000 		.4byte	.LASF29
 267 0015 B8010000 		.4byte	.LASF30
 268 0019 00000000 		.4byte	.Ldebug_ranges0+0
 269 001d 00000000 		.4byte	0
 270 0021 00000000 		.4byte	.Ldebug_line0
 271 0025 02       		.uleb128 0x2
 272 0026 01       		.byte	0x1
 273 0027 06       		.byte	0x6
 274 0028 F2010000 		.4byte	.LASF0
 275 002c 02       		.uleb128 0x2
 276 002d 01       		.byte	0x1
 277 002e 08       		.byte	0x8
 278 002f CF000000 		.4byte	.LASF1
 279 0033 02       		.uleb128 0x2
 280 0034 02       		.byte	0x2
 281 0035 05       		.byte	0x5
 282 0036 A8010000 		.4byte	.LASF2
 283 003a 02       		.uleb128 0x2
ARM GAS  C:\Users\Jonah\AppData\Local\Temp\cc1coCFd.s 			page 10


 284 003b 02       		.byte	0x2
 285 003c 07       		.byte	0x7
 286 003d F8000000 		.4byte	.LASF3
 287 0041 03       		.uleb128 0x3
 288 0042 0D000000 		.4byte	.LASF9
 289 0046 02       		.byte	0x2
 290 0047 3F       		.byte	0x3f
 291 0048 4C000000 		.4byte	0x4c
 292 004c 02       		.uleb128 0x2
 293 004d 04       		.byte	0x4
 294 004e 05       		.byte	0x5
 295 004f E9010000 		.4byte	.LASF4
 296 0053 02       		.uleb128 0x2
 297 0054 04       		.byte	0x4
 298 0055 07       		.byte	0x7
 299 0056 E6000000 		.4byte	.LASF5
 300 005a 02       		.uleb128 0x2
 301 005b 08       		.byte	0x8
 302 005c 05       		.byte	0x5
 303 005d 95010000 		.4byte	.LASF6
 304 0061 02       		.uleb128 0x2
 305 0062 08       		.byte	0x8
 306 0063 07       		.byte	0x7
 307 0064 49010000 		.4byte	.LASF7
 308 0068 04       		.uleb128 0x4
 309 0069 04       		.byte	0x4
 310 006a 05       		.byte	0x5
 311 006b 696E7400 		.ascii	"int\000"
 312 006f 02       		.uleb128 0x2
 313 0070 04       		.byte	0x4
 314 0071 07       		.byte	0x7
 315 0072 3C010000 		.4byte	.LASF8
 316 0076 03       		.uleb128 0x3
 317 0077 75010000 		.4byte	.LASF10
 318 007b 03       		.byte	0x3
 319 007c 2C       		.byte	0x2c
 320 007d 41000000 		.4byte	0x41
 321 0081 05       		.uleb128 0x5
 322 0082 B2010000 		.4byte	.LASF11
 323 0086 04       		.byte	0x4
 324 0087 9201     		.2byte	0x192
 325 0089 2C000000 		.4byte	0x2c
 326 008d 05       		.uleb128 0x5
 327 008e 35010000 		.4byte	.LASF12
 328 0092 04       		.byte	0x4
 329 0093 9401     		.2byte	0x194
 330 0095 53000000 		.4byte	0x53
 331 0099 02       		.uleb128 0x2
 332 009a 04       		.byte	0x4
 333 009b 04       		.byte	0x4
 334 009c C2000000 		.4byte	.LASF13
 335 00a0 02       		.uleb128 0x2
 336 00a1 08       		.byte	0x8
 337 00a2 04       		.byte	0x4
 338 00a3 29010000 		.4byte	.LASF14
 339 00a7 02       		.uleb128 0x2
 340 00a8 01       		.byte	0x1
ARM GAS  C:\Users\Jonah\AppData\Local\Temp\cc1coCFd.s 			page 11


 341 00a9 08       		.byte	0x8
 342 00aa A3010000 		.4byte	.LASF15
 343 00ae 02       		.uleb128 0x2
 344 00af 04       		.byte	0x4
 345 00b0 07       		.byte	0x7
 346 00b1 8C010000 		.4byte	.LASF16
 347 00b5 06       		.uleb128 0x6
 348 00b6 AE000000 		.4byte	.LASF17
 349 00ba 01       		.byte	0x1
 350 00bb 5D       		.byte	0x5d
 351 00bc 00000000 		.4byte	.LFB63
 352 00c0 D0000000 		.4byte	.LFE63-.LFB63
 353 00c4 01       		.uleb128 0x1
 354 00c5 9C       		.byte	0x9c
 355 00c6 07       		.uleb128 0x7
 356 00c7 30010000 		.4byte	.LASF18
 357 00cb 01       		.byte	0x1
 358 00cc 96       		.byte	0x96
 359 00cd 68000000 		.4byte	0x68
 360 00d1 00000000 		.4byte	.LFB64
 361 00d5 54000000 		.4byte	.LFE64-.LFB64
 362 00d9 01       		.uleb128 0x1
 363 00da 9C       		.byte	0x9c
 364 00db 08       		.uleb128 0x8
 365 00dc 0B010000 		.4byte	.LASF19
 366 00e0 05       		.byte	0x5
 367 00e1 9606     		.2byte	0x696
 368 00e3 E7000000 		.4byte	0xe7
 369 00e7 09       		.uleb128 0x9
 370 00e8 76000000 		.4byte	0x76
 371 00ec 0A       		.uleb128 0xa
 372 00ed B9000000 		.4byte	.LASF20
 373 00f1 01       		.byte	0x1
 374 00f2 4F       		.byte	0x4f
 375 00f3 81000000 		.4byte	0x81
 376 00f7 05       		.uleb128 0x5
 377 00f8 03       		.byte	0x3
 378 00f9 00000000 		.4byte	recvChar
 379 00fd 0A       		.uleb128 0xa
 380 00fe 17000000 		.4byte	.LASF21
 381 0102 01       		.byte	0x1
 382 0103 50       		.byte	0x50
 383 0104 81000000 		.4byte	0x81
 384 0108 05       		.uleb128 0x5
 385 0109 03       		.byte	0x3
 386 010a 00000000 		.4byte	ledState
 387 010e 0A       		.uleb128 0xa
 388 010f C8000000 		.4byte	.LASF22
 389 0113 01       		.byte	0x1
 390 0114 51       		.byte	0x51
 391 0115 8D000000 		.4byte	0x8d
 392 0119 05       		.uleb128 0x5
 393 011a 03       		.byte	0x3
 394 011b 00000000 		.4byte	adcOut
 395 011f 0A       		.uleb128 0xa
 396 0120 00000000 		.4byte	.LASF23
 397 0124 01       		.byte	0x1
ARM GAS  C:\Users\Jonah\AppData\Local\Temp\cc1coCFd.s 			page 12


 398 0125 54       		.byte	0x54
 399 0126 81000000 		.4byte	0x81
 400 012a 05       		.uleb128 0x5
 401 012b 03       		.byte	0x3
 402 012c 00000000 		.4byte	EmulatedData
 403 0130 0A       		.uleb128 0xa
 404 0131 60010000 		.4byte	.LASF24
 405 0135 01       		.byte	0x1
 406 0136 56       		.byte	0x56
 407 0137 81000000 		.4byte	0x81
 408 013b 05       		.uleb128 0x5
 409 013c 03       		.byte	0x3
 410 013d 00000000 		.4byte	ContinuouslySendData
 411 0141 0A       		.uleb128 0xa
 412 0142 FE010000 		.4byte	.LASF25
 413 0146 01       		.byte	0x1
 414 0147 57       		.byte	0x57
 415 0148 81000000 		.4byte	0x81
 416 014c 05       		.uleb128 0x5
 417 014d 03       		.byte	0x3
 418 014e 00000000 		.4byte	SendSingleByte
 419 0152 0A       		.uleb128 0xa
 420 0153 18010000 		.4byte	.LASF26
 421 0157 01       		.byte	0x1
 422 0158 58       		.byte	0x58
 423 0159 81000000 		.4byte	0x81
 424 015d 05       		.uleb128 0x5
 425 015e 03       		.byte	0x3
 426 015f 00000000 		.4byte	SendEmulatedData
 427 0163 0B       		.uleb128 0xb
 428 0164 A7000000 		.4byte	0xa7
 429 0168 73010000 		.4byte	0x173
 430 016c 0C       		.uleb128 0xc
 431 016d AE000000 		.4byte	0xae
 432 0171 0F       		.byte	0xf
 433 0172 00       		.byte	0
 434 0173 0A       		.uleb128 0xa
 435 0174 7D010000 		.4byte	.LASF27
 436 0178 01       		.byte	0x1
 437 0179 5A       		.byte	0x5a
 438 017a 63010000 		.4byte	0x163
 439 017e 05       		.uleb128 0x5
 440 017f 03       		.byte	0x3
 441 0180 00000000 		.4byte	TransmitBuffer
 442 0184 00       		.byte	0
 443              		.section	.debug_abbrev,"",%progbits
 444              	.Ldebug_abbrev0:
 445 0000 01       		.uleb128 0x1
 446 0001 11       		.uleb128 0x11
 447 0002 01       		.byte	0x1
 448 0003 25       		.uleb128 0x25
 449 0004 0E       		.uleb128 0xe
 450 0005 13       		.uleb128 0x13
 451 0006 0B       		.uleb128 0xb
 452 0007 03       		.uleb128 0x3
 453 0008 0E       		.uleb128 0xe
 454 0009 1B       		.uleb128 0x1b
ARM GAS  C:\Users\Jonah\AppData\Local\Temp\cc1coCFd.s 			page 13


 455 000a 0E       		.uleb128 0xe
 456 000b 55       		.uleb128 0x55
 457 000c 17       		.uleb128 0x17
 458 000d 11       		.uleb128 0x11
 459 000e 01       		.uleb128 0x1
 460 000f 10       		.uleb128 0x10
 461 0010 17       		.uleb128 0x17
 462 0011 00       		.byte	0
 463 0012 00       		.byte	0
 464 0013 02       		.uleb128 0x2
 465 0014 24       		.uleb128 0x24
 466 0015 00       		.byte	0
 467 0016 0B       		.uleb128 0xb
 468 0017 0B       		.uleb128 0xb
 469 0018 3E       		.uleb128 0x3e
 470 0019 0B       		.uleb128 0xb
 471 001a 03       		.uleb128 0x3
 472 001b 0E       		.uleb128 0xe
 473 001c 00       		.byte	0
 474 001d 00       		.byte	0
 475 001e 03       		.uleb128 0x3
 476 001f 16       		.uleb128 0x16
 477 0020 00       		.byte	0
 478 0021 03       		.uleb128 0x3
 479 0022 0E       		.uleb128 0xe
 480 0023 3A       		.uleb128 0x3a
 481 0024 0B       		.uleb128 0xb
 482 0025 3B       		.uleb128 0x3b
 483 0026 0B       		.uleb128 0xb
 484 0027 49       		.uleb128 0x49
 485 0028 13       		.uleb128 0x13
 486 0029 00       		.byte	0
 487 002a 00       		.byte	0
 488 002b 04       		.uleb128 0x4
 489 002c 24       		.uleb128 0x24
 490 002d 00       		.byte	0
 491 002e 0B       		.uleb128 0xb
 492 002f 0B       		.uleb128 0xb
 493 0030 3E       		.uleb128 0x3e
 494 0031 0B       		.uleb128 0xb
 495 0032 03       		.uleb128 0x3
 496 0033 08       		.uleb128 0x8
 497 0034 00       		.byte	0
 498 0035 00       		.byte	0
 499 0036 05       		.uleb128 0x5
 500 0037 16       		.uleb128 0x16
 501 0038 00       		.byte	0
 502 0039 03       		.uleb128 0x3
 503 003a 0E       		.uleb128 0xe
 504 003b 3A       		.uleb128 0x3a
 505 003c 0B       		.uleb128 0xb
 506 003d 3B       		.uleb128 0x3b
 507 003e 05       		.uleb128 0x5
 508 003f 49       		.uleb128 0x49
 509 0040 13       		.uleb128 0x13
 510 0041 00       		.byte	0
 511 0042 00       		.byte	0
ARM GAS  C:\Users\Jonah\AppData\Local\Temp\cc1coCFd.s 			page 14


 512 0043 06       		.uleb128 0x6
 513 0044 2E       		.uleb128 0x2e
 514 0045 00       		.byte	0
 515 0046 3F       		.uleb128 0x3f
 516 0047 19       		.uleb128 0x19
 517 0048 03       		.uleb128 0x3
 518 0049 0E       		.uleb128 0xe
 519 004a 3A       		.uleb128 0x3a
 520 004b 0B       		.uleb128 0xb
 521 004c 3B       		.uleb128 0x3b
 522 004d 0B       		.uleb128 0xb
 523 004e 27       		.uleb128 0x27
 524 004f 19       		.uleb128 0x19
 525 0050 11       		.uleb128 0x11
 526 0051 01       		.uleb128 0x1
 527 0052 12       		.uleb128 0x12
 528 0053 06       		.uleb128 0x6
 529 0054 40       		.uleb128 0x40
 530 0055 18       		.uleb128 0x18
 531 0056 9642     		.uleb128 0x2116
 532 0058 19       		.uleb128 0x19
 533 0059 00       		.byte	0
 534 005a 00       		.byte	0
 535 005b 07       		.uleb128 0x7
 536 005c 2E       		.uleb128 0x2e
 537 005d 00       		.byte	0
 538 005e 3F       		.uleb128 0x3f
 539 005f 19       		.uleb128 0x19
 540 0060 03       		.uleb128 0x3
 541 0061 0E       		.uleb128 0xe
 542 0062 3A       		.uleb128 0x3a
 543 0063 0B       		.uleb128 0xb
 544 0064 3B       		.uleb128 0x3b
 545 0065 0B       		.uleb128 0xb
 546 0066 49       		.uleb128 0x49
 547 0067 13       		.uleb128 0x13
 548 0068 11       		.uleb128 0x11
 549 0069 01       		.uleb128 0x1
 550 006a 12       		.uleb128 0x12
 551 006b 06       		.uleb128 0x6
 552 006c 40       		.uleb128 0x40
 553 006d 18       		.uleb128 0x18
 554 006e 9642     		.uleb128 0x2116
 555 0070 19       		.uleb128 0x19
 556 0071 00       		.byte	0
 557 0072 00       		.byte	0
 558 0073 08       		.uleb128 0x8
 559 0074 34       		.uleb128 0x34
 560 0075 00       		.byte	0
 561 0076 03       		.uleb128 0x3
 562 0077 0E       		.uleb128 0xe
 563 0078 3A       		.uleb128 0x3a
 564 0079 0B       		.uleb128 0xb
 565 007a 3B       		.uleb128 0x3b
 566 007b 05       		.uleb128 0x5
 567 007c 49       		.uleb128 0x49
 568 007d 13       		.uleb128 0x13
ARM GAS  C:\Users\Jonah\AppData\Local\Temp\cc1coCFd.s 			page 15


 569 007e 3F       		.uleb128 0x3f
 570 007f 19       		.uleb128 0x19
 571 0080 3C       		.uleb128 0x3c
 572 0081 19       		.uleb128 0x19
 573 0082 00       		.byte	0
 574 0083 00       		.byte	0
 575 0084 09       		.uleb128 0x9
 576 0085 35       		.uleb128 0x35
 577 0086 00       		.byte	0
 578 0087 49       		.uleb128 0x49
 579 0088 13       		.uleb128 0x13
 580 0089 00       		.byte	0
 581 008a 00       		.byte	0
 582 008b 0A       		.uleb128 0xa
 583 008c 34       		.uleb128 0x34
 584 008d 00       		.byte	0
 585 008e 03       		.uleb128 0x3
 586 008f 0E       		.uleb128 0xe
 587 0090 3A       		.uleb128 0x3a
 588 0091 0B       		.uleb128 0xb
 589 0092 3B       		.uleb128 0x3b
 590 0093 0B       		.uleb128 0xb
 591 0094 49       		.uleb128 0x49
 592 0095 13       		.uleb128 0x13
 593 0096 3F       		.uleb128 0x3f
 594 0097 19       		.uleb128 0x19
 595 0098 02       		.uleb128 0x2
 596 0099 18       		.uleb128 0x18
 597 009a 00       		.byte	0
 598 009b 00       		.byte	0
 599 009c 0B       		.uleb128 0xb
 600 009d 01       		.uleb128 0x1
 601 009e 01       		.byte	0x1
 602 009f 49       		.uleb128 0x49
 603 00a0 13       		.uleb128 0x13
 604 00a1 01       		.uleb128 0x1
 605 00a2 13       		.uleb128 0x13
 606 00a3 00       		.byte	0
 607 00a4 00       		.byte	0
 608 00a5 0C       		.uleb128 0xc
 609 00a6 21       		.uleb128 0x21
 610 00a7 00       		.byte	0
 611 00a8 49       		.uleb128 0x49
 612 00a9 13       		.uleb128 0x13
 613 00aa 2F       		.uleb128 0x2f
 614 00ab 0B       		.uleb128 0xb
 615 00ac 00       		.byte	0
 616 00ad 00       		.byte	0
 617 00ae 00       		.byte	0
 618              		.section	.debug_aranges,"",%progbits
 619 0000 24000000 		.4byte	0x24
 620 0004 0200     		.2byte	0x2
 621 0006 00000000 		.4byte	.Ldebug_info0
 622 000a 04       		.byte	0x4
 623 000b 00       		.byte	0
 624 000c 0000     		.2byte	0
 625 000e 0000     		.2byte	0
ARM GAS  C:\Users\Jonah\AppData\Local\Temp\cc1coCFd.s 			page 16


 626 0010 00000000 		.4byte	.LFB63
 627 0014 D0000000 		.4byte	.LFE63-.LFB63
 628 0018 00000000 		.4byte	.LFB64
 629 001c 54000000 		.4byte	.LFE64-.LFB64
 630 0020 00000000 		.4byte	0
 631 0024 00000000 		.4byte	0
 632              		.section	.debug_ranges,"",%progbits
 633              	.Ldebug_ranges0:
 634 0000 00000000 		.4byte	.LFB63
 635 0004 D0000000 		.4byte	.LFE63
 636 0008 00000000 		.4byte	.LFB64
 637 000c 54000000 		.4byte	.LFE64
 638 0010 00000000 		.4byte	0
 639 0014 00000000 		.4byte	0
 640              		.section	.debug_line,"",%progbits
 641              	.Ldebug_line0:
 642 0000 B1010000 		.section	.debug_str,"MS",%progbits,1
 642      02004901 
 642      00000201 
 642      FB0E0D00 
 642      01010101 
 643              	.LASF23:
 644 0000 456D756C 		.ascii	"EmulatedData\000"
 644      61746564 
 644      44617461 
 644      00
 645              	.LASF9:
 646 000d 5F5F696E 		.ascii	"__int32_t\000"
 646      7433325F 
 646      7400
 647              	.LASF21:
 648 0017 6C656453 		.ascii	"ledState\000"
 648      74617465 
 648      00
 649              	.LASF28:
 650 0020 474E5520 		.ascii	"GNU C 4.9.3 20150303 (release) [ARM/embedded-4_9-br"
 650      4320342E 
 650      392E3320 
 650      32303135 
 650      30333033 
 651 0053 616E6368 		.ascii	"anch revision 221220] -mcpu=cortex-m3 -mthumb -g -O"
 651      20726576 
 651      6973696F 
 651      6E203232 
 651      31323230 
 652 0086 30202D66 		.ascii	"0 -ffunction-sections -ffat-lto-objects\000"
 652      66756E63 
 652      74696F6E 
 652      2D736563 
 652      74696F6E 
 653              	.LASF17:
 654 00ae 52656164 		.ascii	"ReadSerial\000"
 654      53657269 
 654      616C00
 655              	.LASF20:
 656 00b9 72656376 		.ascii	"recvChar\000"
 656      43686172 
ARM GAS  C:\Users\Jonah\AppData\Local\Temp\cc1coCFd.s 			page 17


 656      00
 657              	.LASF13:
 658 00c2 666C6F61 		.ascii	"float\000"
 658      7400
 659              	.LASF22:
 660 00c8 6164634F 		.ascii	"adcOut\000"
 660      757400
 661              	.LASF1:
 662 00cf 756E7369 		.ascii	"unsigned char\000"
 662      676E6564 
 662      20636861 
 662      7200
 663              	.LASF29:
 664 00dd 2E5C6D61 		.ascii	".\\main.c\000"
 664      696E2E63 
 664      00
 665              	.LASF5:
 666 00e6 6C6F6E67 		.ascii	"long unsigned int\000"
 666      20756E73 
 666      69676E65 
 666      6420696E 
 666      7400
 667              	.LASF3:
 668 00f8 73686F72 		.ascii	"short unsigned int\000"
 668      7420756E 
 668      7369676E 
 668      65642069 
 668      6E7400
 669              	.LASF19:
 670 010b 49544D5F 		.ascii	"ITM_RxBuffer\000"
 670      52784275 
 670      66666572 
 670      00
 671              	.LASF26:
 672 0118 53656E64 		.ascii	"SendEmulatedData\000"
 672      456D756C 
 672      61746564 
 672      44617461 
 672      00
 673              	.LASF14:
 674 0129 646F7562 		.ascii	"double\000"
 674      6C6500
 675              	.LASF18:
 676 0130 6D61696E 		.ascii	"main\000"
 676      00
 677              	.LASF12:
 678 0135 75696E74 		.ascii	"uint32\000"
 678      333200
 679              	.LASF8:
 680 013c 756E7369 		.ascii	"unsigned int\000"
 680      676E6564 
 680      20696E74 
 680      00
 681              	.LASF7:
 682 0149 6C6F6E67 		.ascii	"long long unsigned int\000"
 682      206C6F6E 
 682      6720756E 
ARM GAS  C:\Users\Jonah\AppData\Local\Temp\cc1coCFd.s 			page 18


 682      7369676E 
 682      65642069 
 683              	.LASF24:
 684 0160 436F6E74 		.ascii	"ContinuouslySendData\000"
 684      696E756F 
 684      75736C79 
 684      53656E64 
 684      44617461 
 685              	.LASF10:
 686 0175 696E7433 		.ascii	"int32_t\000"
 686      325F7400 
 687              	.LASF27:
 688 017d 5472616E 		.ascii	"TransmitBuffer\000"
 688      736D6974 
 688      42756666 
 688      657200
 689              	.LASF16:
 690 018c 73697A65 		.ascii	"sizetype\000"
 690      74797065 
 690      00
 691              	.LASF6:
 692 0195 6C6F6E67 		.ascii	"long long int\000"
 692      206C6F6E 
 692      6720696E 
 692      7400
 693              	.LASF15:
 694 01a3 63686172 		.ascii	"char\000"
 694      00
 695              	.LASF2:
 696 01a8 73686F72 		.ascii	"short int\000"
 696      7420696E 
 696      7400
 697              	.LASF11:
 698 01b2 75696E74 		.ascii	"uint8\000"
 698      3800
 699              	.LASF30:
 700 01b8 453A5C44 		.ascii	"E:\\Documents\\PSoC Creator\\engr478labs\\Lab3.cyds"
 700      6F63756D 
 700      656E7473 
 700      5C50536F 
 700      43204372 
 701 01e7 6E00     		.ascii	"n\000"
 702              	.LASF4:
 703 01e9 6C6F6E67 		.ascii	"long int\000"
 703      20696E74 
 703      00
 704              	.LASF0:
 705 01f2 7369676E 		.ascii	"signed char\000"
 705      65642063 
 705      68617200 
 706              	.LASF25:
 707 01fe 53656E64 		.ascii	"SendSingleByte\000"
 707      53696E67 
 707      6C654279 
 707      746500
 708              		.ident	"GCC: (GNU Tools for ARM Embedded Processors) 4.9.3 20150303 (release) [ARM/embedded-4_9-br
