Archive member included because of file (symbol)

.\ARM_GCC_493\Debug\CE95277 ADC and UART.a(cyfitter_cfg.o)
                              .\ARM_GCC_493\Debug\Cm3Start.o (cyfitter_cfg)
.\ARM_GCC_493\Debug\CE95277 ADC and UART.a(ADC_DelSig_1.o)
                              .\ARM_GCC_493\Debug\main.o (ADC_DelSig_1_Start)
.\ARM_GCC_493\Debug\CE95277 ADC and UART.a(ADC_DelSig_1_INT.o)
                              .\ARM_GCC_493\Debug\CE95277 ADC and UART.a(ADC_DelSig_1.o) (ADC_DelSig_1_ISR1)
.\ARM_GCC_493\Debug\CE95277 ADC and UART.a(UART_1.o)
                              .\ARM_GCC_493\Debug\main.o (UART_1_Start)
.\ARM_GCC_493\Debug\CE95277 ADC and UART.a(ADC_DelSig_1_AMux.o)
                              .\ARM_GCC_493\Debug\CE95277 ADC and UART.a(ADC_DelSig_1.o) (ADC_DelSig_1_AMux_Select)
.\ARM_GCC_493\Debug\CE95277 ADC and UART.a(ADC_DelSig_1_Ext_CP_Clk.o)
                              .\ARM_GCC_493\Debug\CE95277 ADC and UART.a(ADC_DelSig_1.o) (ADC_DelSig_1_Ext_CP_Clk_SetDividerRegister)
.\ARM_GCC_493\Debug\CE95277 ADC and UART.a(ADC_DelSig_1_theACLK.o)
                              .\ARM_GCC_493\Debug\CE95277 ADC and UART.a(ADC_DelSig_1.o) (ADC_DelSig_1_theACLK_SetDividerRegister)
.\ARM_GCC_493\Debug\CE95277 ADC and UART.a(UART_1_IntClock.o)
                              .\ARM_GCC_493\Debug\CE95277 ADC and UART.a(UART_1.o) (UART_1_IntClock_Start)
.\ARM_GCC_493\Debug\CE95277 ADC and UART.a(CyBootAsmGnu.o)
                              .\ARM_GCC_493\Debug\CE95277 ADC and UART.a(cyfitter_cfg.o) (CyDelayCycles)
.\ARM_GCC_493\Debug\CE95277 ADC and UART.a(CyLib.o)
                              .\ARM_GCC_493\Debug\Cm3Start.o (CyResetStatus)
.\ARM_GCC_493\Debug\CE95277 ADC and UART.a(cyPm.o)
                              .\ARM_GCC_493\Debug\CE95277 ADC and UART.a(CyLib.o) (CyPmReadStatus)
.\ARM_GCC_493\Debug\CE95277 ADC and UART.a(CyFlash.o)
                              .\ARM_GCC_493\Debug\CE95277 ADC and UART.a(cyPm.o) (CyFlash_SetWaitCycles)
.\ARM_GCC_493\Debug\CE95277 ADC and UART.a(CySpc.o)
                              .\ARM_GCC_493\Debug\CE95277 ADC and UART.a(CyFlash.o) (CySpcStart)
c:/program files (x86)/cypress/psoc creator/3.3/psoc creator/import/gnu/arm/4.9.3/bin/../lib/gcc/arm-none-eabi/4.9.3/armv7-m\libgcc.a(_arm_addsubdf3.o)
                              .\ARM_GCC_493\Debug\CE95277 ADC and UART.a(ADC_DelSig_1.o) (__aeabi_f2d)
c:/program files (x86)/cypress/psoc creator/3.3/psoc creator/import/gnu/arm/4.9.3/bin/../lib/gcc/arm-none-eabi/4.9.3/armv7-m\libgcc.a(_arm_cmpdf2.o)
                              .\ARM_GCC_493\Debug\CE95277 ADC and UART.a(ADC_DelSig_1.o) (__aeabi_dcmpgt)
c:/program files (x86)/cypress/psoc creator/3.3/psoc creator/import/gnu/arm/4.9.3/bin/../lib/gcc/arm-none-eabi/4.9.3/armv7-m\libgcc.a(_arm_addsubsf3.o)
                              .\ARM_GCC_493\Debug\CE95277 ADC and UART.a(ADC_DelSig_1.o) (__aeabi_ui2f)
c:/program files (x86)/cypress/psoc creator/3.3/psoc creator/import/gnu/arm/4.9.3/bin/../lib/gcc/arm-none-eabi/4.9.3/armv7-m\libgcc.a(_arm_muldivsf3.o)
                              .\ARM_GCC_493\Debug\CE95277 ADC and UART.a(ADC_DelSig_1.o) (__aeabi_fmul)
c:/program files (x86)/cypress/psoc creator/3.3/psoc creator/import/gnu/arm/4.9.3/bin/../lib/gcc/arm-none-eabi/4.9.3/armv7-m\libgcc.a(_arm_fixunssfsi.o)
                              .\ARM_GCC_493\Debug\CE95277 ADC and UART.a(ADC_DelSig_1.o) (__aeabi_f2uiz)
c:/program files (x86)/cypress/psoc creator/3.3/psoc creator/import/gnu/arm/4.9.3/bin/../lib/gcc/arm-none-eabi/4.9.3/../../../../arm-none-eabi/lib/armv7-m\libg_nano.a(lib_a-errno.o)
                              .\ARM_GCC_493\Debug\Cm3Start.o (__errno)
c:/program files (x86)/cypress/psoc creator/3.3/psoc creator/import/gnu/arm/4.9.3/bin/../lib/gcc/arm-none-eabi/4.9.3/../../../../arm-none-eabi/lib/armv7-m\libg_nano.a(lib_a-exit.o)
                              c:/program files (x86)/cypress/psoc creator/3.3/psoc creator/import/gnu/arm/4.9.3/bin/../lib/gcc/arm-none-eabi/4.9.3/../../../../arm-none-eabi/lib/armv7-m/crt0.o (exit)
c:/program files (x86)/cypress/psoc creator/3.3/psoc creator/import/gnu/arm/4.9.3/bin/../lib/gcc/arm-none-eabi/4.9.3/../../../../arm-none-eabi/lib/armv7-m\libg_nano.a(lib_a-impure.o)
                              c:/program files (x86)/cypress/psoc creator/3.3/psoc creator/import/gnu/arm/4.9.3/bin/../lib/gcc/arm-none-eabi/4.9.3/../../../../arm-none-eabi/lib/armv7-m\libg_nano.a(lib_a-exit.o) (_global_impure_ptr)
c:/program files (x86)/cypress/psoc creator/3.3/psoc creator/import/gnu/arm/4.9.3/bin/../lib/gcc/arm-none-eabi/4.9.3/../../../../arm-none-eabi/lib/armv7-m\libg_nano.a(lib_a-init.o)
                              c:/program files (x86)/cypress/psoc creator/3.3/psoc creator/import/gnu/arm/4.9.3/bin/../lib/gcc/arm-none-eabi/4.9.3/../../../../arm-none-eabi/lib/armv7-m/crt0.o (__libc_init_array)
[...]
Memory Configuration

Name             Origin             Length             Attributes
rom              0x00000000         0x00040000         xr
ram              0x1fff8000         0x00010000         xrw
*default*        0x00000000         0xffffffff

Linker script and memory map

LOAD c:/program files (x86)/cypress/psoc creator/3.3/psoc creator/import/gnu/arm/4.9.3/bin/../lib/gcc/arm-none-eabi/4.9.3/armv7-m/crti.o
LOAD c:/program files (x86)/cypress/psoc creator/3.3/psoc creator/import/gnu/arm/4.9.3/bin/../lib/gcc/arm-none-eabi/4.9.3/armv7-m/crtbegin.o
LOAD c:/program files (x86)/cypress/psoc creator/3.3/psoc creator/import/gnu/arm/4.9.3/bin/../lib/gcc/arm-none-eabi/4.9.3/../../../../arm-none-eabi/lib/armv7-m/crt0.o
START GROUP
LOAD .\ARM_GCC_493\Debug\main.o
LOAD .\ARM_GCC_493\Debug\cymetadata.o
LOAD .\ARM_GCC_493\Debug\Cm3Start.o
LOAD .\ARM_GCC_493\Debug\CE95277 ADC and UART.a
LOAD C:\Program Files (x86)\Cypress\PSoC Creator\3.3\PSoC Creator\psoc\content\cycomponentlibrary\CyComponentLibrary.cylib\CortexM3\ARM_GCC_493\Debug\CyComponentLibrary.a
END GROUP
START GROUP
LOAD c:/program files (x86)/cypress/psoc creator/3.3/psoc creator/import/gnu/arm/4.9.3/bin/../lib/gcc/arm-none-eabi/4.9.3/armv7-m\libgcc.a
LOAD c:/program files (x86)/cypress/psoc creator/3.3/psoc creator/import/gnu/arm/4.9.3/bin/../lib/gcc/arm-none-eabi/4.9.3/../../../../arm-none-eabi/lib/armv7-m\libg_nano.a
LOAD c:/program files (x86)/cypress/psoc creator/3.3/psoc creator/import/gnu/arm/4.9.3/bin/../lib/gcc/arm-none-eabi/4.9.3/../../../../arm-none-eabi/lib/armv7-m\libc_nano.a
END GROUP
START GROUP
LOAD c:/program files (x86)/cypress/psoc creator/3.3/psoc creator/import/gnu/arm/4.9.3/bin/../lib/gcc/arm-none-eabi/4.9.3/armv7-m\libgcc.a
LOAD c:/program files (x86)/cypress/psoc creator/3.3/psoc creator/import/gnu/arm/4.9.3/bin/../lib/gcc/arm-none-eabi/4.9.3/../../../../arm-none-eabi/lib/armv7-m\libc_nano.a
END GROUP
LOAD c:/program files (x86)/cypress/psoc creator/3.3/psoc creator/import/gnu/arm/4.9.3/bin/../lib/gcc/arm-none-eabi/4.9.3/armv7-m/crtend.o
LOAD c:/program files (x86)/cypress/psoc creator/3.3/psoc creator/import/gnu/arm/4.9.3/bin/../lib/gcc/arm-none-eabi/4.9.3/armv7-m/crtn.o
START GROUP
LOAD c:/program files (x86)/cypress/psoc creator/3.3/psoc creator/import/gnu/arm/4.9.3/bin/../lib/gcc/arm-none-eabi/4.9.3/armv7-m\libgcc.a
LOAD c:/program files (x86)/cypress/psoc creator/3.3/psoc creator/import/gnu/arm/4.9.3/bin/../lib/gcc/arm-none-eabi/4.9.3/../../../../arm-none-eabi/lib/armv7-m\libc.a
LOAD c:/program files (x86)/cypress/psoc creator/3.3/psoc creator/import/gnu/arm/4.9.3/bin/../lib/gcc/arm-none-eabi/4.9.3/../../../../arm-none-eabi/lib/armv7-m\libnosys.a
END GROUP
                0x00000000                CY_APPL_ORIGIN = 0x0
                0x00000100                CY_FLASH_ROW_SIZE = 0x100
                0x00000020                CY_ECC_ROW_SIZE = 0x20
                0x00000000                CY_EE_IN_BTLDR = 0x0
                0x00000000                CY_APPL_LOADABLE = 0x0
                0x00000800                CY_EE_SIZE = 0x800
                0x00000001                CY_APPL_NUM = 0x1
                0x00000001                CY_APPL_MAX = 0x1
                0x00000040                CY_METADATA_SIZE = 0x40
                0x00000000                CY_APPL_LOADABLE = 0x0
                0x00000000                CY_CHECKSUM_EXCLUDE_SIZE = ALIGN (0x0, CY_FLASH_ROW_SIZE)
                0x1fff81d0                PROVIDE (__cy_heap_start, _end)
                0x00000001                PROVIDE (__cy_region_num, ((__cy_regions_end - __cy_regions) / 0x10))
                0x20008000                PROVIDE (__cy_stack, (ORIGIN (ram) + 0x10000))
                0x20007800                PROVIDE (__cy_heap_end, (__cy_stack - 0x800))

.cybootloader   0x00000000        0x0
 *(.cybootloader)
                0x00000000                appl1_start = CY_APPL_ORIGIN?CY_APPL_ORIGIN:ALIGN (CY_FLASH_ROW_SIZE)
                0x0001ff00                appl2_start = (appl1_start + ALIGN ((((0x40000 - appl1_start) - (0x2 * CY_FLASH_ROW_SIZE)) / 0x2), CY_FLASH_ROW_SIZE))
                0x00000000                appl_start = (CY_APPL_NUM == 0x1)?appl1_start:appl2_start
                0x00000000                ecc_offset = ((appl_start / CY_FLASH_ROW_SIZE) * CY_ECC_ROW_SIZE)
                0x00000000                ee_offset = (CY_APPL_LOADABLE && ! (CY_EE_IN_BTLDR))?((CY_EE_SIZE / CY_APPL_MAX) * (CY_APPL_NUM - 0x1)):0x0
                0x00000800                ee_size = (CY_APPL_LOADABLE && ! (CY_EE_IN_BTLDR))?(CY_EE_SIZE / CY_APPL_MAX):CY_EE_SIZE
                0x00000000                PROVIDE (CY_ECC_OFFSET, ecc_offset)

.text           0x00000000     0x20dc
 CREATE_OBJECT_SYMBOLS
                0x00000000                PROVIDE (__cy_interrupt_vector, RomVectors)
 *(.romvectors)
 .romvectors    0x00000000       0x10 .\ARM_GCC_493\Debug\Cm3Start.o
                0x00000000                RomVectors
                0x00000001                ASSERT ((. != __cy_interrupt_vector), No interrupt vector)
                0x00000001                ASSERT (CY_APPL_ORIGIN?(SIZEOF (.cybootloader) <= CY_APPL_ORIGIN):0x1, Wrong image location)
                0x00000010                PROVIDE (__cy_reset, Reset)
 *(.text.Reset)
 .text.Reset    0x00000010       0x18 .\ARM_GCC_493\Debug\Cm3Start.o
                0x00000010                Reset
                0x00000001                ASSERT ((. != __cy_reset), No reset code)
 *(.dma_init)
                0x00000001                ASSERT ((((appl_start + .) <= 0x10000) || 0x1), DMA Init must be within the first 64k of flash)
 *(.text .text.* .gnu.linkonce.t.*)
 .text          0x00000028       0x5c c:/program files (x86)/cypress/psoc creator/3.3/psoc creator/import/gnu/arm/4.9.3/bin/../lib/gcc/arm-none-eabi/4.9.3/armv7-m/crtbegin.o
 .text.main     0x00000084       0xfc .\ARM_GCC_493\Debug\main.o
                0x00000084                main
 .text.IntDefaultHandler
                0x00000180        0x8 .\ARM_GCC_493\Debug\Cm3Start.o
                0x00000180                IntDefaultHandler
 .text._sbrk    0x00000188       0x50 .\ARM_GCC_493\Debug\Cm3Start.o
                0x00000188                _sbrk
 .text.Start_c  0x000001d8       0x98 .\ARM_GCC_493\Debug\Cm3Start.o
                0x000001d8                Start_c
 .text.initialize_psoc
                0x00000270       0x8c .\ARM_GCC_493\Debug\Cm3Start.o
                0x00000270                initialize_psoc
 .text.CYMEMZERO
                0x000002fc       0x1c .\ARM_GCC_493\Debug\CE95277 ADC and UART.a(cyfitter_cfg.o)
 .text.CYCONFIGCPY
                0x00000318       0x1c .\ARM_GCC_493\Debug\CE95277 ADC and UART.a(cyfitter_cfg.o)
 .text.CyClockStartupError
                0x00000334        0xc .\ARM_GCC_493\Debug\CE95277 ADC and UART.a(cyfitter_cfg.o)
 .text.cfg_write_bytes32
                0x00000340       0x74 .\ARM_GCC_493\Debug\CE95277 ADC and UART.a(cyfitter_cfg.o)
 .text.ClockSetup
                0x000003b4      0x158 .\ARM_GCC_493\Debug\CE95277 ADC and UART.a(cyfitter_cfg.o)
 .text.AnalogSetDefault
                0x0000050c       0x58 .\ARM_GCC_493\Debug\CE95277 ADC and UART.a(cyfitter_cfg.o)
 .text.ADC_DelSig_1_AMux_Set
                0x00000564       0x40 .\ARM_GCC_493\Debug\CE95277 ADC and UART.a(cyfitter_cfg.o)
                0x00000564                ADC_DelSig_1_AMux_Set
 .text.ADC_DelSig_1_AMux_Unset
                0x000005a4       0x44 .\ARM_GCC_493\Debug\CE95277 ADC and UART.a(cyfitter_cfg.o)
                0x000005a4                ADC_DelSig_1_AMux_Unset
 .text.cyfitter_cfg
                0x000005e8      0x174 .\ARM_GCC_493\Debug\CE95277 ADC and UART.a(cyfitter_cfg.o)
                0x000005e8                cyfitter_cfg
 .text.ADC_DelSig_1_Init
                0x0000075c      0x158 .\ARM_GCC_493\Debug\CE95277 ADC and UART.a(ADC_DelSig_1.o)
                0x0000075c                ADC_DelSig_1_Init
 .text.ADC_DelSig_1_Enable
                0x000008b4      0x158 .\ARM_GCC_493\Debug\CE95277 ADC and UART.a(ADC_DelSig_1.o)
                0x000008b4                ADC_DelSig_1_Enable
 .text.ADC_DelSig_1_Start
                0x00000a0c       0x30 .\ARM_GCC_493\Debug\CE95277 ADC and UART.a(ADC_DelSig_1.o)
                0x00000a0c                ADC_DelSig_1_Start
 .text.ADC_DelSig_1_StartConvert
                0x00000a3c       0x20 .\ARM_GCC_493\Debug\CE95277 ADC and UART.a(ADC_DelSig_1.o)
                0x00000a3c                ADC_DelSig_1_StartConvert
 .text.ADC_DelSig_1_IsEndConversion
                0x00000a5c       0x50 .\ARM_GCC_493\Debug\CE95277 ADC and UART.a(ADC_DelSig_1.o)
                0x00000a5c                ADC_DelSig_1_IsEndConversion
 .text.ADC_DelSig_1_GetResult16
                0x00000aac       0x7c .\ARM_GCC_493\Debug\CE95277 ADC and UART.a(ADC_DelSig_1.o)
                0x00000aac                ADC_DelSig_1_GetResult16
 .text.ADC_DelSig_1_CountsTo_mVolts
                0x00000b28       0x40 .\ARM_GCC_493\Debug\CE95277 ADC and UART.a(ADC_DelSig_1.o)
                0x00000b28                ADC_DelSig_1_CountsTo_mVolts
 .text.ADC_DelSig_1_InitConfig
                0x00000b68      0x408 .\ARM_GCC_493\Debug\CE95277 ADC and UART.a(ADC_DelSig_1.o)
 .text.ADC_DelSig_1_GainCompensation
                0x00000f70      0x16c .\ARM_GCC_493\Debug\CE95277 ADC and UART.a(ADC_DelSig_1.o)
 .text.ADC_DelSig_1_SetDSMRef0Reg
                0x000010dc       0x78 .\ARM_GCC_493\Debug\CE95277 ADC and UART.a(ADC_DelSig_1.o)
 .text.ADC_DelSig_1_ISR1
                0x00001154        0xc .\ARM_GCC_493\Debug\CE95277 ADC and UART.a(ADC_DelSig_1_INT.o)
                0x00001154                ADC_DelSig_1_ISR1
 .text.ADC_DelSig_1_ISR2
                0x00001160        0xc .\ARM_GCC_493\Debug\CE95277 ADC and UART.a(ADC_DelSig_1_INT.o)
                0x00001160                ADC_DelSig_1_ISR2
 .text.ADC_DelSig_1_ISR3
                0x0000116c        0xc .\ARM_GCC_493\Debug\CE95277 ADC and UART.a(ADC_DelSig_1_INT.o)
                0x0000116c                ADC_DelSig_1_ISR3
 .text.ADC_DelSig_1_ISR4
                0x00001178        0xc .\ARM_GCC_493\Debug\CE95277 ADC and UART.a(ADC_DelSig_1_INT.o)
                0x00001178                ADC_DelSig_1_ISR4
 .text.UART_1_Start
                0x00001184       0x20 .\ARM_GCC_493\Debug\CE95277 ADC and UART.a(UART_1.o)
                0x00001184                UART_1_Start
 .text.UART_1_Init
                0x000011a4       0x40 .\ARM_GCC_493\Debug\CE95277 ADC and UART.a(UART_1.o)
                0x000011a4                UART_1_Init
 .text.UART_1_Enable
                0x000011e4       0x5c .\ARM_GCC_493\Debug\CE95277 ADC and UART.a(UART_1.o)
                0x000011e4                UART_1_Enable
 .text.UART_1_GetChar
                0x00001240       0x44 .\ARM_GCC_493\Debug\CE95277 ADC and UART.a(UART_1.o)
                0x00001240                UART_1_GetChar
 .text.UART_1_PutChar
                0x00001284       0x34 .\ARM_GCC_493\Debug\CE95277 ADC and UART.a(UART_1.o)
                0x00001284                UART_1_PutChar
 .text.UART_1_PutString
                0x000012b8       0x40 .\ARM_GCC_493\Debug\CE95277 ADC and UART.a(UART_1.o)
                0x000012b8                UART_1_PutString
 .text.ADC_DelSig_1_AMux_Start
                0x000012f8       0x30 .\ARM_GCC_493\Debug\CE95277 ADC and UART.a(ADC_DelSig_1_AMux.o)
                0x000012f8                ADC_DelSig_1_AMux_Start
 .text.ADC_DelSig_1_AMux_Select
                0x00001328       0x28 .\ARM_GCC_493\Debug\CE95277 ADC and UART.a(ADC_DelSig_1_AMux.o)
                0x00001328                ADC_DelSig_1_AMux_Select
 .text.ADC_DelSig_1_Ext_CP_Clk_SetDividerRegister
                0x00001350      0x160 .\ARM_GCC_493\Debug\CE95277 ADC and UART.a(ADC_DelSig_1_Ext_CP_Clk.o)
                0x00001350                ADC_DelSig_1_Ext_CP_Clk_SetDividerRegister
 .text.ADC_DelSig_1_Ext_CP_Clk_GetDividerRegister
                0x000014b0       0x18 .\ARM_GCC_493\Debug\CE95277 ADC and UART.a(ADC_DelSig_1_Ext_CP_Clk.o)
                0x000014b0                ADC_DelSig_1_Ext_CP_Clk_GetDividerRegister
 .text.ADC_DelSig_1_Ext_CP_Clk_SetModeRegister
                0x000014c8       0x34 .\ARM_GCC_493\Debug\CE95277 ADC and UART.a(ADC_DelSig_1_Ext_CP_Clk.o)
                0x000014c8                ADC_DelSig_1_Ext_CP_Clk_SetModeRegister
 .text.ADC_DelSig_1_Ext_CP_Clk_GetSourceRegister
                0x000014fc       0x20 .\ARM_GCC_493\Debug\CE95277 ADC and UART.a(ADC_DelSig_1_Ext_CP_Clk.o)
                0x000014fc                ADC_DelSig_1_Ext_CP_Clk_GetSourceRegister
 .text.ADC_DelSig_1_theACLK_SetDividerRegister
                0x0000151c      0x160 .\ARM_GCC_493\Debug\CE95277 ADC and UART.a(ADC_DelSig_1_theACLK.o)
                0x0000151c                ADC_DelSig_1_theACLK_SetDividerRegister
 .text.ADC_DelSig_1_theACLK_GetDividerRegister
                0x0000167c       0x18 .\ARM_GCC_493\Debug\CE95277 ADC and UART.a(ADC_DelSig_1_theACLK.o)
                0x0000167c                ADC_DelSig_1_theACLK_GetDividerRegister
 .text.ADC_DelSig_1_theACLK_SetModeRegister
                0x00001694       0x34 .\ARM_GCC_493\Debug\CE95277 ADC and UART.a(ADC_DelSig_1_theACLK.o)
                0x00001694                ADC_DelSig_1_theACLK_SetModeRegister
 .text.ADC_DelSig_1_theACLK_GetSourceRegister
                0x000016c8       0x20 .\ARM_GCC_493\Debug\CE95277 ADC and UART.a(ADC_DelSig_1_theACLK.o)
                0x000016c8                ADC_DelSig_1_theACLK_GetSourceRegister
 .text.UART_1_IntClock_Start
                0x000016e8       0x34 .\ARM_GCC_493\Debug\CE95277 ADC and UART.a(UART_1_IntClock.o)
                0x000016e8                UART_1_IntClock_Start
 *fill*         0x0000171c        0x4 
 .text          0x00001720       0x58 .\ARM_GCC_493\Debug\CE95277 ADC and UART.a(CyBootAsmGnu.o)
                0x00001720                CyDelayCycles
                0x0000175e                CyEnterCriticalSection
                0x00001766                CyExitCriticalSection
 .text.CyHalt   0x00001778       0x18 .\ARM_GCC_493\Debug\CE95277 ADC and UART.a(CyLib.o)
                0x00001778                CyHalt
 .text.CyDelayUs
                0x00001790       0x24 .\ARM_GCC_493\Debug\CE95277 ADC and UART.a(CyLib.o)
                0x00001790                CyDelayUs
 .text.CyIntSetVector
                0x000017b4       0x50 .\ARM_GCC_493\Debug\CE95277 ADC and UART.a(CyLib.o)
                0x000017b4                CyIntSetVector
 .text.CyIntSetPriority
                0x00001804       0x44 .\ARM_GCC_493\Debug\CE95277 ADC and UART.a(CyLib.o)
                0x00001804                CyIntSetPriority
 .text.__errno  0x00001848        0xc c:/program files (x86)/cypress/psoc creator/3.3/psoc creator/import/gnu/arm/4.9.3/bin/../lib/gcc/arm-none-eabi/4.9.3/../../../../arm-none-eabi/lib/armv7-m\libg_nano.a(lib_a-errno.o)
                0x00001848                __errno
 .text.__libc_init_array
                0x00001854       0x4c c:/program files (x86)/cypress/psoc creator/3.3/psoc creator/import/gnu/arm/4.9.3/bin/../lib/gcc/arm-none-eabi/4.9.3/../../../../arm-none-eabi/lib/armv7-m\libg_nano.a(lib_a-init.o)
                0x00001854                __libc_init_array
 .text.memcpy   0x000018a0       0x16 c:/program files (x86)/cypress/psoc creator/3.3/psoc creator/import/gnu/arm/4.9.3/bin/../lib/gcc/arm-none-eabi/4.9.3/../../../../arm-none-eabi/lib/armv7-m\libg_nano.a(lib_a-memcpy.o)
                0x000018a0                memcpy
 .text.memset   0x000018b6       0x10 c:/program files (x86)/cypress/psoc creator/3.3/psoc creator/import/gnu/arm/4.9.3/bin/../lib/gcc/arm-none-eabi/4.9.3/../../../../arm-none-eabi/lib/armv7-m\libg_nano.a(lib_a-memset.o)
                0x000018b6                memset
 *fill*         0x000018c6        0x2 
 .text.sprintf  0x000018c8       0x48 c:/program files (x86)/cypress/psoc creator/3.3/psoc creator/import/gnu/arm/4.9.3/bin/../lib/gcc/arm-none-eabi/4.9.3/../../../../arm-none-eabi/lib/armv7-m\libg_nano.a(lib_a-sprintf.o)
                0x000018c8                siprintf
                0x000018c8                sprintf
 .text.__ssputs_r
                0x00001910       0xb2 c:/program files (x86)/cypress/psoc creator/3.3/psoc creator/import/gnu/arm/4.9.3/bin/../lib/gcc/arm-none-eabi/4.9.3/../../../../arm-none-eabi/lib/armv7-m\libg_nano.a(lib_a-nano-svfprintf.o)
                0x00001910                __ssputs_r
 *fill*         0x000019c2        0x2 
 .text._svfprintf_r
                0x000019c4      0x1e4 c:/program files (x86)/cypress/psoc creator/3.3/psoc creator/import/gnu/arm/4.9.3/bin/../lib/gcc/arm-none-eabi/4.9.3/../../../../arm-none-eabi/lib/armv7-m\libg_nano.a(lib_a-nano-svfprintf.o)
                0x000019c4                _svfiprintf_r
                0x000019c4                _svfprintf_r
 .text._printf_common
                0x00001ba8       0xea c:/program files (x86)/cypress/psoc creator/3.3/psoc creator/import/gnu/arm/4.9.3/bin/../lib/gcc/arm-none-eabi/4.9.3/../../../../arm-none-eabi/lib/armv7-m\libg_nano.a(lib_a-nano-vfprintf_i.o)
                0x00001ba8                _printf_common
 *fill*         0x00001c92        0x2 
 .text._printf_i
                0x00001c94      0x240 c:/program files (x86)/cypress/psoc creator/3.3/psoc creator/import/gnu/arm/4.9.3/bin/../lib/gcc/arm-none-eabi/4.9.3/../../../../arm-none-eabi/lib/armv7-m\libg_nano.a(lib_a-nano-vfprintf_i.o)
                0x00001c94                _printf_i
 .text.memchr   0x00001ed4       0x1c c:/program files (x86)/cypress/psoc creator/3.3/psoc creator/import/gnu/arm/4.9.3/bin/../lib/gcc/arm-none-eabi/4.9.3/../../../../arm-none-eabi/lib/armv7-m\libg_nano.a(lib_a-memchr.o)
                0x00001ed4                memchr
 .text.memmove  0x00001ef0       0x36 c:/program files (x86)/cypress/psoc creator/3.3/psoc creator/import/gnu/arm/4.9.3/bin/../lib/gcc/arm-none-eabi/4.9.3/../../../../arm-none-eabi/lib/armv7-m\libg_nano.a(lib_a-memmove.o)
                0x00001ef0                memmove
 *fill*         0x00001f26        0x2 
 .text._free_r  0x00001f28       0x88 c:/program files (x86)/cypress/psoc creator/3.3/psoc creator/import/gnu/arm/4.9.3/bin/../lib/gcc/arm-none-eabi/4.9.3/../../../../arm-none-eabi/lib/armv7-m\libg_nano.a(lib_a-nano-freer.o)
                0x00001f28                _free_r
 .text._malloc_r
                0x00001fb0       0xac c:/program files (x86)/cypress/psoc creator/3.3/psoc creator/import/gnu/arm/4.9.3/bin/../lib/gcc/arm-none-eabi/4.9.3/../../../../arm-none-eabi/lib/armv7-m\libg_nano.a(lib_a-nano-mallocr.o)
                0x00001fb0                _malloc_r
 .text._realloc_r
                0x0000205c       0x4c c:/program files (x86)/cypress/psoc creator/3.3/psoc creator/import/gnu/arm/4.9.3/bin/../lib/gcc/arm-none-eabi/4.9.3/../../../../arm-none-eabi/lib/armv7-m\libg_nano.a(lib_a-nano-reallocr.o)
                0x0000205c                _realloc_r
 .text._sbrk_r  0x000020a8       0x20 c:/program files (x86)/cypress/psoc creator/3.3/psoc creator/import/gnu/arm/4.9.3/bin/../lib/gcc/arm-none-eabi/4.9.3/../../../../arm-none-eabi/lib/armv7-m\libg_nano.a(lib_a-sbrkr.o)
                0x000020a8                _sbrk_r
 .text._malloc_usable_size_r
                0x000020c8       0x14 c:/program files (x86)/cypress/psoc creator/3.3/psoc creator/import/gnu/arm/4.9.3/bin/../lib/gcc/arm-none-eabi/4.9.3/../../../../arm-none-eabi/lib/armv7-m\libg_nano.a(lib_a-nano-msizer.o)
                0x000020c8                _malloc_usable_size_r
 *(.plt)
 *(.gnu.warning)
 *(.glue_7t)
 .glue_7t       0x00000000        0x0 linker stubs
 *(.glue_7)
 .glue_7        0x00000000        0x0 linker stubs
 *(.vfp11_veneer)
 .vfp11_veneer  0x00000000        0x0 linker stubs
 *(.bootloader)
 *(.ARM.extab* .gnu.linkonce.armextab.*)
 *(.gcc_except_table)

.v4_bx          0x000020dc        0x0
 .v4_bx         0x00000000        0x0 linker stubs

.iplt           0x000020dc        0x0
 .iplt          0x00000000        0x0 c:/program files (x86)/cypress/psoc creator/3.3/psoc creator/import/gnu/arm/4.9.3/bin/../lib/gcc/arm-none-eabi/4.9.3/armv7-m/crtbegin.o

.eh_frame_hdr
 *(.eh_frame_hdr)

.eh_frame       0x000020dc        0x4
 *(.eh_frame)
 .eh_frame      0x000020dc        0x0 c:/program files (x86)/cypress/psoc creator/3.3/psoc creator/import/gnu/arm/4.9.3/bin/../lib/gcc/arm-none-eabi/4.9.3/armv7-m/crtbegin.o
 .eh_frame      0x000020dc        0x4 c:/program files (x86)/cypress/psoc creator/3.3/psoc creator/import/gnu/arm/4.9.3/bin/../lib/gcc/arm-none-eabi/4.9.3/armv7-m/crtend.o
                0x000020e0                PROVIDE (__exidx_start, .)

.ARM.exidx
 *(.ARM.exidx* .gnu.linkonce.armexidx.*)
                0x000020e0                __exidx_end = .

.rodata         0x000020e0       0xf0
 *(.rodata .rodata.* .gnu.linkonce.r.*)
 .rodata        0x000020e0       0x3c .\ARM_GCC_493\Debug\main.o
 .rodata        0x0000211c       0x48 .\ARM_GCC_493\Debug\CE95277 ADC and UART.a(cyfitter_cfg.o)
                0x0000211c                ADC_DelSig_1_AMux__addrTable
                0x00002124                ADC_DelSig_1_AMux__maskTable
 .rodata.str1.1
                0x00002164        0x2 c:/program files (x86)/cypress/psoc creator/3.3/psoc creator/import/gnu/arm/4.9.3/bin/../lib/gcc/arm-none-eabi/4.9.3/../../../../arm-none-eabi/lib/armv7-m\libg_nano.a(lib_a-impure.o)
 .rodata.str1.1
                0x00002166       0x11 c:/program files (x86)/cypress/psoc creator/3.3/psoc creator/import/gnu/arm/4.9.3/bin/../lib/gcc/arm-none-eabi/4.9.3/../../../../arm-none-eabi/lib/armv7-m\libg_nano.a(lib_a-nano-svfprintf.o)
 .rodata.str1.1
                0x00002177       0x22 c:/program files (x86)/cypress/psoc creator/3.3/psoc creator/import/gnu/arm/4.9.3/bin/../lib/gcc/arm-none-eabi/4.9.3/../../../../arm-none-eabi/lib/armv7-m\libg_nano.a(lib_a-nano-vfprintf_i.o)
                0x0000219c                . = ALIGN (0x4)
 *fill*         0x00002199        0x3 
 *(.init)
 .init          0x0000219c        0x4 c:/program files (x86)/cypress/psoc creator/3.3/psoc creator/import/gnu/arm/4.9.3/bin/../lib/gcc/arm-none-eabi/4.9.3/armv7-m/crti.o
                0x0000219c                _init
 .init          0x000021a0        0x8 c:/program files (x86)/cypress/psoc creator/3.3/psoc creator/import/gnu/arm/4.9.3/bin/../lib/gcc/arm-none-eabi/4.9.3/armv7-m/crtn.o
                0x000021a8                . = ALIGN (0x4)
                0x000021a8                __preinit_array_start = .
 *(.preinit_array)
                0x000021a8                __preinit_array_end = .
                0x000021a8                . = ALIGN (0x4)
                0x000021a8                __init_array_start = .
 *(SORT(.init_array.*))
 *(.init_array)
 .init_array    0x000021a8        0x4 c:/program files (x86)/cypress/psoc creator/3.3/psoc creator/import/gnu/arm/4.9.3/bin/../lib/gcc/arm-none-eabi/4.9.3/armv7-m/crtbegin.o
 .init_array    0x000021ac        0x4 .\ARM_GCC_493\Debug\Cm3Start.o
                0x000021b0                __init_array_end = .
                0x000021b0                . = ALIGN (0x4)
 *(.fini)
 .fini          0x000021b0        0x4 c:/program files (x86)/cypress/psoc creator/3.3/psoc creator/import/gnu/arm/4.9.3/bin/../lib/gcc/arm-none-eabi/4.9.3/armv7-m/crti.o
                0x000021b0                _fini
 .fini          0x000021b4        0x8 c:/program files (x86)/cypress/psoc creator/3.3/psoc creator/import/gnu/arm/4.9.3/bin/../lib/gcc/arm-none-eabi/4.9.3/armv7-m/crtn.o
                0x000021bc                . = ALIGN (0x4)
                0x000021bc                __fini_array_start = .
 *(.fini_array)
 .fini_array    0x000021bc        0x4 c:/program files (x86)/cypress/psoc creator/3.3/psoc creator/import/gnu/arm/4.9.3/bin/../lib/gcc/arm-none-eabi/4.9.3/armv7-m/crtbegin.o
 *(SORT(.fini_array.*))
                0x000021c0                __fini_array_end = .
                0x000021c0                . = ALIGN (0x4)
 *crtbegin.o(.ctors)
 *(EXCLUDE_FILE(*crtend.o) .ctors)
 *(SORT(.ctors.*))
 *crtend.o(.ctors)
                0x000021c0                . = ALIGN (0x4)
 *crtbegin.o(.dtors)
 *(EXCLUDE_FILE(*crtend.o) .dtors)
 *(SORT(.dtors.*))
 *crtend.o(.dtors)
                0x000021c0                . = ALIGN (0x4)
                0x000021c0                __cy_regions = .
                0x000021c0        0x4 LONG 0x21d0 __cy_region_init_ram
                0x000021c4        0x4 LONG 0x1fff8108 __cy_region_start_data
                0x000021c8        0x4 LONG 0x80 __cy_region_init_size_ram
                0x000021cc        0x4 LONG 0x48 __cy_region_zero_size_ram
                0x000021d0                __cy_regions_end = .
                0x000021d0                . = ALIGN (0x8)
                0x000021d0                _etext = .

.cy_checksum_exclude
                0x000021d0        0x0
 *(.cy_checksum_exclude)

.ramvectors     0x1fff8000      0x100
                0x1fff8000                __cy_region_start_ram = .
 *(.ramvectors)
 .ramvectors    0x1fff8000      0x100 .\ARM_GCC_493\Debug\Cm3Start.o
                0x1fff8000                CyRamVectors

.noinit         0x1fff8100        0x5
 *(.noinit)
 .noinit        0x1fff8100        0x4 .\ARM_GCC_493\Debug\Cm3Start.o
 .noinit        0x1fff8104        0x1 .\ARM_GCC_493\Debug\CE95277 ADC and UART.a(CyLib.o)
                0x1fff8104                CyResetStatus

.data           0x1fff8108       0x80 load address 0x000021d0
                0x1fff8108                __cy_region_start_data = .
 *(.jcr)
 .jcr           0x1fff8108        0x0 c:/program files (x86)/cypress/psoc creator/3.3/psoc creator/import/gnu/arm/4.9.3/bin/../lib/gcc/arm-none-eabi/4.9.3/armv7-m/crtbegin.o
 .jcr           0x1fff8108        0x4 c:/program files (x86)/cypress/psoc creator/3.3/psoc creator/import/gnu/arm/4.9.3/bin/../lib/gcc/arm-none-eabi/4.9.3/armv7-m/crtend.o
 *(.got.plt)
 *(.got)
 *(.shdata)
 *(.data .data.* .gnu.linkonce.d.*)
 .data          0x1fff810c        0x4 .\ARM_GCC_493\Debug\Cm3Start.o
 .data          0x1fff8110        0x1 .\ARM_GCC_493\Debug\CE95277 ADC and UART.a(ADC_DelSig_1.o)
                0x1fff8110                ADC_DelSig_1_Config
 .data          0x1fff8111        0x1 .\ARM_GCC_493\Debug\CE95277 ADC and UART.a(ADC_DelSig_1_AMux.o)
 *fill*         0x1fff8112        0x2 
 .data          0x1fff8114       0x10 .\ARM_GCC_493\Debug\CE95277 ADC and UART.a(CyLib.o)
                0x1fff8114                cydelay_freq_hz
                0x1fff8118                cydelay_freq_khz
                0x1fff811c                cydelay_freq_mhz
                0x1fff8120                cydelay_32k_ms
 .data.impure_data
                0x1fff8124       0x60 c:/program files (x86)/cypress/psoc creator/3.3/psoc creator/import/gnu/arm/4.9.3/bin/../lib/gcc/arm-none-eabi/4.9.3/../../../../arm-none-eabi/lib/armv7-m\libg_nano.a(lib_a-impure.o)
 .data._impure_ptr
                0x1fff8184        0x4 c:/program files (x86)/cypress/psoc creator/3.3/psoc creator/import/gnu/arm/4.9.3/bin/../lib/gcc/arm-none-eabi/4.9.3/../../../../arm-none-eabi/lib/armv7-m\libg_nano.a(lib_a-impure.o)
                0x1fff8184                _impure_ptr
                0x1fff8188                . = ALIGN (0x8)
 *(.ram)
                0x1fff8188                _edata = .

.igot.plt       0x1fff8188        0x0 load address 0x00002250
 .igot.plt      0x00000000        0x0 c:/program files (x86)/cypress/psoc creator/3.3/psoc creator/import/gnu/arm/4.9.3/bin/../lib/gcc/arm-none-eabi/4.9.3/armv7-m/crtbegin.o

.bss            0x1fff8188       0x48 load address 0x00002250
                0x1fff8188                PROVIDE (__bss_start__, .)
 *(.shbss)
 *(.bss .bss.* .gnu.linkonce.b.*)
 .bss           0x1fff8188       0x1c c:/program files (x86)/cypress/psoc creator/3.3/psoc creator/import/gnu/arm/4.9.3/bin/../lib/gcc/arm-none-eabi/4.9.3/armv7-m/crtbegin.o
 .bss           0x1fff81a4       0x14 .\ARM_GCC_493\Debug\CE95277 ADC and UART.a(ADC_DelSig_1.o)
                0x1fff81a4                ADC_DelSig_1_convDone
                0x1fff81a5                ADC_DelSig_1_stopConversion
                0x1fff81a6                ADC_DelSig_1_initVar
                0x1fff81a7                ADC_DelSig_1_started
 .bss           0x1fff81b8        0x2 .\ARM_GCC_493\Debug\CE95277 ADC and UART.a(UART_1.o)
                0x1fff81b8                UART_1_initVar
 *fill*         0x1fff81ba        0x2 
 .bss.__malloc_sbrk_start
                0x1fff81bc        0x4 c:/program files (x86)/cypress/psoc creator/3.3/psoc creator/import/gnu/arm/4.9.3/bin/../lib/gcc/arm-none-eabi/4.9.3/../../../../arm-none-eabi/lib/armv7-m\libg_nano.a(lib_a-nano-mallocr.o)
                0x1fff81bc                __malloc_sbrk_start
 .bss.__malloc_free_list
                0x1fff81c0        0x4 c:/program files (x86)/cypress/psoc creator/3.3/psoc creator/import/gnu/arm/4.9.3/bin/../lib/gcc/arm-none-eabi/4.9.3/../../../../arm-none-eabi/lib/armv7-m\libg_nano.a(lib_a-nano-mallocr.o)
                0x1fff81c0                __malloc_free_list
 *(COMMON)
 COMMON         0x1fff81c4        0x8 .\ARM_GCC_493\Debug\CE95277 ADC and UART.a(ADC_DelSig_1.o)
                0x1fff81c4                ADC_DelSig_1_CountsPerVolt
                0x1fff81c8                ADC_DelSig_1_Offset
 COMMON         0x1fff81cc        0x4 c:/program files (x86)/cypress/psoc creator/3.3/psoc creator/import/gnu/arm/4.9.3/bin/../lib/gcc/arm-none-eabi/4.9.3/../../../../arm-none-eabi/lib/armv7-m\libg_nano.a(lib_a-reent.o)
                0x1fff81cc                errno
                0x1fff81d0                . = ALIGN (0x8)
 *(.ram.b)
                0x1fff81d0                _end = .
                0x1fff81d0                __end = .
                0x1fff81d0                PROVIDE (end, .)
                0x1fff81d0                PROVIDE (__bss_end__, .)
                0x000021d0                __cy_region_init_ram = LOADADDR (.data)
                0x00000080                __cy_region_init_size_ram = (_edata - ADDR (.data))
                0x00000048                __cy_region_zero_size_ram = (_end - _edata)

.heap           0x1fff81d0       0x80 load address 0x00002250
                0x1fff81d0                . = _end
                0x1fff8250                . = (. + 0x80)
 *fill*         0x1fff81d0       0x80 
                0x1fff8250                __cy_heap_limit = .

.stack          0x20007800      0x800
                0x20007800                __cy_stack_limit = .
                0x20008000                . = (. + 0x800)
 *fill*         0x20007800      0x800 
                0x00000001                ASSERT ((__cy_stack_limit >= __cy_heap_limit), region RAM overflowed with stack)
                0x00000000                cy_checksum_exclude_size = (CY_APPL_LOADABLE == 0x1)?SIZEOF (.cy_checksum_exclude):0x0
                0x00000001                ASSERT ((cy_checksum_exclude_size <= CY_CHECKSUM_EXCLUDE_SIZE), CY_BOOT: Section .cy_checksum_exclude size exceedes specified limit.)

.cyloadermeta
 *(.cyloadermeta)

.cyloadablemeta
 *(.cyloadablemeta)

.cyconfigecc    0x80000000      0x344
 *(.cyconfigecc)
 .cyconfigecc   0x80000000      0x344 .\ARM_GCC_493\Debug\cymetadata.o
                0x80000000                cy_meta_configecc

.cycustnvl      0x90000000        0x4
 *(.cycustnvl)
 .cycustnvl     0x90000000        0x4 .\ARM_GCC_493\Debug\cymetadata.o
                0x90000000                cy_meta_custnvl

.cywolatch      0x90100000        0x4
 *(.cywolatch)
 .cywolatch     0x90100000        0x4 .\ARM_GCC_493\Debug\cymetadata.o
                0x90100000                cy_meta_wonvl

.cyeeprom       0x90200000        0x0
 *(.cyeeprom)
                0x00000001                ASSERT ((. <= ((0x90200000 + ee_offset) + ee_size)), .cyeeprom data will not fit in EEPROM)

.cyflashprotect
                0x90400000      0x100
 *(.cyflashprotect)
 .cyflashprotect
                0x90400000      0x100 .\ARM_GCC_493\Debug\cymetadata.o
                0x90400000                cy_meta_flashprotect

.cymeta         0x90500000        0xc
 *(.cymeta)
 .cymeta        0x90500000        0xc .\ARM_GCC_493\Debug\cymetadata.o
                0x90500000                cy_metadata

.rel.dyn        0x00002250        0x0 load address 0x9050000c
 .rel.iplt      0x00000000        0x0 c:/program files (x86)/cypress/psoc creator/3.3/psoc creator/import/gnu/arm/4.9.3/bin/../lib/gcc/arm-none-eabi/4.9.3/armv7-m/crtbegin.o

.stab
 *(.stab)

.stabstr
 *(.stabstr)

.debug
 *(.debug)

.line
 *(.line)

.debug_srcinfo
 *(.debug_srcinfo)

.debug_sfnames
 *(.debug_sfnames)

.debug_aranges  0x00000000      0x8d8
 *(.debug_aranges)
 .debug_aranges
                0x00000000       0x20 .\ARM_GCC_493\Debug\main.o
 .debug_aranges
                0x00000020       0x18 .\ARM_GCC_493\Debug\cymetadata.o
 .debug_aranges
                0x00000038       0x48 .\ARM_GCC_493\Debug\Cm3Start.o
 .debug_aranges
                0x00000080       0x70 .\ARM_GCC_493\Debug\CE95277 ADC and UART.a(cyfitter_cfg.o)
 .debug_aranges
                0x000000f0       0xe8 .\ARM_GCC_493\Debug\CE95277 ADC and UART.a(ADC_DelSig_1.o)
 .debug_aranges
                0x000001d8       0x38 .\ARM_GCC_493\Debug\CE95277 ADC and UART.a(ADC_DelSig_1_INT.o)
 .debug_aranges
                0x00000210       0xf0 .\ARM_GCC_493\Debug\CE95277 ADC and UART.a(UART_1.o)
 .debug_aranges
                0x00000300       0x30 .\ARM_GCC_493\Debug\CE95277 ADC and UART.a(ADC_DelSig_1_AMux.o)
 .debug_aranges
                0x00000330       0x70 .\ARM_GCC_493\Debug\CE95277 ADC and UART.a(ADC_DelSig_1_Ext_CP_Clk.o)
 .debug_aranges
                0x000003a0       0x80 .\ARM_GCC_493\Debug\CE95277 ADC and UART.a(ADC_DelSig_1_theACLK.o)
 .debug_aranges
                0x00000420       0x70 .\ARM_GCC_493\Debug\CE95277 ADC and UART.a(UART_1_IntClock.o)
 .debug_aranges
                0x00000490       0x20 .\ARM_GCC_493\Debug\CE95277 ADC and UART.a(CyBootAsmGnu.o)
 .debug_aranges
                0x000004b0      0x298 .\ARM_GCC_493\Debug\CE95277 ADC and UART.a(CyLib.o)
 .debug_aranges
                0x00000748       0x98 .\ARM_GCC_493\Debug\CE95277 ADC and UART.a(cyPm.o)
 .debug_aranges
                0x000007e0       0x80 .\ARM_GCC_493\Debug\CE95277 ADC and UART.a(CyFlash.o)
 .debug_aranges
                0x00000860       0x78 .\ARM_GCC_493\Debug\CE95277 ADC and UART.a(CySpc.o)

.debug_pubnames
 *(.debug_pubnames)

.debug_info     0x00000000     0x3bc3
 *(.debug_info .gnu.linkonce.wi.*)
 .debug_info    0x00000000      0x152 .\ARM_GCC_493\Debug\main.o
 .debug_info    0x00000152      0x13b .\ARM_GCC_493\Debug\cymetadata.o
 .debug_info    0x0000028d      0x313 .\ARM_GCC_493\Debug\Cm3Start.o
 .debug_info    0x000005a0      0x4ef .\ARM_GCC_493\Debug\CE95277 ADC and UART.a(cyfitter_cfg.o)
 .debug_info    0x00000a8f      0x725 .\ARM_GCC_493\Debug\CE95277 ADC and UART.a(ADC_DelSig_1.o)
 .debug_info    0x000011b4       0xcc .\ARM_GCC_493\Debug\CE95277 ADC and UART.a(ADC_DelSig_1_INT.o)
 .debug_info    0x00001280      0x503 .\ARM_GCC_493\Debug\CE95277 ADC and UART.a(UART_1.o)
 .debug_info    0x00001783      0x10a .\ARM_GCC_493\Debug\CE95277 ADC and UART.a(ADC_DelSig_1_AMux.o)
 .debug_info    0x0000188d      0x25d .\ARM_GCC_493\Debug\CE95277 ADC and UART.a(ADC_DelSig_1_Ext_CP_Clk.o)
 .debug_info    0x00001aea      0x299 .\ARM_GCC_493\Debug\CE95277 ADC and UART.a(ADC_DelSig_1_theACLK.o)
 .debug_info    0x00001d83      0x25d .\ARM_GCC_493\Debug\CE95277 ADC and UART.a(UART_1_IntClock.o)
 .debug_info    0x00001fe0       0x91 .\ARM_GCC_493\Debug\CE95277 ADC and UART.a(CyBootAsmGnu.o)
 .debug_info    0x00002071      0xe34 .\ARM_GCC_493\Debug\CE95277 ADC and UART.a(CyLib.o)
 .debug_info    0x00002ea5      0x561 .\ARM_GCC_493\Debug\CE95277 ADC and UART.a(cyPm.o)
 .debug_info    0x00003406      0x36a .\ARM_GCC_493\Debug\CE95277 ADC and UART.a(CyFlash.o)
 .debug_info    0x00003770      0x453 .\ARM_GCC_493\Debug\CE95277 ADC and UART.a(CySpc.o)

.debug_abbrev   0x00000000     0x11b9
 *(.debug_abbrev)
 .debug_abbrev  0x00000000       0xa6 .\ARM_GCC_493\Debug\main.o
 .debug_abbrev  0x000000a6       0x66 .\ARM_GCC_493\Debug\cymetadata.o
 .debug_abbrev  0x0000010c      0x1a7 .\ARM_GCC_493\Debug\Cm3Start.o
 .debug_abbrev  0x000002b3      0x1ca .\ARM_GCC_493\Debug\CE95277 ADC and UART.a(cyfitter_cfg.o)
 .debug_abbrev  0x0000047d      0x19d .\ARM_GCC_493\Debug\CE95277 ADC and UART.a(ADC_DelSig_1.o)
 .debug_abbrev  0x0000061a       0x42 .\ARM_GCC_493\Debug\CE95277 ADC and UART.a(ADC_DelSig_1_INT.o)
 .debug_abbrev  0x0000065c      0x163 .\ARM_GCC_493\Debug\CE95277 ADC and UART.a(UART_1.o)
 .debug_abbrev  0x000007bf       0x6f .\ARM_GCC_493\Debug\CE95277 ADC and UART.a(ADC_DelSig_1_AMux.o)
 .debug_abbrev  0x0000082e      0x11d .\ARM_GCC_493\Debug\CE95277 ADC and UART.a(ADC_DelSig_1_Ext_CP_Clk.o)
 .debug_abbrev  0x0000094b      0x11d .\ARM_GCC_493\Debug\CE95277 ADC and UART.a(ADC_DelSig_1_theACLK.o)
 .debug_abbrev  0x00000a68      0x11d .\ARM_GCC_493\Debug\CE95277 ADC and UART.a(UART_1_IntClock.o)
 .debug_abbrev  0x00000b85       0x14 .\ARM_GCC_493\Debug\CE95277 ADC and UART.a(CyBootAsmGnu.o)
 .debug_abbrev  0x00000b99      0x217 .\ARM_GCC_493\Debug\CE95277 ADC and UART.a(CyLib.o)
 .debug_abbrev  0x00000db0      0x161 .\ARM_GCC_493\Debug\CE95277 ADC and UART.a(cyPm.o)
 .debug_abbrev  0x00000f11      0x13c .\ARM_GCC_493\Debug\CE95277 ADC and UART.a(CyFlash.o)
 .debug_abbrev  0x0000104d      0x16c .\ARM_GCC_493\Debug\CE95277 ADC and UART.a(CySpc.o)

.debug_line     0x00000000     0x2421
 *(.debug_line)
 .debug_line    0x00000000      0x1a6 .\ARM_GCC_493\Debug\main.o
 .debug_line    0x000001a6       0x53 .\ARM_GCC_493\Debug\cymetadata.o
 .debug_line    0x000001f9      0x1d6 .\ARM_GCC_493\Debug\Cm3Start.o
 .debug_line    0x000003cf      0x24a .\ARM_GCC_493\Debug\CE95277 ADC and UART.a(cyfitter_cfg.o)
 .debug_line    0x00000619      0x3d9 .\ARM_GCC_493\Debug\CE95277 ADC and UART.a(ADC_DelSig_1.o)
 .debug_line    0x000009f2       0x97 .\ARM_GCC_493\Debug\CE95277 ADC and UART.a(ADC_DelSig_1_INT.o)
 .debug_line    0x00000a89      0x2e6 .\ARM_GCC_493\Debug\CE95277 ADC and UART.a(UART_1.o)
 .debug_line    0x00000d6f       0xa8 .\ARM_GCC_493\Debug\CE95277 ADC and UART.a(ADC_DelSig_1_AMux.o)
 .debug_line    0x00000e17      0x1cb .\ARM_GCC_493\Debug\CE95277 ADC and UART.a(ADC_DelSig_1_Ext_CP_Clk.o)
 .debug_line    0x00000fe2      0x1ec .\ARM_GCC_493\Debug\CE95277 ADC and UART.a(ADC_DelSig_1_theACLK.o)
 .debug_line    0x000011ce      0x1c3 .\ARM_GCC_493\Debug\CE95277 ADC and UART.a(UART_1_IntClock.o)
 .debug_line    0x00001391       0x7f .\ARM_GCC_493\Debug\CE95277 ADC and UART.a(CyBootAsmGnu.o)
 .debug_line    0x00001410      0x872 .\ARM_GCC_493\Debug\CE95277 ADC and UART.a(CyLib.o)
 .debug_line    0x00001c82      0x381 .\ARM_GCC_493\Debug\CE95277 ADC and UART.a(cyPm.o)
 .debug_line    0x00002003      0x207 .\ARM_GCC_493\Debug\CE95277 ADC and UART.a(CyFlash.o)
 .debug_line    0x0000220a      0x217 .\ARM_GCC_493\Debug\CE95277 ADC and UART.a(CySpc.o)

.debug_frame    0x00000000     0x274c
 *(.debug_frame)
 .debug_frame   0x00000000       0x30 .\ARM_GCC_493\Debug\main.o
 .debug_frame   0x00000030       0xd8 .\ARM_GCC_493\Debug\Cm3Start.o
 .debug_frame   0x00000108      0x1bc .\ARM_GCC_493\Debug\CE95277 ADC and UART.a(cyfitter_cfg.o)
 .debug_frame   0x000002c4      0x40c .\ARM_GCC_493\Debug\CE95277 ADC and UART.a(ADC_DelSig_1.o)
 .debug_frame   0x000006d0       0xa0 .\ARM_GCC_493\Debug\CE95277 ADC and UART.a(ADC_DelSig_1_INT.o)
 .debug_frame   0x00000770      0x42c .\ARM_GCC_493\Debug\CE95277 ADC and UART.a(UART_1.o)
 .debug_frame   0x00000b9c       0x88 .\ARM_GCC_493\Debug\CE95277 ADC and UART.a(ADC_DelSig_1_AMux.o)
 .debug_frame   0x00000c24      0x1b4 .\ARM_GCC_493\Debug\CE95277 ADC and UART.a(ADC_DelSig_1_Ext_CP_Clk.o)
 .debug_frame   0x00000dd8      0x200 .\ARM_GCC_493\Debug\CE95277 ADC and UART.a(ADC_DelSig_1_theACLK.o)
 .debug_frame   0x00000fd8      0x1b4 .\ARM_GCC_493\Debug\CE95277 ADC and UART.a(UART_1_IntClock.o)
 .debug_frame   0x0000118c      0xbe8 .\ARM_GCC_493\Debug\CE95277 ADC and UART.a(CyLib.o)
 .debug_frame   0x00001d74      0x234 .\ARM_GCC_493\Debug\CE95277 ADC and UART.a(cyPm.o)
 .debug_frame   0x00001fa8      0x210 .\ARM_GCC_493\Debug\CE95277 ADC and UART.a(CyFlash.o)
 .debug_frame   0x000021b8      0x1f8 .\ARM_GCC_493\Debug\CE95277 ADC and UART.a(CySpc.o)
 .debug_frame   0x000023b0       0x20 c:/program files (x86)/cypress/psoc creator/3.3/psoc creator/import/gnu/arm/4.9.3/bin/../lib/gcc/arm-none-eabi/4.9.3/../../../../arm-none-eabi/lib/armv7-m\libg_nano.a(lib_a-errno.o)
 .debug_frame   0x000023d0       0x28 c:/program files (x86)/cypress/psoc creator/3.3/psoc creator/import/gnu/arm/4.9.3/bin/../lib/gcc/arm-none-eabi/4.9.3/../../../../arm-none-eabi/lib/armv7-m\libg_nano.a(lib_a-exit.o)
 .debug_frame   0x000023f8       0x2c c:/program files (x86)/cypress/psoc creator/3.3/psoc creator/import/gnu/arm/4.9.3/bin/../lib/gcc/arm-none-eabi/4.9.3/../../../../arm-none-eabi/lib/armv7-m\libg_nano.a(lib_a-init.o)
 .debug_frame   0x00002424       0x28 c:/program files (x86)/cypress/psoc creator/3.3/psoc creator/import/gnu/arm/4.9.3/bin/../lib/gcc/arm-none-eabi/4.9.3/../../../../arm-none-eabi/lib/armv7-m\libg_nano.a(lib_a-memcpy.o)
 .debug_frame   0x0000244c       0x20 c:/program files (x86)/cypress/psoc creator/3.3/psoc creator/import/gnu/arm/4.9.3/bin/../lib/gcc/arm-none-eabi/4.9.3/../../../../arm-none-eabi/lib/armv7-m\libg_nano.a(lib_a-memset.o)
 .debug_frame   0x0000246c       0x70 c:/program files (x86)/cypress/psoc creator/3.3/psoc creator/import/gnu/arm/4.9.3/bin/../lib/gcc/arm-none-eabi/4.9.3/../../../../arm-none-eabi/lib/armv7-m\libg_nano.a(lib_a-sprintf.o)
 .debug_frame   0x000024dc       0x8c c:/program files (x86)/cypress/psoc creator/3.3/psoc creator/import/gnu/arm/4.9.3/bin/../lib/gcc/arm-none-eabi/4.9.3/../../../../arm-none-eabi/lib/armv7-m\libg_nano.a(lib_a-nano-svfprintf.o)
 .debug_frame   0x00002568       0x58 c:/program files (x86)/cypress/psoc creator/3.3/psoc creator/import/gnu/arm/4.9.3/bin/../lib/gcc/arm-none-eabi/4.9.3/../../../../arm-none-eabi/lib/armv7-m\libg_nano.a(lib_a-nano-vfprintf_i.o)
 .debug_frame   0x000025c0       0x28 c:/program files (x86)/cypress/psoc creator/3.3/psoc creator/import/gnu/arm/4.9.3/bin/../lib/gcc/arm-none-eabi/4.9.3/../../../../arm-none-eabi/lib/armv7-m\libg_nano.a(lib_a-memchr.o)
 .debug_frame   0x000025e8       0x28 c:/program files (x86)/cypress/psoc creator/3.3/psoc creator/import/gnu/arm/4.9.3/bin/../lib/gcc/arm-none-eabi/4.9.3/../../../../arm-none-eabi/lib/armv7-m\libg_nano.a(lib_a-memmove.o)
 .debug_frame   0x00002610       0x2c c:/program files (x86)/cypress/psoc creator/3.3/psoc creator/import/gnu/arm/4.9.3/bin/../lib/gcc/arm-none-eabi/4.9.3/../../../../arm-none-eabi/lib/armv7-m\libg_nano.a(lib_a-nano-freer.o)
 .debug_frame   0x0000263c       0x2c c:/program files (x86)/cypress/psoc creator/3.3/psoc creator/import/gnu/arm/4.9.3/bin/../lib/gcc/arm-none-eabi/4.9.3/../../../../arm-none-eabi/lib/armv7-m\libg_nano.a(lib_a-nano-mallocr.o)
 .debug_frame   0x00002668       0x3c c:/program files (x86)/cypress/psoc creator/3.3/psoc creator/import/gnu/arm/4.9.3/bin/../lib/gcc/arm-none-eabi/4.9.3/../../../../arm-none-eabi/lib/armv7-m\libg_nano.a(lib_a-nano-reallocr.o)
 .debug_frame   0x000026a4       0x2c c:/program files (x86)/cypress/psoc creator/3.3/psoc creator/import/gnu/arm/4.9.3/bin/../lib/gcc/arm-none-eabi/4.9.3/../../../../arm-none-eabi/lib/armv7-m\libg_nano.a(lib_a-sbrkr.o)
 .debug_frame   0x000026d0       0x20 c:/program files (x86)/cypress/psoc creator/3.3/psoc creator/import/gnu/arm/4.9.3/bin/../lib/gcc/arm-none-eabi/4.9.3/../../../../arm-none-eabi/lib/armv7-m\libg_nano.a(lib_a-nano-msizer.o)
 .debug_frame   0x000026f0       0x5c c:/program files (x86)/cypress/psoc creator/3.3/psoc creator/import/gnu/arm/4.9.3/bin/../lib/gcc/arm-none-eabi/4.9.3/../../../../arm-none-eabi/lib/armv7-m\libg_nano.a(lib_a-reent.o)

.debug_str      0x00000000     0x20bc
 *(.debug_str)
 .debug_str     0x00000000      0x1b2 .\ARM_GCC_493\Debug\main.o
                                0x200 (size before relaxing)
 .debug_str     0x000001b2       0x77 .\ARM_GCC_493\Debug\cymetadata.o
                                0x1eb (size before relaxing)
 .debug_str     0x00000229      0x137 .\ARM_GCC_493\Debug\Cm3Start.o
                                0x2cc (size before relaxing)
 .debug_str     0x00000360      0x203 .\ARM_GCC_493\Debug\CE95277 ADC and UART.a(cyfitter_cfg.o)
                                0x39d (size before relaxing)
 .debug_str     0x00000563      0x440 .\ARM_GCC_493\Debug\CE95277 ADC and UART.a(ADC_DelSig_1.o)
                                0x618 (size before relaxing)
 .debug_str     0x000009a3       0x74 .\ARM_GCC_493\Debug\CE95277 ADC and UART.a(ADC_DelSig_1_INT.o)
                                0x1e2 (size before relaxing)
 .debug_str     0x00000a17      0x2a3 .\ARM_GCC_493\Debug\CE95277 ADC and UART.a(UART_1.o)
                                0x450 (size before relaxing)
 .debug_str     0x00000cba       0x9e .\ARM_GCC_493\Debug\CE95277 ADC and UART.a(ADC_DelSig_1_AMux.o)
                                0x211 (size before relaxing)
 .debug_str     0x00000d58      0x222 .\ARM_GCC_493\Debug\CE95277 ADC and UART.a(ADC_DelSig_1_Ext_CP_Clk.o)
                                0x3af (size before relaxing)
 .debug_str     0x00000f7a      0x20a .\ARM_GCC_493\Debug\CE95277 ADC and UART.a(ADC_DelSig_1_theACLK.o)
                                0x3e0 (size before relaxing)
 .debug_str     0x00001184      0x179 .\ARM_GCC_493\Debug\CE95277 ADC and UART.a(UART_1_IntClock.o)
                                0x34f (size before relaxing)
 .debug_str     0x000012fd      0x7f0 .\ARM_GCC_493\Debug\CE95277 ADC and UART.a(CyLib.o)
                                0x9c7 (size before relaxing)
 .debug_str     0x00001aed      0x367 .\ARM_GCC_493\Debug\CE95277 ADC and UART.a(cyPm.o)
                                0x52c (size before relaxing)
 .debug_str     0x00001e54      0x147 .\ARM_GCC_493\Debug\CE95277 ADC and UART.a(CyFlash.o)
                                0x2eb (size before relaxing)
 .debug_str     0x00001f9b      0x121 .\ARM_GCC_493\Debug\CE95277 ADC and UART.a(CySpc.o)
                                0x2e8 (size before relaxing)

.debug_loc
 *(.debug_loc)

.debug_macinfo
 *(.debug_macinfo)

.debug_ranges   0x00000000      0x7c0
 *(.debug_ranges)
 .debug_ranges  0x00000000       0x10 .\ARM_GCC_493\Debug\main.o
 .debug_ranges  0x00000010       0x38 .\ARM_GCC_493\Debug\Cm3Start.o
 .debug_ranges  0x00000048       0x60 .\ARM_GCC_493\Debug\CE95277 ADC and UART.a(cyfitter_cfg.o)
 .debug_ranges  0x000000a8       0xd8 .\ARM_GCC_493\Debug\CE95277 ADC and UART.a(ADC_DelSig_1.o)
 .debug_ranges  0x00000180       0x28 .\ARM_GCC_493\Debug\CE95277 ADC and UART.a(ADC_DelSig_1_INT.o)
 .debug_ranges  0x000001a8       0xe0 .\ARM_GCC_493\Debug\CE95277 ADC and UART.a(UART_1.o)
 .debug_ranges  0x00000288       0x20 .\ARM_GCC_493\Debug\CE95277 ADC and UART.a(ADC_DelSig_1_AMux.o)
 .debug_ranges  0x000002a8       0x60 .\ARM_GCC_493\Debug\CE95277 ADC and UART.a(ADC_DelSig_1_Ext_CP_Clk.o)
 .debug_ranges  0x00000308       0x70 .\ARM_GCC_493\Debug\CE95277 ADC and UART.a(ADC_DelSig_1_theACLK.o)
 .debug_ranges  0x00000378       0x60 .\ARM_GCC_493\Debug\CE95277 ADC and UART.a(UART_1_IntClock.o)
 .debug_ranges  0x000003d8      0x288 .\ARM_GCC_493\Debug\CE95277 ADC and UART.a(CyLib.o)
 .debug_ranges  0x00000660       0x88 .\ARM_GCC_493\Debug\CE95277 ADC and UART.a(cyPm.o)
 .debug_ranges  0x000006e8       0x70 .\ARM_GCC_493\Debug\CE95277 ADC and UART.a(CyFlash.o)
 .debug_ranges  0x00000758       0x68 .\ARM_GCC_493\Debug\CE95277 ADC and UART.a(CySpc.o)

.comment        0x00000000       0x70
 .comment       0x00000000       0x70 .\ARM_GCC_493\Debug\main.o
                                 0x71 (size before relaxing)
 .comment       0x00000000       0x71 .\ARM_GCC_493\Debug\cymetadata.o
 .comment       0x00000000       0x71 .\ARM_GCC_493\Debug\Cm3Start.o
 .comment       0x00000000       0x71 .\ARM_GCC_493\Debug\CE95277 ADC and UART.a(cyfitter_cfg.o)
 .comment       0x00000000       0x71 .\ARM_GCC_493\Debug\CE95277 ADC and UART.a(ADC_DelSig_1.o)
 .comment       0x00000000       0x71 .\ARM_GCC_493\Debug\CE95277 ADC and UART.a(ADC_DelSig_1_INT.o)
 .comment       0x00000000       0x71 .\ARM_GCC_493\Debug\CE95277 ADC and UART.a(UART_1.o)
 .comment       0x00000000       0x71 .\ARM_GCC_493\Debug\CE95277 ADC and UART.a(ADC_DelSig_1_AMux.o)
 .comment       0x00000000       0x71 .\ARM_GCC_493\Debug\CE95277 ADC and UART.a(ADC_DelSig_1_Ext_CP_Clk.o)
 .comment       0x00000000       0x71 .\ARM_GCC_493\Debug\CE95277 ADC and UART.a(ADC_DelSig_1_theACLK.o)
 .comment       0x00000000       0x71 .\ARM_GCC_493\Debug\CE95277 ADC and UART.a(UART_1_IntClock.o)
 .comment       0x00000000       0x71 .\ARM_GCC_493\Debug\CE95277 ADC and UART.a(CyLib.o)
 .comment       0x00000000       0x71 .\ARM_GCC_493\Debug\CE95277 ADC and UART.a(cyPm.o)
 .comment       0x00000000       0x71 .\ARM_GCC_493\Debug\CE95277 ADC and UART.a(CyFlash.o)
 .comment       0x00000000       0x71 .\ARM_GCC_493\Debug\CE95277 ADC and UART.a(CySpc.o)

.debug_weaknames
 *(.debug_weaknames)

.debug_funcnames
 *(.debug_funcnames)

.debug_typenames
 *(.debug_typenames)

.debug_varnames
 *(.debug_varnames)

.note.gnu.arm.ident
 *(.note.gnu.arm.ident)

.ARM.attributes
                0x00000000       0x29
 *(.ARM.attributes)
 .ARM.attributes
                0x00000000       0x1d c:/program files (x86)/cypress/psoc creator/3.3/psoc creator/import/gnu/arm/4.9.3/bin/../lib/gcc/arm-none-eabi/4.9.3/armv7-m/crti.o
 .ARM.attributes
                0x0000001d       0x2d c:/program files (x86)/cypress/psoc creator/3.3/psoc creator/import/gnu/arm/4.9.3/bin/../lib/gcc/arm-none-eabi/4.9.3/armv7-m/crtbegin.o
 .ARM.attributes
                0x0000004a       0x1b c:/program files (x86)/cypress/psoc creator/3.3/psoc creator/import/gnu/arm/4.9.3/bin/../lib/gcc/arm-none-eabi/4.9.3/../../../../arm-none-eabi/lib/armv7-m/crt0.o
 .ARM.attributes
                0x00000065       0x33 .\ARM_GCC_493\Debug\main.o
 .ARM.attributes
                0x00000098       0x33 .\ARM_GCC_493\Debug\cymetadata.o
 .ARM.attributes
                0x000000cb       0x33 .\ARM_GCC_493\Debug\Cm3Start.o
 .ARM.attributes
                0x000000fe       0x33 .\ARM_GCC_493\Debug\CE95277 ADC and UART.a(cyfitter_cfg.o)
 .ARM.attributes
                0x00000131       0x33 .\ARM_GCC_493\Debug\CE95277 ADC and UART.a(ADC_DelSig_1.o)
 .ARM.attributes
                0x00000164       0x33 .\ARM_GCC_493\Debug\CE95277 ADC and UART.a(ADC_DelSig_1_INT.o)
 .ARM.attributes
                0x00000197       0x33 .\ARM_GCC_493\Debug\CE95277 ADC and UART.a(UART_1.o)
 .ARM.attributes
                0x000001ca       0x33 .\ARM_GCC_493\Debug\CE95277 ADC and UART.a(ADC_DelSig_1_AMux.o)
 .ARM.attributes
                0x000001fd       0x33 .\ARM_GCC_493\Debug\CE95277 ADC and UART.a(ADC_DelSig_1_Ext_CP_Clk.o)
 .ARM.attributes
                0x00000230       0x33 .\ARM_GCC_493\Debug\CE95277 ADC and UART.a(ADC_DelSig_1_theACLK.o)
 .ARM.attributes
                0x00000263       0x33 .\ARM_GCC_493\Debug\CE95277 ADC and UART.a(UART_1_IntClock.o)
 .ARM.attributes
                0x00000296       0x21 .\ARM_GCC_493\Debug\CE95277 ADC and UART.a(CyBootAsmGnu.o)
 .ARM.attributes
                0x000002b7       0x33 .\ARM_GCC_493\Debug\CE95277 ADC and UART.a(CyLib.o)
 .ARM.attributes
                0x000002ea       0x33 .\ARM_GCC_493\Debug\CE95277 ADC and UART.a(cyPm.o)
 .ARM.attributes
                0x0000031d       0x33 .\ARM_GCC_493\Debug\CE95277 ADC and UART.a(CyFlash.o)
 .ARM.attributes
                0x00000350       0x33 .\ARM_GCC_493\Debug\CE95277 ADC and UART.a(CySpc.o)
 .ARM.attributes
                0x00000383       0x1d c:/program files (x86)/cypress/psoc creator/3.3/psoc creator/import/gnu/arm/4.9.3/bin/../lib/gcc/arm-none-eabi/4.9.3/armv7-m\libgcc.a(_arm_addsubdf3.o)
 .ARM.attributes
                0x000003a0       0x1d c:/program files (x86)/cypress/psoc creator/3.3/psoc creator/import/gnu/arm/4.9.3/bin/../lib/gcc/arm-none-eabi/4.9.3/armv7-m\libgcc.a(_arm_cmpdf2.o)
 .ARM.attributes
                0x000003bd       0x1d c:/program files (x86)/cypress/psoc creator/3.3/psoc creator/import/gnu/arm/4.9.3/bin/../lib/gcc/arm-none-eabi/4.9.3/armv7-m\libgcc.a(_arm_addsubsf3.o)
 .ARM.attributes
                0x000003da       0x1d c:/program files (x86)/cypress/psoc creator/3.3/psoc creator/import/gnu/arm/4.9.3/bin/../lib/gcc/arm-none-eabi/4.9.3/armv7-m\libgcc.a(_arm_muldivsf3.o)
 .ARM.attributes
                0x000003f7       0x1d c:/program files (x86)/cypress/psoc creator/3.3/psoc creator/import/gnu/arm/4.9.3/bin/../lib/gcc/arm-none-eabi/4.9.3/armv7-m\libgcc.a(_arm_fixunssfsi.o)
 .ARM.attributes
                0x00000414       0x2d c:/program files (x86)/cypress/psoc creator/3.3/psoc creator/import/gnu/arm/4.9.3/bin/../lib/gcc/arm-none-eabi/4.9.3/../../../../arm-none-eabi/lib/armv7-m\libg_nano.a(lib_a-errno.o)
 .ARM.attributes
                0x00000441       0x2d c:/program files (x86)/cypress/psoc creator/3.3/psoc creator/import/gnu/arm/4.9.3/bin/../lib/gcc/arm-none-eabi/4.9.3/../../../../arm-none-eabi/lib/armv7-m\libg_nano.a(lib_a-exit.o)
 .ARM.attributes
                0x0000046e       0x2d c:/program files (x86)/cypress/psoc creator/3.3/psoc creator/import/gnu/arm/4.9.3/bin/../lib/gcc/arm-none-eabi/4.9.3/../../../../arm-none-eabi/lib/armv7-m\libg_nano.a(lib_a-impure.o)
 .ARM.attributes
                0x0000049b       0x2d c:/program files (x86)/cypress/psoc creator/3.3/psoc creator/import/gnu/arm/4.9.3/bin/../lib/gcc/arm-none-eabi/4.9.3/../../../../arm-none-eabi/lib/armv7-m\libg_nano.a(lib_a-init.o)
 .ARM.attributes
                0x000004c8       0x2d c:/program files (x86)/cypress/psoc creator/3.3/psoc creator/import/gnu/arm/4.9.3/bin/../lib/gcc/arm-none-eabi/4.9.3/../../../../arm-none-eabi/lib/armv7-m\libg_nano.a(lib_a-memcpy.o)
 .ARM.attributes
                0x000004f5       0x2d c:/program files (x86)/cypress/psoc creator/3.3/psoc creator/import/gnu/arm/4.9.3/bin/../lib/gcc/arm-none-eabi/4.9.3/../../../../arm-none-eabi/lib/armv7-m\libg_nano.a(lib_a-memset.o)
 .ARM.attributes
                0x00000522       0x2d c:/program files (x86)/cypress/psoc creator/3.3/psoc creator/import/gnu/arm/4.9.3/bin/../lib/gcc/arm-none-eabi/4.9.3/../../../../arm-none-eabi/lib/armv7-m\libg_nano.a(lib_a-sprintf.o)
 .ARM.attributes
                0x0000054f       0x2d c:/program files (x86)/cypress/psoc creator/3.3/psoc creator/import/gnu/arm/4.9.3/bin/../lib/gcc/arm-none-eabi/4.9.3/../../../../arm-none-eabi/lib/armv7-m\libg_nano.a(lib_a-nano-svfprintf.o)
 .ARM.attributes
                0x0000057c       0x2d c:/program files (x86)/cypress/psoc creator/3.3/psoc creator/import/gnu/arm/4.9.3/bin/../lib/gcc/arm-none-eabi/4.9.3/../../../../arm-none-eabi/lib/armv7-m\libg_nano.a(lib_a-nano-vfprintf_i.o)
 .ARM.attributes
                0x000005a9       0x2d c:/program files (x86)/cypress/psoc creator/3.3/psoc creator/import/gnu/arm/4.9.3/bin/../lib/gcc/arm-none-eabi/4.9.3/../../../../arm-none-eabi/lib/armv7-m\libg_nano.a(lib_a-memchr.o)
 .ARM.attributes
                0x000005d6       0x2d c:/program files (x86)/cypress/psoc creator/3.3/psoc creator/import/gnu/arm/4.9.3/bin/../lib/gcc/arm-none-eabi/4.9.3/../../../../arm-none-eabi/lib/armv7-m\libg_nano.a(lib_a-memmove.o)
 .ARM.attributes
                0x00000603       0x2d c:/program files (x86)/cypress/psoc creator/3.3/psoc creator/import/gnu/arm/4.9.3/bin/../lib/gcc/arm-none-eabi/4.9.3/../../../../arm-none-eabi/lib/armv7-m\libg_nano.a(lib_a-nano-freer.o)
 .ARM.attributes
                0x00000630       0x2d c:/program files (x86)/cypress/psoc creator/3.3/psoc creator/import/gnu/arm/4.9.3/bin/../lib/gcc/arm-none-eabi/4.9.3/../../../../arm-none-eabi/lib/armv7-m\libg_nano.a(lib_a-nano-mallocr.o)
 .ARM.attributes
                0x0000065d       0x2d c:/program files (x86)/cypress/psoc creator/3.3/psoc creator/import/gnu/arm/4.9.3/bin/../lib/gcc/arm-none-eabi/4.9.3/../../../../arm-none-eabi/lib/armv7-m\libg_nano.a(lib_a-nano-reallocr.o)
 .ARM.attributes
                0x0000068a       0x2d c:/program files (x86)/cypress/psoc creator/3.3/psoc creator/import/gnu/arm/4.9.3/bin/../lib/gcc/arm-none-eabi/4.9.3/../../../../arm-none-eabi/lib/armv7-m\libg_nano.a(lib_a-sbrkr.o)
 .ARM.attributes
                0x000006b7       0x2d c:/program files (x86)/cypress/psoc creator/3.3/psoc creator/import/gnu/arm/4.9.3/bin/../lib/gcc/arm-none-eabi/4.9.3/../../../../arm-none-eabi/lib/armv7-m\libg_nano.a(lib_a-nano-msizer.o)
 .ARM.attributes
                0x000006e4       0x2d c:/program files (x86)/cypress/psoc creator/3.3/psoc creator/import/gnu/arm/4.9.3/bin/../lib/gcc/arm-none-eabi/4.9.3/../../../../arm-none-eabi/lib/armv7-m\libg_nano.a(lib_a-reent.o)
 .ARM.attributes
                0x00000711       0x2d c:/program files (x86)/cypress/psoc creator/3.3/psoc creator/import/gnu/arm/4.9.3/bin/../lib/gcc/arm-none-eabi/4.9.3/armv7-m/crtend.o
 .ARM.attributes
                0x0000073e       0x1d c:/program files (x86)/cypress/psoc creator/3.3/psoc creator/import/gnu/arm/4.9.3/bin/../lib/gcc/arm-none-eabi/4.9.3/armv7-m/crtn.o

/DISCARD/
 *(.note.GNU-stack)
OUTPUT(.\ARM_GCC_493\Debug\CE95277 ADC and UART.elf elf32-littlearm)
