Archive member included because of file (symbol)

.\ARM_GCC_493\Debug\Lab3.a(cyfitter_cfg.o)
                              .\ARM_GCC_493\Debug\Cm3Start.o (cyfitter_cfg)
.\ARM_GCC_493\Debug\Lab3.a(ADC_DelSig_1.o)
                              .\ARM_GCC_493\Debug\main.o (ADC_DelSig_1_Start)
.\ARM_GCC_493\Debug\Lab3.a(ADC_DelSig_1_INT.o)
                              .\ARM_GCC_493\Debug\Lab3.a(ADC_DelSig_1.o) (ADC_DelSig_1_ISR1)
.\ARM_GCC_493\Debug\Lab3.a(UART_1.o)
                              .\ARM_GCC_493\Debug\main.o (UART_1_Start)
.\ARM_GCC_493\Debug\Lab3.a(UART_1_INT.o)
                              .\ARM_GCC_493\Debug\Lab3.a(UART_1.o) (UART_1_RXISR)
.\ARM_GCC_493\Debug\Lab3.a(ADC_DelSig_1_AMux.o)
                              .\ARM_GCC_493\Debug\Lab3.a(ADC_DelSig_1.o) (ADC_DelSig_1_AMux_Select)
.\ARM_GCC_493\Debug\Lab3.a(ADC_DelSig_1_Ext_CP_Clk.o)
                              .\ARM_GCC_493\Debug\Lab3.a(ADC_DelSig_1.o) (ADC_DelSig_1_Ext_CP_Clk_SetDividerRegister)
.\ARM_GCC_493\Debug\Lab3.a(ADC_DelSig_1_theACLK.o)
                              .\ARM_GCC_493\Debug\Lab3.a(ADC_DelSig_1.o) (ADC_DelSig_1_theACLK_SetDividerRegister)
.\ARM_GCC_493\Debug\Lab3.a(UART_1_IntClock.o)
                              .\ARM_GCC_493\Debug\Lab3.a(UART_1.o) (UART_1_IntClock_Start)
.\ARM_GCC_493\Debug\Lab3.a(CyBootAsmGnu.o)
                              .\ARM_GCC_493\Debug\Lab3.a(cyfitter_cfg.o) (CyDelayCycles)
.\ARM_GCC_493\Debug\Lab3.a(CyDmac.o)
                              .\ARM_GCC_493\Debug\Cm3Start.o (CyDmacConfigure)
.\ARM_GCC_493\Debug\Lab3.a(CyLib.o)
                              .\ARM_GCC_493\Debug\Cm3Start.o (CyResetStatus)
.\ARM_GCC_493\Debug\Lab3.a(cyPm.o)
                              .\ARM_GCC_493\Debug\Lab3.a(CyLib.o) (CyPmReadStatus)
.\ARM_GCC_493\Debug\Lab3.a(isr_1.o)
                              .\ARM_GCC_493\Debug\main.o (isr_1_StartEx)
.\ARM_GCC_493\Debug\Lab3.a(WaveDAC8_1.o)
                              .\ARM_GCC_493\Debug\main.o (WaveDAC8_1_Start)
.\ARM_GCC_493\Debug\Lab3.a(WaveDAC8_1_DacClk.o)
                              .\ARM_GCC_493\Debug\Lab3.a(WaveDAC8_1.o) (WaveDAC8_1_DacClk_Start)
.\ARM_GCC_493\Debug\Lab3.a(WaveDAC8_1_Wave1_DMA_dma.o)
                              .\ARM_GCC_493\Debug\Lab3.a(WaveDAC8_1.o) (WaveDAC8_1_Wave1_DMA_DmaInitialize)
.\ARM_GCC_493\Debug\Lab3.a(WaveDAC8_1_Wave2_DMA_dma.o)
                              .\ARM_GCC_493\Debug\Lab3.a(WaveDAC8_1.o) (WaveDAC8_1_Wave2_DMA_DmaInitialize)
.\ARM_GCC_493\Debug\Lab3.a(WaveDAC8_1_VDAC8.o)
                              .\ARM_GCC_493\Debug\Lab3.a(WaveDAC8_1.o) (WaveDAC8_1_VDAC8_Init)
.\ARM_GCC_493\Debug\Lab3.a(Waveform_Reg.o)
                              .\ARM_GCC_493\Debug\main.o (Waveform_Reg_Write)
.\ARM_GCC_493\Debug\Lab3.a(Servo_PWM.o)
                              .\ARM_GCC_493\Debug\main.o (Servo_PWM_Start)
.\ARM_GCC_493\Debug\Lab3.a(DMA_1_dma.o)
                              .\ARM_GCC_493\Debug\main.o (DMA_1_DmaInitialize)
.\ARM_GCC_493\Debug\Lab3.a(dma_interrupt.o)
                              .\ARM_GCC_493\Debug\main.o (dma_interrupt_StartEx)
.\ARM_GCC_493\Debug\Lab3.a(Speaker_PWM.o)
                              .\ARM_GCC_493\Debug\main.o (Speaker_PWM_Start)
.\ARM_GCC_493\Debug\Lab3.a(CyFlash.o)
                              .\ARM_GCC_493\Debug\Lab3.a(cyPm.o) (CyFlash_SetWaitCycles)
.\ARM_GCC_493\Debug\Lab3.a(CySpc.o)
                              .\ARM_GCC_493\Debug\Lab3.a(CyFlash.o) (CySpcStart)
c:/program files (x86)/cypress/psoc creator/3.3/psoc creator/import/gnu/arm/4.9.3/bin/../lib/gcc/arm-none-eabi/4.9.3/armv7-m\libgcc.a(_arm_addsubdf3.o)
                              .\ARM_GCC_493\Debug\Lab3.a(ADC_DelSig_1.o) (__aeabi_f2d)
c:/program files (x86)/cypress/psoc creator/3.3/psoc creator/import/gnu/arm/4.9.3/bin/../lib/gcc/arm-none-eabi/4.9.3/armv7-m\libgcc.a(_arm_cmpdf2.o)
                              .\ARM_GCC_493\Debug\Lab3.a(ADC_DelSig_1.o) (__aeabi_dcmpgt)
c:/program files (x86)/cypress/psoc creator/3.3/psoc creator/import/gnu/arm/4.9.3/bin/../lib/gcc/arm-none-eabi/4.9.3/armv7-m\libgcc.a(_arm_addsubsf3.o)
                              .\ARM_GCC_493\Debug\Lab3.a(ADC_DelSig_1.o) (__aeabi_ui2f)
c:/program files (x86)/cypress/psoc creator/3.3/psoc creator/import/gnu/arm/4.9.3/bin/../lib/gcc/arm-none-eabi/4.9.3/armv7-m\libgcc.a(_arm_muldivsf3.o)
                              .\ARM_GCC_493\Debug\Lab3.a(ADC_DelSig_1.o) (__aeabi_fmul)
c:/program files (x86)/cypress/psoc creator/3.3/psoc creator/import/gnu/arm/4.9.3/bin/../lib/gcc/arm-none-eabi/4.9.3/armv7-m\libgcc.a(_arm_fixunssfsi.o)
                              .\ARM_GCC_493\Debug\Lab3.a(ADC_DelSig_1.o) (__aeabi_f2uiz)
c:/program files (x86)/cypress/psoc creator/3.3/psoc creator/import/gnu/arm/4.9.3/bin/../lib/gcc/arm-none-eabi/4.9.3/../../../../arm-none-eabi/lib/armv7-m\libg_nano.a(lib_a-errno.o)
                              .\ARM_GCC_493\Debug\Cm3Start.o (__errno)
[...]
Memory Configuration

Name             Origin             Length             Attributes
rom              0x00000000         0x00040000         xr
ram              0x1fff8000         0x00010000         xrw
*default*        0x00000000         0xffffffff

Linker script and memory map

LOAD c:/program files (x86)/cypress/psoc creator/3.3/psoc creator/import/gnu/arm/4.9.3/bin/../lib/gcc/arm-none-eabi/4.9.3/armv7-m/crti.o
LOAD c:/program files (x86)/cypress/psoc creator/3.3/psoc creator/import/gnu/arm/4.9.3/bin/../lib/gcc/arm-none-eabi/4.9.3/armv7-m/crtbegin.o
LOAD c:/program files (x86)/cypress/psoc creator/3.3/psoc creator/import/gnu/arm/4.9.3/bin/../lib/gcc/arm-none-eabi/4.9.3/../../../../arm-none-eabi/lib/armv7-m/crt0.o
START GROUP
LOAD .\ARM_GCC_493\Debug\main.o
LOAD .\ARM_GCC_493\Debug\cymetadata.o
LOAD .\ARM_GCC_493\Debug\Cm3Start.o
LOAD .\ARM_GCC_493\Debug\Lab3.a
LOAD C:\Program Files (x86)\Cypress\PSoC Creator\3.3\PSoC Creator\psoc\content\cycomponentlibrary\CyComponentLibrary.cylib\CortexM3\ARM_GCC_493\Debug\CyComponentLibrary.a
END GROUP
START GROUP
LOAD c:/program files (x86)/cypress/psoc creator/3.3/psoc creator/import/gnu/arm/4.9.3/bin/../lib/gcc/arm-none-eabi/4.9.3/armv7-m\libgcc.a
LOAD c:/program files (x86)/cypress/psoc creator/3.3/psoc creator/import/gnu/arm/4.9.3/bin/../lib/gcc/arm-none-eabi/4.9.3/../../../../arm-none-eabi/lib/armv7-m\libg_nano.a
LOAD c:/program files (x86)/cypress/psoc creator/3.3/psoc creator/import/gnu/arm/4.9.3/bin/../lib/gcc/arm-none-eabi/4.9.3/../../../../arm-none-eabi/lib/armv7-m\libc_nano.a
END GROUP
START GROUP
LOAD c:/program files (x86)/cypress/psoc creator/3.3/psoc creator/import/gnu/arm/4.9.3/bin/../lib/gcc/arm-none-eabi/4.9.3/armv7-m\libgcc.a
LOAD c:/program files (x86)/cypress/psoc creator/3.3/psoc creator/import/gnu/arm/4.9.3/bin/../lib/gcc/arm-none-eabi/4.9.3/../../../../arm-none-eabi/lib/armv7-m\libc_nano.a
END GROUP
LOAD c:/program files (x86)/cypress/psoc creator/3.3/psoc creator/import/gnu/arm/4.9.3/bin/../lib/gcc/arm-none-eabi/4.9.3/armv7-m/crtend.o
LOAD c:/program files (x86)/cypress/psoc creator/3.3/psoc creator/import/gnu/arm/4.9.3/bin/../lib/gcc/arm-none-eabi/4.9.3/armv7-m/crtn.o
START GROUP
LOAD c:/program files (x86)/cypress/psoc creator/3.3/psoc creator/import/gnu/arm/4.9.3/bin/../lib/gcc/arm-none-eabi/4.9.3/armv7-m\libgcc.a
LOAD c:/program files (x86)/cypress/psoc creator/3.3/psoc creator/import/gnu/arm/4.9.3/bin/../lib/gcc/arm-none-eabi/4.9.3/../../../../arm-none-eabi/lib/armv7-m\libc.a
LOAD c:/program files (x86)/cypress/psoc creator/3.3/psoc creator/import/gnu/arm/4.9.3/bin/../lib/gcc/arm-none-eabi/4.9.3/../../../../arm-none-eabi/lib/armv7-m\libnosys.a
END GROUP
                0x00000000                CY_APPL_ORIGIN = 0x0
                0x00000100                CY_FLASH_ROW_SIZE = 0x100
                0x00000020                CY_ECC_ROW_SIZE = 0x20
                0x00000000                CY_EE_IN_BTLDR = 0x0
                0x00000000                CY_APPL_LOADABLE = 0x0
                0x00000800                CY_EE_SIZE = 0x800
                0x00000001                CY_APPL_NUM = 0x1
                0x00000001                CY_APPL_MAX = 0x1
                0x00000040                CY_METADATA_SIZE = 0x40
                0x00000000                CY_APPL_LOADABLE = 0x0
                0x00000000                CY_CHECKSUM_EXCLUDE_SIZE = ALIGN (0x0, CY_FLASH_ROW_SIZE)
                0x1fff9220                PROVIDE (__cy_heap_start, _end)
                0x00000001                PROVIDE (__cy_region_num, ((__cy_regions_end - __cy_regions) / 0x10))
                0x20008000                PROVIDE (__cy_stack, (ORIGIN (ram) + 0x10000))
                0x20007800                PROVIDE (__cy_heap_end, (__cy_stack - 0x800))

.cybootloader   0x00000000        0x0
 *(.cybootloader)
                0x00000000                appl1_start = CY_APPL_ORIGIN?CY_APPL_ORIGIN:ALIGN (CY_FLASH_ROW_SIZE)
                0x0001ff00                appl2_start = (appl1_start + ALIGN ((((0x40000 - appl1_start) - (0x2 * CY_FLASH_ROW_SIZE)) / 0x2), CY_FLASH_ROW_SIZE))
                0x00000000                appl_start = (CY_APPL_NUM == 0x1)?appl1_start:appl2_start
                0x00000000                ecc_offset = ((appl_start / CY_FLASH_ROW_SIZE) * CY_ECC_ROW_SIZE)
                0x00000000                ee_offset = (CY_APPL_LOADABLE && ! (CY_EE_IN_BTLDR))?((CY_EE_SIZE / CY_APPL_MAX) * (CY_APPL_NUM - 0x1)):0x0
                0x00000800                ee_size = (CY_APPL_LOADABLE && ! (CY_EE_IN_BTLDR))?(CY_EE_SIZE / CY_APPL_MAX):CY_EE_SIZE
                0x00000000                PROVIDE (CY_ECC_OFFSET, ecc_offset)

.text           0x00000000     0x3358
 CREATE_OBJECT_SYMBOLS
                0x00000000                PROVIDE (__cy_interrupt_vector, RomVectors)
 *(.romvectors)
 .romvectors    0x00000000       0x10 .\ARM_GCC_493\Debug\Cm3Start.o
                0x00000000                RomVectors
                0x00000001                ASSERT ((. != __cy_interrupt_vector), No interrupt vector)
                0x00000001                ASSERT (CY_APPL_ORIGIN?(SIZEOF (.cybootloader) <= CY_APPL_ORIGIN):0x1, Wrong image location)
                0x00000010                PROVIDE (__cy_reset, Reset)
 *(.text.Reset)
 .text.Reset    0x00000010       0x18 .\ARM_GCC_493\Debug\Cm3Start.o
                0x00000010                Reset
                0x00000001                ASSERT ((. != __cy_reset), No reset code)
 *(.dma_init)
                0x00000001                ASSERT ((((appl_start + .) <= 0x10000) || 0x1), DMA Init must be within the first 64k of flash)
 *(.text .text.* .gnu.linkonce.t.*)
 .text          0x00000028       0x5c c:/program files (x86)/cypress/psoc creator/3.3/psoc creator/import/gnu/arm/4.9.3/bin/../lib/gcc/arm-none-eabi/4.9.3/armv7-m/crtbegin.o
 .text.DMA_Handler
                0x00000084       0x14 .\ARM_GCC_493\Debug\main.o
                0x00000084                DMA_Handler
 .text.ReadSerial
                0x00000098      0x328 .\ARM_GCC_493\Debug\main.o
                0x00000098                ReadSerial
 .text.main     0x000003c0       0xfc .\ARM_GCC_493\Debug\main.o
                0x000003c0                main
 .text.Turn_servo_degrees
                0x000004bc       0x50 .\ARM_GCC_493\Debug\main.o
                0x000004bc                Turn_servo_degrees
 .text.Sing     0x0000050c       0x34 .\ARM_GCC_493\Debug\main.o
                0x0000050c                Sing
 .text.IntDefaultHandler
                0x00000540        0x8 .\ARM_GCC_493\Debug\Cm3Start.o
                0x00000540                IntDefaultHandler
 .text._sbrk    0x00000548       0x50 .\ARM_GCC_493\Debug\Cm3Start.o
                0x00000548                _sbrk
 .text.Start_c  0x00000598       0x98 .\ARM_GCC_493\Debug\Cm3Start.o
                0x00000598                Start_c
 .text.initialize_psoc
                0x00000630       0x90 .\ARM_GCC_493\Debug\Cm3Start.o
                0x00000630                initialize_psoc
 .text.CYMEMZERO
                0x000006c0       0x1c .\ARM_GCC_493\Debug\Lab3.a(cyfitter_cfg.o)
 .text.CYCONFIGCPY
                0x000006dc       0x1c .\ARM_GCC_493\Debug\Lab3.a(cyfitter_cfg.o)
 .text.CyClockStartupError
                0x000006f8        0xc .\ARM_GCC_493\Debug\Lab3.a(cyfitter_cfg.o)
 .text.cfg_write_bytes32
                0x00000704       0x74 .\ARM_GCC_493\Debug\Lab3.a(cyfitter_cfg.o)
 .text.ClockSetup
                0x00000778      0x194 .\ARM_GCC_493\Debug\Lab3.a(cyfitter_cfg.o)
 .text.AnalogSetDefault
                0x0000090c       0x58 .\ARM_GCC_493\Debug\Lab3.a(cyfitter_cfg.o)
 .text.ADC_DelSig_1_AMux_Set
                0x00000964       0x40 .\ARM_GCC_493\Debug\Lab3.a(cyfitter_cfg.o)
                0x00000964                ADC_DelSig_1_AMux_Set
 .text.ADC_DelSig_1_AMux_Unset
                0x000009a4       0x44 .\ARM_GCC_493\Debug\Lab3.a(cyfitter_cfg.o)
                0x000009a4                ADC_DelSig_1_AMux_Unset
 .text.cyfitter_cfg
                0x000009e8      0x1b0 .\ARM_GCC_493\Debug\Lab3.a(cyfitter_cfg.o)
                0x000009e8                cyfitter_cfg
 .text.ADC_DelSig_1_Init
                0x00000b98      0x158 .\ARM_GCC_493\Debug\Lab3.a(ADC_DelSig_1.o)
                0x00000b98                ADC_DelSig_1_Init
 .text.ADC_DelSig_1_Enable
                0x00000cf0      0x158 .\ARM_GCC_493\Debug\Lab3.a(ADC_DelSig_1.o)
                0x00000cf0                ADC_DelSig_1_Enable
 .text.ADC_DelSig_1_Start
                0x00000e48       0x30 .\ARM_GCC_493\Debug\Lab3.a(ADC_DelSig_1.o)
                0x00000e48                ADC_DelSig_1_Start
 .text.ADC_DelSig_1_StartConvert
                0x00000e78       0x20 .\ARM_GCC_493\Debug\Lab3.a(ADC_DelSig_1.o)
                0x00000e78                ADC_DelSig_1_StartConvert
 .text.ADC_DelSig_1_IsEndConversion
                0x00000e98       0x50 .\ARM_GCC_493\Debug\Lab3.a(ADC_DelSig_1.o)
                0x00000e98                ADC_DelSig_1_IsEndConversion
 .text.ADC_DelSig_1_GetResult8
                0x00000ee8       0x68 .\ARM_GCC_493\Debug\Lab3.a(ADC_DelSig_1.o)
                0x00000ee8                ADC_DelSig_1_GetResult8
 .text.ADC_DelSig_1_CountsTo_mVolts
                0x00000f50       0x40 .\ARM_GCC_493\Debug\Lab3.a(ADC_DelSig_1.o)
                0x00000f50                ADC_DelSig_1_CountsTo_mVolts
 .text.ADC_DelSig_1_InitConfig
                0x00000f90      0x408 .\ARM_GCC_493\Debug\Lab3.a(ADC_DelSig_1.o)
 .text.ADC_DelSig_1_GainCompensation
                0x00001398      0x16c .\ARM_GCC_493\Debug\Lab3.a(ADC_DelSig_1.o)
 .text.ADC_DelSig_1_SetDSMRef0Reg
                0x00001504       0x78 .\ARM_GCC_493\Debug\Lab3.a(ADC_DelSig_1.o)
 .text.ADC_DelSig_1_ISR1
                0x0000157c        0xc .\ARM_GCC_493\Debug\Lab3.a(ADC_DelSig_1_INT.o)
                0x0000157c                ADC_DelSig_1_ISR1
 .text.ADC_DelSig_1_ISR2
                0x00001588        0xc .\ARM_GCC_493\Debug\Lab3.a(ADC_DelSig_1_INT.o)
                0x00001588                ADC_DelSig_1_ISR2
 .text.ADC_DelSig_1_ISR3
                0x00001594        0xc .\ARM_GCC_493\Debug\Lab3.a(ADC_DelSig_1_INT.o)
                0x00001594                ADC_DelSig_1_ISR3
 .text.ADC_DelSig_1_ISR4
                0x000015a0        0xc .\ARM_GCC_493\Debug\Lab3.a(ADC_DelSig_1_INT.o)
                0x000015a0                ADC_DelSig_1_ISR4
 .text.UART_1_Start
                0x000015ac       0x20 .\ARM_GCC_493\Debug\Lab3.a(UART_1.o)
                0x000015ac                UART_1_Start
 .text.UART_1_Init
                0x000015cc       0x58 .\ARM_GCC_493\Debug\Lab3.a(UART_1.o)
                0x000015cc                UART_1_Init
 .text.UART_1_Enable
                0x00001624       0x68 .\ARM_GCC_493\Debug\Lab3.a(UART_1.o)
                0x00001624                UART_1_Enable
 .text.UART_1_SetRxInterruptMode
                0x0000168c       0x20 .\ARM_GCC_493\Debug\Lab3.a(UART_1.o)
                0x0000168c                UART_1_SetRxInterruptMode
 .text.UART_1_GetChar
                0x000016ac       0xb8 .\ARM_GCC_493\Debug\Lab3.a(UART_1.o)
                0x000016ac                UART_1_GetChar
 .text.UART_1_PutChar
                0x00001764       0x34 .\ARM_GCC_493\Debug\Lab3.a(UART_1.o)
                0x00001764                UART_1_PutChar
 .text.UART_1_PutString
                0x00001798       0x40 .\ARM_GCC_493\Debug\Lab3.a(UART_1.o)
                0x00001798                UART_1_PutString
 .text.UART_1_RXISR
                0x000017d8       0xd8 .\ARM_GCC_493\Debug\Lab3.a(UART_1_INT.o)
                0x000017d8                UART_1_RXISR
 .text.ADC_DelSig_1_AMux_Start
                0x000018b0       0x30 .\ARM_GCC_493\Debug\Lab3.a(ADC_DelSig_1_AMux.o)
                0x000018b0                ADC_DelSig_1_AMux_Start
 .text.ADC_DelSig_1_AMux_Select
                0x000018e0       0x28 .\ARM_GCC_493\Debug\Lab3.a(ADC_DelSig_1_AMux.o)
                0x000018e0                ADC_DelSig_1_AMux_Select
 .text.ADC_DelSig_1_Ext_CP_Clk_SetDividerRegister
                0x00001908      0x160 .\ARM_GCC_493\Debug\Lab3.a(ADC_DelSig_1_Ext_CP_Clk.o)
                0x00001908                ADC_DelSig_1_Ext_CP_Clk_SetDividerRegister
 .text.ADC_DelSig_1_Ext_CP_Clk_GetDividerRegister
                0x00001a68       0x18 .\ARM_GCC_493\Debug\Lab3.a(ADC_DelSig_1_Ext_CP_Clk.o)
                0x00001a68                ADC_DelSig_1_Ext_CP_Clk_GetDividerRegister
 .text.ADC_DelSig_1_Ext_CP_Clk_SetModeRegister
                0x00001a80       0x34 .\ARM_GCC_493\Debug\Lab3.a(ADC_DelSig_1_Ext_CP_Clk.o)
                0x00001a80                ADC_DelSig_1_Ext_CP_Clk_SetModeRegister
 .text.ADC_DelSig_1_Ext_CP_Clk_GetSourceRegister
                0x00001ab4       0x20 .\ARM_GCC_493\Debug\Lab3.a(ADC_DelSig_1_Ext_CP_Clk.o)
                0x00001ab4                ADC_DelSig_1_Ext_CP_Clk_GetSourceRegister
 .text.ADC_DelSig_1_theACLK_SetDividerRegister
                0x00001ad4      0x160 .\ARM_GCC_493\Debug\Lab3.a(ADC_DelSig_1_theACLK.o)
                0x00001ad4                ADC_DelSig_1_theACLK_SetDividerRegister
 .text.ADC_DelSig_1_theACLK_GetDividerRegister
                0x00001c34       0x18 .\ARM_GCC_493\Debug\Lab3.a(ADC_DelSig_1_theACLK.o)
                0x00001c34                ADC_DelSig_1_theACLK_GetDividerRegister
 .text.ADC_DelSig_1_theACLK_SetModeRegister
                0x00001c4c       0x34 .\ARM_GCC_493\Debug\Lab3.a(ADC_DelSig_1_theACLK.o)
                0x00001c4c                ADC_DelSig_1_theACLK_SetModeRegister
 .text.ADC_DelSig_1_theACLK_GetSourceRegister
                0x00001c80       0x20 .\ARM_GCC_493\Debug\Lab3.a(ADC_DelSig_1_theACLK.o)
                0x00001c80                ADC_DelSig_1_theACLK_GetSourceRegister
 .text.UART_1_IntClock_Start
                0x00001ca0       0x34 .\ARM_GCC_493\Debug\Lab3.a(UART_1_IntClock.o)
                0x00001ca0                UART_1_IntClock_Start
 *fill*         0x00001cd4        0x4 
 .text          0x00001cd8       0x58 .\ARM_GCC_493\Debug\Lab3.a(CyBootAsmGnu.o)
                0x00001cd8                CyDelayCycles
                0x00001d16                CyEnterCriticalSection
                0x00001d1e                CyExitCriticalSection
 .text.CyDmacConfigure
                0x00001d30       0x5c .\ARM_GCC_493\Debug\Lab3.a(CyDmac.o)
                0x00001d30                CyDmacConfigure
 .text.CyDmaChEnable
                0x00001d8c       0x8c .\ARM_GCC_493\Debug\Lab3.a(CyDmac.o)
                0x00001d8c                CyDmaChEnable
 .text.CyDmaChPriority
                0x00001e18       0x60 .\ARM_GCC_493\Debug\Lab3.a(CyDmac.o)
                0x00001e18                CyDmaChPriority
 .text.CyDmaChSetExtendedAddress
                0x00001e78       0x7c .\ARM_GCC_493\Debug\Lab3.a(CyDmac.o)
                0x00001e78                CyDmaChSetExtendedAddress
 .text.CyDmaChSetInitialTd
                0x00001ef4       0x3c .\ARM_GCC_493\Debug\Lab3.a(CyDmac.o)
                0x00001ef4                CyDmaChSetInitialTd
 .text.CyDmaChSetConfiguration
                0x00001f30       0xa0 .\ARM_GCC_493\Debug\Lab3.a(CyDmac.o)
                0x00001f30                CyDmaChSetConfiguration
 .text.CyDmaTdAllocate
                0x00001fd0       0x5c .\ARM_GCC_493\Debug\Lab3.a(CyDmac.o)
                0x00001fd0                CyDmaTdAllocate
 .text.CyDmaTdSetConfiguration
                0x0000202c       0x80 .\ARM_GCC_493\Debug\Lab3.a(CyDmac.o)
                0x0000202c                CyDmaTdSetConfiguration
 .text.CyDmaTdSetAddress
                0x000020ac       0x5c .\ARM_GCC_493\Debug\Lab3.a(CyDmac.o)
                0x000020ac                CyDmaTdSetAddress
 .text.CyHalt   0x00002108       0x18 .\ARM_GCC_493\Debug\Lab3.a(CyLib.o)
                0x00002108                CyHalt
 .text.CyDelayUs
                0x00002120       0x24 .\ARM_GCC_493\Debug\Lab3.a(CyLib.o)
                0x00002120                CyDelayUs
 .text.CyIntSetVector
                0x00002144       0x50 .\ARM_GCC_493\Debug\Lab3.a(CyLib.o)
                0x00002144                CyIntSetVector
 .text.CyIntSetPriority
                0x00002194       0x44 .\ARM_GCC_493\Debug\Lab3.a(CyLib.o)
                0x00002194                CyIntSetPriority
 .text.isr_1_StartEx
                0x000021d8       0x24 .\ARM_GCC_493\Debug\Lab3.a(isr_1.o)
                0x000021d8                isr_1_StartEx
 .text.isr_1_SetVector
                0x000021fc       0x24 .\ARM_GCC_493\Debug\Lab3.a(isr_1.o)
                0x000021fc                isr_1_SetVector
 .text.isr_1_SetPriority
                0x00002220       0x24 .\ARM_GCC_493\Debug\Lab3.a(isr_1.o)
                0x00002220                isr_1_SetPriority
 .text.isr_1_Enable
                0x00002244       0x18 .\ARM_GCC_493\Debug\Lab3.a(isr_1.o)
                0x00002244                isr_1_Enable
 .text.isr_1_Disable
                0x0000225c       0x18 .\ARM_GCC_493\Debug\Lab3.a(isr_1.o)
                0x0000225c                isr_1_Disable
 .text.isr_1_ClearPending
                0x00002274       0x18 .\ARM_GCC_493\Debug\Lab3.a(isr_1.o)
                0x00002274                isr_1_ClearPending
 .text.WaveDAC8_1_Init
                0x0000228c       0x50 .\ARM_GCC_493\Debug\Lab3.a(WaveDAC8_1.o)
                0x0000228c                WaveDAC8_1_Init
 .text.WaveDAC8_1_Enable
                0x000022dc       0x34 .\ARM_GCC_493\Debug\Lab3.a(WaveDAC8_1.o)
                0x000022dc                WaveDAC8_1_Enable
 .text.WaveDAC8_1_Start
                0x00002310       0x20 .\ARM_GCC_493\Debug\Lab3.a(WaveDAC8_1.o)
                0x00002310                WaveDAC8_1_Start
 .text.WaveDAC8_1_Wave1Setup
                0x00002330       0x70 .\ARM_GCC_493\Debug\Lab3.a(WaveDAC8_1.o)
                0x00002330                WaveDAC8_1_Wave1Setup
 .text.WaveDAC8_1_Wave2Setup
                0x000023a0       0x70 .\ARM_GCC_493\Debug\Lab3.a(WaveDAC8_1.o)
                0x000023a0                WaveDAC8_1_Wave2Setup
 .text.WaveDAC8_1_DacClk_Start
                0x00002410       0x34 .\ARM_GCC_493\Debug\Lab3.a(WaveDAC8_1_DacClk.o)
                0x00002410                WaveDAC8_1_DacClk_Start
 .text.WaveDAC8_1_Wave1_DMA_DmaInitialize
                0x00002444       0x68 .\ARM_GCC_493\Debug\Lab3.a(WaveDAC8_1_Wave1_DMA_dma.o)
                0x00002444                WaveDAC8_1_Wave1_DMA_DmaInitialize
 .text.WaveDAC8_1_Wave2_DMA_DmaInitialize
                0x000024ac       0x68 .\ARM_GCC_493\Debug\Lab3.a(WaveDAC8_1_Wave2_DMA_dma.o)
                0x000024ac                WaveDAC8_1_Wave2_DMA_DmaInitialize
 .text.WaveDAC8_1_VDAC8_Init
                0x00002514       0x3c .\ARM_GCC_493\Debug\Lab3.a(WaveDAC8_1_VDAC8.o)
                0x00002514                WaveDAC8_1_VDAC8_Init
 .text.WaveDAC8_1_VDAC8_Enable
                0x00002550       0x34 .\ARM_GCC_493\Debug\Lab3.a(WaveDAC8_1_VDAC8.o)
                0x00002550                WaveDAC8_1_VDAC8_Enable
 .text.WaveDAC8_1_VDAC8_SetSpeed
                0x00002584       0x40 .\ARM_GCC_493\Debug\Lab3.a(WaveDAC8_1_VDAC8.o)
                0x00002584                WaveDAC8_1_VDAC8_SetSpeed
 .text.WaveDAC8_1_VDAC8_SetRange
                0x000025c4       0x40 .\ARM_GCC_493\Debug\Lab3.a(WaveDAC8_1_VDAC8.o)
                0x000025c4                WaveDAC8_1_VDAC8_SetRange
 .text.WaveDAC8_1_VDAC8_SetValue
                0x00002604       0x20 .\ARM_GCC_493\Debug\Lab3.a(WaveDAC8_1_VDAC8.o)
                0x00002604                WaveDAC8_1_VDAC8_SetValue
 .text.WaveDAC8_1_VDAC8_DacTrim
                0x00002624       0x3c .\ARM_GCC_493\Debug\Lab3.a(WaveDAC8_1_VDAC8.o)
                0x00002624                WaveDAC8_1_VDAC8_DacTrim
 .text.Waveform_Reg_Write
                0x00002660       0x20 .\ARM_GCC_493\Debug\Lab3.a(Waveform_Reg.o)
                0x00002660                Waveform_Reg_Write
 .text.Servo_PWM_Start
                0x00002680       0x20 .\ARM_GCC_493\Debug\Lab3.a(Servo_PWM.o)
                0x00002680                Servo_PWM_Start
 .text.Servo_PWM_Init
                0x000026a0       0x7c .\ARM_GCC_493\Debug\Lab3.a(Servo_PWM.o)
                0x000026a0                Servo_PWM_Init
 .text.Servo_PWM_Enable
                0x0000271c       0x20 .\ARM_GCC_493\Debug\Lab3.a(Servo_PWM.o)
                0x0000271c                Servo_PWM_Enable
 .text.Servo_PWM_WriteCounter
                0x0000273c       0x20 .\ARM_GCC_493\Debug\Lab3.a(Servo_PWM.o)
                0x0000273c                Servo_PWM_WriteCounter
 .text.Servo_PWM_ClearFIFO
                0x0000275c       0x1c .\ARM_GCC_493\Debug\Lab3.a(Servo_PWM.o)
                0x0000275c                Servo_PWM_ClearFIFO
 .text.Servo_PWM_WritePeriod
                0x00002778       0x20 .\ARM_GCC_493\Debug\Lab3.a(Servo_PWM.o)
                0x00002778                Servo_PWM_WritePeriod
 .text.Servo_PWM_WriteCompare
                0x00002798       0x20 .\ARM_GCC_493\Debug\Lab3.a(Servo_PWM.o)
                0x00002798                Servo_PWM_WriteCompare
 .text.Servo_PWM_SetInterruptMode
                0x000027b8       0x20 .\ARM_GCC_493\Debug\Lab3.a(Servo_PWM.o)
                0x000027b8                Servo_PWM_SetInterruptMode
 .text.Servo_PWM_ReadStatusRegister
                0x000027d8       0x18 .\ARM_GCC_493\Debug\Lab3.a(Servo_PWM.o)
                0x000027d8                Servo_PWM_ReadStatusRegister
 .text.Servo_PWM_ReadCapture
                0x000027f0       0x18 .\ARM_GCC_493\Debug\Lab3.a(Servo_PWM.o)
                0x000027f0                Servo_PWM_ReadCapture
 .text.DMA_1_DmaInitialize
                0x00002808       0x68 .\ARM_GCC_493\Debug\Lab3.a(DMA_1_dma.o)
                0x00002808                DMA_1_DmaInitialize
 .text.dma_interrupt_StartEx
                0x00002870       0x24 .\ARM_GCC_493\Debug\Lab3.a(dma_interrupt.o)
                0x00002870                dma_interrupt_StartEx
 .text.dma_interrupt_SetVector
                0x00002894       0x24 .\ARM_GCC_493\Debug\Lab3.a(dma_interrupt.o)
                0x00002894                dma_interrupt_SetVector
 .text.dma_interrupt_SetPriority
                0x000028b8       0x24 .\ARM_GCC_493\Debug\Lab3.a(dma_interrupt.o)
                0x000028b8                dma_interrupt_SetPriority
 .text.dma_interrupt_Enable
                0x000028dc       0x18 .\ARM_GCC_493\Debug\Lab3.a(dma_interrupt.o)
                0x000028dc                dma_interrupt_Enable
 .text.dma_interrupt_Disable
                0x000028f4       0x18 .\ARM_GCC_493\Debug\Lab3.a(dma_interrupt.o)
                0x000028f4                dma_interrupt_Disable
 .text.dma_interrupt_ClearPending
                0x0000290c       0x18 .\ARM_GCC_493\Debug\Lab3.a(dma_interrupt.o)
                0x0000290c                dma_interrupt_ClearPending
 .text.Speaker_PWM_Start
                0x00002924       0x20 .\ARM_GCC_493\Debug\Lab3.a(Speaker_PWM.o)
                0x00002924                Speaker_PWM_Start
 .text.Speaker_PWM_Init
                0x00002944       0x94 .\ARM_GCC_493\Debug\Lab3.a(Speaker_PWM.o)
                0x00002944                Speaker_PWM_Init
 .text.Speaker_PWM_Enable
                0x000029d8       0x20 .\ARM_GCC_493\Debug\Lab3.a(Speaker_PWM.o)
                0x000029d8                Speaker_PWM_Enable
 .text.Speaker_PWM_WriteCounter
                0x000029f8       0x20 .\ARM_GCC_493\Debug\Lab3.a(Speaker_PWM.o)
                0x000029f8                Speaker_PWM_WriteCounter
 .text.Speaker_PWM_ClearFIFO
                0x00002a18       0x1c .\ARM_GCC_493\Debug\Lab3.a(Speaker_PWM.o)
                0x00002a18                Speaker_PWM_ClearFIFO
 .text.Speaker_PWM_WritePeriod
                0x00002a34       0x20 .\ARM_GCC_493\Debug\Lab3.a(Speaker_PWM.o)
                0x00002a34                Speaker_PWM_WritePeriod
 .text.Speaker_PWM_WriteCompare
                0x00002a54       0x20 .\ARM_GCC_493\Debug\Lab3.a(Speaker_PWM.o)
                0x00002a54                Speaker_PWM_WriteCompare
 .text.Speaker_PWM_SetInterruptMode
                0x00002a74       0x20 .\ARM_GCC_493\Debug\Lab3.a(Speaker_PWM.o)
                0x00002a74                Speaker_PWM_SetInterruptMode
 .text.Speaker_PWM_ReadStatusRegister
                0x00002a94       0x18 .\ARM_GCC_493\Debug\Lab3.a(Speaker_PWM.o)
                0x00002a94                Speaker_PWM_ReadStatusRegister
 .text.Speaker_PWM_ReadCapture
                0x00002aac       0x18 .\ARM_GCC_493\Debug\Lab3.a(Speaker_PWM.o)
                0x00002aac                Speaker_PWM_ReadCapture
 .text.__errno  0x00002ac4        0xc c:/program files (x86)/cypress/psoc creator/3.3/psoc creator/import/gnu/arm/4.9.3/bin/../lib/gcc/arm-none-eabi/4.9.3/../../../../arm-none-eabi/lib/armv7-m\libg_nano.a(lib_a-errno.o)
                0x00002ac4                __errno
 .text.__libc_init_array
                0x00002ad0       0x4c c:/program files (x86)/cypress/psoc creator/3.3/psoc creator/import/gnu/arm/4.9.3/bin/../lib/gcc/arm-none-eabi/4.9.3/../../../../arm-none-eabi/lib/armv7-m\libg_nano.a(lib_a-init.o)
                0x00002ad0                __libc_init_array
 .text.memcpy   0x00002b1c       0x16 c:/program files (x86)/cypress/psoc creator/3.3/psoc creator/import/gnu/arm/4.9.3/bin/../lib/gcc/arm-none-eabi/4.9.3/../../../../arm-none-eabi/lib/armv7-m\libg_nano.a(lib_a-memcpy.o)
                0x00002b1c                memcpy
 .text.memset   0x00002b32       0x10 c:/program files (x86)/cypress/psoc creator/3.3/psoc creator/import/gnu/arm/4.9.3/bin/../lib/gcc/arm-none-eabi/4.9.3/../../../../arm-none-eabi/lib/armv7-m\libg_nano.a(lib_a-memset.o)
                0x00002b32                memset
 *fill*         0x00002b42        0x2 
 .text.sprintf  0x00002b44       0x48 c:/program files (x86)/cypress/psoc creator/3.3/psoc creator/import/gnu/arm/4.9.3/bin/../lib/gcc/arm-none-eabi/4.9.3/../../../../arm-none-eabi/lib/armv7-m\libg_nano.a(lib_a-sprintf.o)
                0x00002b44                siprintf
                0x00002b44                sprintf
 .text.__ssputs_r
                0x00002b8c       0xb2 c:/program files (x86)/cypress/psoc creator/3.3/psoc creator/import/gnu/arm/4.9.3/bin/../lib/gcc/arm-none-eabi/4.9.3/../../../../arm-none-eabi/lib/armv7-m\libg_nano.a(lib_a-nano-svfprintf.o)
                0x00002b8c                __ssputs_r
 *fill*         0x00002c3e        0x2 
 .text._svfprintf_r
                0x00002c40      0x1e4 c:/program files (x86)/cypress/psoc creator/3.3/psoc creator/import/gnu/arm/4.9.3/bin/../lib/gcc/arm-none-eabi/4.9.3/../../../../arm-none-eabi/lib/armv7-m\libg_nano.a(lib_a-nano-svfprintf.o)
                0x00002c40                _svfiprintf_r
                0x00002c40                _svfprintf_r
 .text._printf_common
                0x00002e24       0xea c:/program files (x86)/cypress/psoc creator/3.3/psoc creator/import/gnu/arm/4.9.3/bin/../lib/gcc/arm-none-eabi/4.9.3/../../../../arm-none-eabi/lib/armv7-m\libg_nano.a(lib_a-nano-vfprintf_i.o)
                0x00002e24                _printf_common
 *fill*         0x00002f0e        0x2 
 .text._printf_i
                0x00002f10      0x240 c:/program files (x86)/cypress/psoc creator/3.3/psoc creator/import/gnu/arm/4.9.3/bin/../lib/gcc/arm-none-eabi/4.9.3/../../../../arm-none-eabi/lib/armv7-m\libg_nano.a(lib_a-nano-vfprintf_i.o)
                0x00002f10                _printf_i
 .text.memchr   0x00003150       0x1c c:/program files (x86)/cypress/psoc creator/3.3/psoc creator/import/gnu/arm/4.9.3/bin/../lib/gcc/arm-none-eabi/4.9.3/../../../../arm-none-eabi/lib/armv7-m\libg_nano.a(lib_a-memchr.o)
                0x00003150                memchr
 .text.memmove  0x0000316c       0x36 c:/program files (x86)/cypress/psoc creator/3.3/psoc creator/import/gnu/arm/4.9.3/bin/../lib/gcc/arm-none-eabi/4.9.3/../../../../arm-none-eabi/lib/armv7-m\libg_nano.a(lib_a-memmove.o)
                0x0000316c                memmove
 *fill*         0x000031a2        0x2 
 .text._free_r  0x000031a4       0x88 c:/program files (x86)/cypress/psoc creator/3.3/psoc creator/import/gnu/arm/4.9.3/bin/../lib/gcc/arm-none-eabi/4.9.3/../../../../arm-none-eabi/lib/armv7-m\libg_nano.a(lib_a-nano-freer.o)
                0x000031a4                _free_r
 .text._malloc_r
                0x0000322c       0xac c:/program files (x86)/cypress/psoc creator/3.3/psoc creator/import/gnu/arm/4.9.3/bin/../lib/gcc/arm-none-eabi/4.9.3/../../../../arm-none-eabi/lib/armv7-m\libg_nano.a(lib_a-nano-mallocr.o)
                0x0000322c                _malloc_r
 .text._realloc_r
                0x000032d8       0x4c c:/program files (x86)/cypress/psoc creator/3.3/psoc creator/import/gnu/arm/4.9.3/bin/../lib/gcc/arm-none-eabi/4.9.3/../../../../arm-none-eabi/lib/armv7-m\libg_nano.a(lib_a-nano-reallocr.o)
                0x000032d8                _realloc_r
 .text._sbrk_r  0x00003324       0x20 c:/program files (x86)/cypress/psoc creator/3.3/psoc creator/import/gnu/arm/4.9.3/bin/../lib/gcc/arm-none-eabi/4.9.3/../../../../arm-none-eabi/lib/armv7-m\libg_nano.a(lib_a-sbrkr.o)
                0x00003324                _sbrk_r
 .text._malloc_usable_size_r
                0x00003344       0x14 c:/program files (x86)/cypress/psoc creator/3.3/psoc creator/import/gnu/arm/4.9.3/bin/../lib/gcc/arm-none-eabi/4.9.3/../../../../arm-none-eabi/lib/armv7-m\libg_nano.a(lib_a-nano-msizer.o)
                0x00003344                _malloc_usable_size_r
 *(.plt)
 *(.gnu.warning)
 *(.glue_7t)
 .glue_7t       0x00000000        0x0 linker stubs
 *(.glue_7)
 .glue_7        0x00000000        0x0 linker stubs
 *(.vfp11_veneer)
 .vfp11_veneer  0x00000000        0x0 linker stubs
 *(.bootloader)
 *(.ARM.extab* .gnu.linkonce.armextab.*)
 *(.gcc_except_table)

.v4_bx          0x00003358        0x0
 .v4_bx         0x00000000        0x0 linker stubs

.iplt           0x00003358        0x0
 .iplt          0x00000000        0x0 c:/program files (x86)/cypress/psoc creator/3.3/psoc creator/import/gnu/arm/4.9.3/bin/../lib/gcc/arm-none-eabi/4.9.3/armv7-m/crtbegin.o

.eh_frame_hdr
 *(.eh_frame_hdr)

.eh_frame       0x00003358        0x4
 *(.eh_frame)
 .eh_frame      0x00003358        0x0 c:/program files (x86)/cypress/psoc creator/3.3/psoc creator/import/gnu/arm/4.9.3/bin/../lib/gcc/arm-none-eabi/4.9.3/armv7-m/crtbegin.o
 .eh_frame      0x00003358        0x4 c:/program files (x86)/cypress/psoc creator/3.3/psoc creator/import/gnu/arm/4.9.3/bin/../lib/gcc/arm-none-eabi/4.9.3/armv7-m/crtend.o
                0x0000335c                PROVIDE (__exidx_start, .)

.ARM.exidx
 *(.ARM.exidx* .gnu.linkonce.armexidx.*)
                0x0000335c                __exidx_end = .

.rodata         0x0000335c      0x59c
 *(.rodata .rodata.* .gnu.linkonce.r.*)
 .rodata        0x0000335c       0xdc .\ARM_GCC_493\Debug\main.o
 .rodata        0x00003438       0x50 .\ARM_GCC_493\Debug\Lab3.a(cyfitter_cfg.o)
                0x00003438                ADC_DelSig_1_AMux__addrTable
                0x00003440                ADC_DelSig_1_AMux__maskTable
 .rodata        0x00003488      0x404 .\ARM_GCC_493\Debug\Lab3.a(WaveDAC8_1.o)
                0x00003488                WaveDAC8_1_wave1
                0x000034a4                WaveDAC8_1_wave2
 .rodata.str1.1
                0x0000388c        0x2 c:/program files (x86)/cypress/psoc creator/3.3/psoc creator/import/gnu/arm/4.9.3/bin/../lib/gcc/arm-none-eabi/4.9.3/../../../../arm-none-eabi/lib/armv7-m\libg_nano.a(lib_a-impure.o)
 .rodata.str1.1
                0x0000388e       0x11 c:/program files (x86)/cypress/psoc creator/3.3/psoc creator/import/gnu/arm/4.9.3/bin/../lib/gcc/arm-none-eabi/4.9.3/../../../../arm-none-eabi/lib/armv7-m\libg_nano.a(lib_a-nano-svfprintf.o)
 .rodata.str1.1
                0x0000389f       0x22 c:/program files (x86)/cypress/psoc creator/3.3/psoc creator/import/gnu/arm/4.9.3/bin/../lib/gcc/arm-none-eabi/4.9.3/../../../../arm-none-eabi/lib/armv7-m\libg_nano.a(lib_a-nano-vfprintf_i.o)
                0x000038c4                . = ALIGN (0x4)
 *fill*         0x000038c1        0x3 
 *(.init)
 .init          0x000038c4        0x4 c:/program files (x86)/cypress/psoc creator/3.3/psoc creator/import/gnu/arm/4.9.3/bin/../lib/gcc/arm-none-eabi/4.9.3/armv7-m/crti.o
                0x000038c4                _init
 .init          0x000038c8        0x8 c:/program files (x86)/cypress/psoc creator/3.3/psoc creator/import/gnu/arm/4.9.3/bin/../lib/gcc/arm-none-eabi/4.9.3/armv7-m/crtn.o
                0x000038d0                . = ALIGN (0x4)
                0x000038d0                __preinit_array_start = .
 *(.preinit_array)
                0x000038d0                __preinit_array_end = .
                0x000038d0                . = ALIGN (0x4)
                0x000038d0                __init_array_start = .
 *(SORT(.init_array.*))
 *(.init_array)
 .init_array    0x000038d0        0x4 c:/program files (x86)/cypress/psoc creator/3.3/psoc creator/import/gnu/arm/4.9.3/bin/../lib/gcc/arm-none-eabi/4.9.3/armv7-m/crtbegin.o
 .init_array    0x000038d4        0x4 .\ARM_GCC_493\Debug\Cm3Start.o
                0x000038d8                __init_array_end = .
                0x000038d8                . = ALIGN (0x4)
 *(.fini)
 .fini          0x000038d8        0x4 c:/program files (x86)/cypress/psoc creator/3.3/psoc creator/import/gnu/arm/4.9.3/bin/../lib/gcc/arm-none-eabi/4.9.3/armv7-m/crti.o
                0x000038d8                _fini
 .fini          0x000038dc        0x8 c:/program files (x86)/cypress/psoc creator/3.3/psoc creator/import/gnu/arm/4.9.3/bin/../lib/gcc/arm-none-eabi/4.9.3/armv7-m/crtn.o
                0x000038e4                . = ALIGN (0x4)
                0x000038e4                __fini_array_start = .
 *(.fini_array)
 .fini_array    0x000038e4        0x4 c:/program files (x86)/cypress/psoc creator/3.3/psoc creator/import/gnu/arm/4.9.3/bin/../lib/gcc/arm-none-eabi/4.9.3/armv7-m/crtbegin.o
 *(SORT(.fini_array.*))
                0x000038e8                __fini_array_end = .
                0x000038e8                . = ALIGN (0x4)
 *crtbegin.o(.ctors)
 *(EXCLUDE_FILE(*crtend.o) .ctors)
 *(SORT(.ctors.*))
 *crtend.o(.ctors)
                0x000038e8                . = ALIGN (0x4)
 *crtbegin.o(.dtors)
 *(EXCLUDE_FILE(*crtend.o) .dtors)
 *(SORT(.dtors.*))
 *crtend.o(.dtors)
                0x000038e8                . = ALIGN (0x4)
                0x000038e8                __cy_regions = .
                0x000038e8        0x4 LONG 0x38f8 __cy_region_init_ram
                0x000038ec        0x4 LONG 0x1fff8108 __cy_region_start_data
                0x000038f0        0x4 LONG 0x90 __cy_region_init_size_ram
                0x000038f4        0x4 LONG 0x1088 __cy_region_zero_size_ram
                0x000038f8                __cy_regions_end = .
                0x000038f8                . = ALIGN (0x8)
                0x000038f8                _etext = .

.cy_checksum_exclude
                0x000038f8        0x0
 *(.cy_checksum_exclude)

.ramvectors     0x1fff8000      0x100
                0x1fff8000                __cy_region_start_ram = .
 *(.ramvectors)
 .ramvectors    0x1fff8000      0x100 .\ARM_GCC_493\Debug\Cm3Start.o
                0x1fff8000                CyRamVectors

.noinit         0x1fff8100        0x5
 *(.noinit)
 .noinit        0x1fff8100        0x4 .\ARM_GCC_493\Debug\Cm3Start.o
 .noinit        0x1fff8104        0x1 .\ARM_GCC_493\Debug\Lab3.a(CyLib.o)
                0x1fff8104                CyResetStatus

.data           0x1fff8108       0x90 load address 0x000038f8
                0x1fff8108                __cy_region_start_data = .
 *(.jcr)
 .jcr           0x1fff8108        0x0 c:/program files (x86)/cypress/psoc creator/3.3/psoc creator/import/gnu/arm/4.9.3/bin/../lib/gcc/arm-none-eabi/4.9.3/armv7-m/crtbegin.o
 .jcr           0x1fff8108        0x4 c:/program files (x86)/cypress/psoc creator/3.3/psoc creator/import/gnu/arm/4.9.3/bin/../lib/gcc/arm-none-eabi/4.9.3/armv7-m/crtend.o
 *(.got.plt)
 *(.got)
 *(.shdata)
 *(.data .data.* .gnu.linkonce.d.*)
 .data          0x1fff810c        0x4 .\ARM_GCC_493\Debug\Cm3Start.o
 .data          0x1fff8110        0x1 .\ARM_GCC_493\Debug\Lab3.a(ADC_DelSig_1.o)
                0x1fff8110                ADC_DelSig_1_Config
 .data          0x1fff8111        0x1 .\ARM_GCC_493\Debug\Lab3.a(ADC_DelSig_1_AMux.o)
 *fill*         0x1fff8112        0x2 
 .data          0x1fff8114        0x8 .\ARM_GCC_493\Debug\Lab3.a(CyDmac.o)
 .data          0x1fff811c       0x10 .\ARM_GCC_493\Debug\Lab3.a(CyLib.o)
                0x1fff811c                cydelay_freq_hz
                0x1fff8120                cydelay_freq_khz
                0x1fff8124                cydelay_freq_mhz
                0x1fff8128                cydelay_32k_ms
 .data          0x1fff812c        0x1 .\ARM_GCC_493\Debug\Lab3.a(WaveDAC8_1_Wave1_DMA_dma.o)
                0x1fff812c                WaveDAC8_1_Wave1_DMA_DmaHandle
 .data          0x1fff812d        0x1 .\ARM_GCC_493\Debug\Lab3.a(WaveDAC8_1_Wave2_DMA_dma.o)
                0x1fff812d                WaveDAC8_1_Wave2_DMA_DmaHandle
 .data          0x1fff812e        0x1 .\ARM_GCC_493\Debug\Lab3.a(DMA_1_dma.o)
                0x1fff812e                DMA_1_DmaHandle
 *fill*         0x1fff812f        0x1 
 .data.impure_data
                0x1fff8130       0x60 c:/program files (x86)/cypress/psoc creator/3.3/psoc creator/import/gnu/arm/4.9.3/bin/../lib/gcc/arm-none-eabi/4.9.3/../../../../arm-none-eabi/lib/armv7-m\libg_nano.a(lib_a-impure.o)
 .data._impure_ptr
                0x1fff8190        0x4 c:/program files (x86)/cypress/psoc creator/3.3/psoc creator/import/gnu/arm/4.9.3/bin/../lib/gcc/arm-none-eabi/4.9.3/../../../../arm-none-eabi/lib/armv7-m\libg_nano.a(lib_a-impure.o)
                0x1fff8190                _impure_ptr
                0x1fff8198                . = ALIGN (0x8)
 *fill*         0x1fff8194        0x4 
 *(.ram)
                0x1fff8198                _edata = .

.igot.plt       0x1fff8198        0x0 load address 0x00003988
 .igot.plt      0x00000000        0x0 c:/program files (x86)/cypress/psoc creator/3.3/psoc creator/import/gnu/arm/4.9.3/bin/../lib/gcc/arm-none-eabi/4.9.3/armv7-m/crtbegin.o

.bss            0x1fff8198     0x1088 load address 0x00003988
                0x1fff8198                PROVIDE (__bss_start__, .)
 *(.shbss)
 *(.bss .bss.* .gnu.linkonce.b.*)
 .bss           0x1fff8198       0x1c c:/program files (x86)/cypress/psoc creator/3.3/psoc creator/import/gnu/arm/4.9.3/bin/../lib/gcc/arm-none-eabi/4.9.3/armv7-m/crtbegin.o
 .bss           0x1fff81b4       0x28 .\ARM_GCC_493\Debug\main.o
                0x1fff81b4                recvChar
                0x1fff81b8                adcOut
                0x1fff81bc                continuousSending
                0x1fff81bd                dacState
                0x1fff81be                waveForm
                0x1fff81bf                inputting_degrees
                0x1fff81c0                TransmitBuffer
                0x1fff81d0                degree
                0x1fff81d4                digit_place
                0x1fff81d8                counter
 .bss           0x1fff81dc       0x14 .\ARM_GCC_493\Debug\Lab3.a(ADC_DelSig_1.o)
                0x1fff81dc                ADC_DelSig_1_convDone
                0x1fff81dd                ADC_DelSig_1_stopConversion
                0x1fff81de                ADC_DelSig_1_initVar
                0x1fff81df                ADC_DelSig_1_started
 .bss           0x1fff81f0        0x7 .\ARM_GCC_493\Debug\Lab3.a(UART_1.o)
                0x1fff81f0                UART_1_initVar
                0x1fff81f1                UART_1_errorStatus
                0x1fff81f2                UART_1_rxBufferRead
                0x1fff81f3                UART_1_rxBufferWrite
                0x1fff81f4                UART_1_rxBufferLoopDetect
                0x1fff81f5                UART_1_rxBufferOverflow
 .bss           0x1fff81f7        0x5 .\ARM_GCC_493\Debug\Lab3.a(WaveDAC8_1.o)
                0x1fff81f7                WaveDAC8_1_initVar
 .bss           0x1fff81fc        0x1 .\ARM_GCC_493\Debug\Lab3.a(Servo_PWM.o)
                0x1fff81fc                Servo_PWM_initVar
 .bss           0x1fff81fd        0x1 .\ARM_GCC_493\Debug\Lab3.a(Speaker_PWM.o)
                0x1fff81fd                Speaker_PWM_initVar
 *fill*         0x1fff81fe        0x2 
 .bss.__malloc_sbrk_start
                0x1fff8200        0x4 c:/program files (x86)/cypress/psoc creator/3.3/psoc creator/import/gnu/arm/4.9.3/bin/../lib/gcc/arm-none-eabi/4.9.3/../../../../arm-none-eabi/lib/armv7-m\libg_nano.a(lib_a-nano-mallocr.o)
                0x1fff8200                __malloc_sbrk_start
 .bss.__malloc_free_list
                0x1fff8204        0x4 c:/program files (x86)/cypress/psoc creator/3.3/psoc creator/import/gnu/arm/4.9.3/bin/../lib/gcc/arm-none-eabi/4.9.3/../../../../arm-none-eabi/lib/armv7-m\libg_nano.a(lib_a-nano-mallocr.o)
                0x1fff8204                __malloc_free_list
 *(COMMON)
 COMMON         0x1fff8208     0x1004 .\ARM_GCC_493\Debug\main.o
                0x1fff8208                DMA_1_TD
                0x1fff8209                DMA_1_Chan
                0x1fff820c                DMA_ARRAY
 COMMON         0x1fff920c        0x8 .\ARM_GCC_493\Debug\Lab3.a(ADC_DelSig_1.o)
                0x1fff920c                ADC_DelSig_1_CountsPerVolt
                0x1fff9210                ADC_DelSig_1_Offset
 COMMON         0x1fff9214        0x5 .\ARM_GCC_493\Debug\Lab3.a(UART_1.o)
                0x1fff9214                UART_1_rxBuffer
 *fill*         0x1fff9219        0x3 
 COMMON         0x1fff921c        0x4 c:/program files (x86)/cypress/psoc creator/3.3/psoc creator/import/gnu/arm/4.9.3/bin/../lib/gcc/arm-none-eabi/4.9.3/../../../../arm-none-eabi/lib/armv7-m\libg_nano.a(lib_a-reent.o)
                0x1fff921c                errno
                0x1fff9220                . = ALIGN (0x8)
 *(.ram.b)
                0x1fff9220                _end = .
                0x1fff9220                __end = .
                0x1fff9220                PROVIDE (end, .)
                0x1fff9220                PROVIDE (__bss_end__, .)
                0x000038f8                __cy_region_init_ram = LOADADDR (.data)
                0x00000090                __cy_region_init_size_ram = (_edata - ADDR (.data))
                0x00001088                __cy_region_zero_size_ram = (_end - _edata)

.heap           0x1fff9220       0x80 load address 0x00003988
                0x1fff9220                . = _end
                0x1fff92a0                . = (. + 0x80)
 *fill*         0x1fff9220       0x80 
                0x1fff92a0                __cy_heap_limit = .

.stack          0x20007800      0x800
                0x20007800                __cy_stack_limit = .
                0x20008000                . = (. + 0x800)
 *fill*         0x20007800      0x800 
                0x00000001                ASSERT ((__cy_stack_limit >= __cy_heap_limit), region RAM overflowed with stack)
                0x00000000                cy_checksum_exclude_size = (CY_APPL_LOADABLE == 0x1)?SIZEOF (.cy_checksum_exclude):0x0
                0x00000001                ASSERT ((cy_checksum_exclude_size <= CY_CHECKSUM_EXCLUDE_SIZE), CY_BOOT: Section .cy_checksum_exclude size exceedes specified limit.)

.cyloadermeta
 *(.cyloadermeta)

.cyloadablemeta
 *(.cyloadablemeta)

.cyconfigecc    0x80000000      0x5f8
 *(.cyconfigecc)
 .cyconfigecc   0x80000000      0x5f8 .\ARM_GCC_493\Debug\cymetadata.o
                0x80000000                cy_meta_configecc

.cycustnvl      0x90000000        0x4
 *(.cycustnvl)
 .cycustnvl     0x90000000        0x4 .\ARM_GCC_493\Debug\cymetadata.o
                0x90000000                cy_meta_custnvl

.cywolatch      0x90100000        0x4
 *(.cywolatch)
 .cywolatch     0x90100000        0x4 .\ARM_GCC_493\Debug\cymetadata.o
                0x90100000                cy_meta_wonvl

.cyeeprom       0x90200000        0x0
 *(.cyeeprom)
                0x00000001                ASSERT ((. <= ((0x90200000 + ee_offset) + ee_size)), .cyeeprom data will not fit in EEPROM)

.cyflashprotect
                0x90400000      0x100
 *(.cyflashprotect)
 .cyflashprotect
                0x90400000      0x100 .\ARM_GCC_493\Debug\cymetadata.o
                0x90400000                cy_meta_flashprotect

.cymeta         0x90500000        0xc
 *(.cymeta)
 .cymeta        0x90500000        0xc .\ARM_GCC_493\Debug\cymetadata.o
                0x90500000                cy_metadata

.rel.dyn        0x00003988        0x0 load address 0x9050000c
 .rel.iplt      0x00000000        0x0 c:/program files (x86)/cypress/psoc creator/3.3/psoc creator/import/gnu/arm/4.9.3/bin/../lib/gcc/arm-none-eabi/4.9.3/armv7-m/crtbegin.o

.stab
 *(.stab)

.stabstr
 *(.stabstr)

.debug
 *(.debug)

.line
 *(.line)

.debug_srcinfo
 *(.debug_srcinfo)

.debug_sfnames
 *(.debug_sfnames)

.debug_aranges  0x00000000      0xde0
 *(.debug_aranges)
 .debug_aranges
                0x00000000       0x48 .\ARM_GCC_493\Debug\main.o
 .debug_aranges
                0x00000048       0x18 .\ARM_GCC_493\Debug\cymetadata.o
 .debug_aranges
                0x00000060       0x48 .\ARM_GCC_493\Debug\Cm3Start.o
 .debug_aranges
                0x000000a8       0x70 .\ARM_GCC_493\Debug\Lab3.a(cyfitter_cfg.o)
 .debug_aranges
                0x00000118       0xe8 .\ARM_GCC_493\Debug\Lab3.a(ADC_DelSig_1.o)
 .debug_aranges
                0x00000200       0x38 .\ARM_GCC_493\Debug\Lab3.a(ADC_DelSig_1_INT.o)
 .debug_aranges
                0x00000238       0xf0 .\ARM_GCC_493\Debug\Lab3.a(UART_1.o)
 .debug_aranges
                0x00000328       0x20 .\ARM_GCC_493\Debug\Lab3.a(UART_1_INT.o)
 .debug_aranges
                0x00000348       0x30 .\ARM_GCC_493\Debug\Lab3.a(ADC_DelSig_1_AMux.o)
 .debug_aranges
                0x00000378       0x70 .\ARM_GCC_493\Debug\Lab3.a(ADC_DelSig_1_Ext_CP_Clk.o)
 .debug_aranges
                0x000003e8       0x80 .\ARM_GCC_493\Debug\Lab3.a(ADC_DelSig_1_theACLK.o)
 .debug_aranges
                0x00000468       0x70 .\ARM_GCC_493\Debug\Lab3.a(UART_1_IntClock.o)
 .debug_aranges
                0x000004d8       0x20 .\ARM_GCC_493\Debug\Lab3.a(CyBootAsmGnu.o)
 .debug_aranges
                0x000004f8       0xd8 .\ARM_GCC_493\Debug\Lab3.a(CyDmac.o)
 .debug_aranges
                0x000005d0      0x298 .\ARM_GCC_493\Debug\Lab3.a(CyLib.o)
 .debug_aranges
                0x00000868       0x98 .\ARM_GCC_493\Debug\Lab3.a(cyPm.o)
 .debug_aranges
                0x00000900       0x80 .\ARM_GCC_493\Debug\Lab3.a(isr_1.o)
 .debug_aranges
                0x00000980       0x50 .\ARM_GCC_493\Debug\Lab3.a(WaveDAC8_1.o)
 .debug_aranges
                0x000009d0       0x70 .\ARM_GCC_493\Debug\Lab3.a(WaveDAC8_1_DacClk.o)
 .debug_aranges
                0x00000a40       0x28 .\ARM_GCC_493\Debug\Lab3.a(WaveDAC8_1_Wave1_DMA_dma.o)
 .debug_aranges
                0x00000a68       0x28 .\ARM_GCC_493\Debug\Lab3.a(WaveDAC8_1_Wave2_DMA_dma.o)
 .debug_aranges
                0x00000a90       0x58 .\ARM_GCC_493\Debug\Lab3.a(WaveDAC8_1_VDAC8.o)
 .debug_aranges
                0x00000ae8       0x28 .\ARM_GCC_493\Debug\Lab3.a(Waveform_Reg.o)
 .debug_aranges
                0x00000b10       0x98 .\ARM_GCC_493\Debug\Lab3.a(Servo_PWM.o)
 .debug_aranges
                0x00000ba8       0x28 .\ARM_GCC_493\Debug\Lab3.a(DMA_1_dma.o)
 .debug_aranges
                0x00000bd0       0x80 .\ARM_GCC_493\Debug\Lab3.a(dma_interrupt.o)
 .debug_aranges
                0x00000c50       0x98 .\ARM_GCC_493\Debug\Lab3.a(Speaker_PWM.o)
 .debug_aranges
                0x00000ce8       0x80 .\ARM_GCC_493\Debug\Lab3.a(CyFlash.o)
 .debug_aranges
                0x00000d68       0x78 .\ARM_GCC_493\Debug\Lab3.a(CySpc.o)

.debug_pubnames
 *(.debug_pubnames)

.debug_info     0x00000000     0x5c47
 *(.debug_info .gnu.linkonce.wi.*)
 .debug_info    0x00000000      0x320 .\ARM_GCC_493\Debug\main.o
 .debug_info    0x00000320      0x13d .\ARM_GCC_493\Debug\cymetadata.o
 .debug_info    0x0000045d      0x313 .\ARM_GCC_493\Debug\Cm3Start.o
 .debug_info    0x00000770      0x4ef .\ARM_GCC_493\Debug\Lab3.a(cyfitter_cfg.o)
 .debug_info    0x00000c5f      0x725 .\ARM_GCC_493\Debug\Lab3.a(ADC_DelSig_1.o)
 .debug_info    0x00001384       0xcc .\ARM_GCC_493\Debug\Lab3.a(ADC_DelSig_1_INT.o)
 .debug_info    0x00001450      0x5eb .\ARM_GCC_493\Debug\Lab3.a(UART_1.o)
 .debug_info    0x00001a3b      0x142 .\ARM_GCC_493\Debug\Lab3.a(UART_1_INT.o)
 .debug_info    0x00001b7d      0x10a .\ARM_GCC_493\Debug\Lab3.a(ADC_DelSig_1_AMux.o)
 .debug_info    0x00001c87      0x25d .\ARM_GCC_493\Debug\Lab3.a(ADC_DelSig_1_Ext_CP_Clk.o)
 .debug_info    0x00001ee4      0x299 .\ARM_GCC_493\Debug\Lab3.a(ADC_DelSig_1_theACLK.o)
 .debug_info    0x0000217d      0x25d .\ARM_GCC_493\Debug\Lab3.a(UART_1_IntClock.o)
 .debug_info    0x000023da       0x89 .\ARM_GCC_493\Debug\Lab3.a(CyBootAsmGnu.o)
 .debug_info    0x00002463      0x8b4 .\ARM_GCC_493\Debug\Lab3.a(CyDmac.o)
 .debug_info    0x00002d17      0xe34 .\ARM_GCC_493\Debug\Lab3.a(CyLib.o)
 .debug_info    0x00003b4b      0x561 .\ARM_GCC_493\Debug\Lab3.a(cyPm.o)
 .debug_info    0x000040ac      0x23a .\ARM_GCC_493\Debug\Lab3.a(isr_1.o)
 .debug_info    0x000042e6      0x252 .\ARM_GCC_493\Debug\Lab3.a(WaveDAC8_1.o)
 .debug_info    0x00004538      0x25d .\ARM_GCC_493\Debug\Lab3.a(WaveDAC8_1_DacClk.o)
 .debug_info    0x00004795      0x114 .\ARM_GCC_493\Debug\Lab3.a(WaveDAC8_1_Wave1_DMA_dma.o)
 .debug_info    0x000048a9      0x114 .\ARM_GCC_493\Debug\Lab3.a(WaveDAC8_1_Wave2_DMA_dma.o)
 .debug_info    0x000049bd      0x185 .\ARM_GCC_493\Debug\Lab3.a(WaveDAC8_1_VDAC8.o)
 .debug_info    0x00004b42       0xd7 .\ARM_GCC_493\Debug\Lab3.a(Waveform_Reg.o)
 .debug_info    0x00004c19      0x283 .\ARM_GCC_493\Debug\Lab3.a(Servo_PWM.o)
 .debug_info    0x00004e9c      0x114 .\ARM_GCC_493\Debug\Lab3.a(DMA_1_dma.o)
 .debug_info    0x00004fb0      0x23a .\ARM_GCC_493\Debug\Lab3.a(dma_interrupt.o)
 .debug_info    0x000051ea      0x2a0 .\ARM_GCC_493\Debug\Lab3.a(Speaker_PWM.o)
 .debug_info    0x0000548a      0x36a .\ARM_GCC_493\Debug\Lab3.a(CyFlash.o)
 .debug_info    0x000057f4      0x453 .\ARM_GCC_493\Debug\Lab3.a(CySpc.o)

.debug_abbrev   0x00000000     0x1eda
 *(.debug_abbrev)
 .debug_abbrev  0x00000000      0x146 .\ARM_GCC_493\Debug\main.o
 .debug_abbrev  0x00000146       0x77 .\ARM_GCC_493\Debug\cymetadata.o
 .debug_abbrev  0x000001bd      0x1a7 .\ARM_GCC_493\Debug\Cm3Start.o
 .debug_abbrev  0x00000364      0x1ca .\ARM_GCC_493\Debug\Lab3.a(cyfitter_cfg.o)
 .debug_abbrev  0x0000052e      0x19d .\ARM_GCC_493\Debug\Lab3.a(ADC_DelSig_1.o)
 .debug_abbrev  0x000006cb       0x42 .\ARM_GCC_493\Debug\Lab3.a(ADC_DelSig_1_INT.o)
 .debug_abbrev  0x0000070d      0x15f .\ARM_GCC_493\Debug\Lab3.a(UART_1.o)
 .debug_abbrev  0x0000086c       0x8a .\ARM_GCC_493\Debug\Lab3.a(UART_1_INT.o)
 .debug_abbrev  0x000008f6       0x6f .\ARM_GCC_493\Debug\Lab3.a(ADC_DelSig_1_AMux.o)
 .debug_abbrev  0x00000965      0x11d .\ARM_GCC_493\Debug\Lab3.a(ADC_DelSig_1_Ext_CP_Clk.o)
 .debug_abbrev  0x00000a82      0x11d .\ARM_GCC_493\Debug\Lab3.a(ADC_DelSig_1_theACLK.o)
 .debug_abbrev  0x00000b9f      0x11d .\ARM_GCC_493\Debug\Lab3.a(UART_1_IntClock.o)
 .debug_abbrev  0x00000cbc       0x14 .\ARM_GCC_493\Debug\Lab3.a(CyBootAsmGnu.o)
 .debug_abbrev  0x00000cd0      0x194 .\ARM_GCC_493\Debug\Lab3.a(CyDmac.o)
 .debug_abbrev  0x00000e64      0x217 .\ARM_GCC_493\Debug\Lab3.a(CyLib.o)
 .debug_abbrev  0x0000107b      0x161 .\ARM_GCC_493\Debug\Lab3.a(cyPm.o)
 .debug_abbrev  0x000011dc      0x172 .\ARM_GCC_493\Debug\Lab3.a(isr_1.o)
 .debug_abbrev  0x0000134e       0xec .\ARM_GCC_493\Debug\Lab3.a(WaveDAC8_1.o)
 .debug_abbrev  0x0000143a      0x11d .\ARM_GCC_493\Debug\Lab3.a(WaveDAC8_1_DacClk.o)
 .debug_abbrev  0x00001557       0x8b .\ARM_GCC_493\Debug\Lab3.a(WaveDAC8_1_Wave1_DMA_dma.o)
 .debug_abbrev  0x000015e2       0x8b .\ARM_GCC_493\Debug\Lab3.a(WaveDAC8_1_Wave2_DMA_dma.o)
 .debug_abbrev  0x0000166d       0xeb .\ARM_GCC_493\Debug\Lab3.a(WaveDAC8_1_VDAC8.o)
 .debug_abbrev  0x00001758       0x81 .\ARM_GCC_493\Debug\Lab3.a(Waveform_Reg.o)
 .debug_abbrev  0x000017d9      0x12e .\ARM_GCC_493\Debug\Lab3.a(Servo_PWM.o)
 .debug_abbrev  0x00001907       0x8b .\ARM_GCC_493\Debug\Lab3.a(DMA_1_dma.o)
 .debug_abbrev  0x00001992      0x172 .\ARM_GCC_493\Debug\Lab3.a(dma_interrupt.o)
 .debug_abbrev  0x00001b04      0x12e .\ARM_GCC_493\Debug\Lab3.a(Speaker_PWM.o)
 .debug_abbrev  0x00001c32      0x13c .\ARM_GCC_493\Debug\Lab3.a(CyFlash.o)
 .debug_abbrev  0x00001d6e      0x16c .\ARM_GCC_493\Debug\Lab3.a(CySpc.o)

.debug_line     0x00000000     0x3411
 *(.debug_line)
 .debug_line    0x00000000      0x22e .\ARM_GCC_493\Debug\main.o
 .debug_line    0x0000022e       0x53 .\ARM_GCC_493\Debug\cymetadata.o
 .debug_line    0x00000281      0x1d5 .\ARM_GCC_493\Debug\Cm3Start.o
 .debug_line    0x00000456      0x254 .\ARM_GCC_493\Debug\Lab3.a(cyfitter_cfg.o)
 .debug_line    0x000006aa      0x3d9 .\ARM_GCC_493\Debug\Lab3.a(ADC_DelSig_1.o)
 .debug_line    0x00000a83       0x97 .\ARM_GCC_493\Debug\Lab3.a(ADC_DelSig_1_INT.o)
 .debug_line    0x00000b1a      0x30e .\ARM_GCC_493\Debug\Lab3.a(UART_1.o)
 .debug_line    0x00000e28       0x8c .\ARM_GCC_493\Debug\Lab3.a(UART_1_INT.o)
 .debug_line    0x00000eb4       0xa8 .\ARM_GCC_493\Debug\Lab3.a(ADC_DelSig_1_AMux.o)
 .debug_line    0x00000f5c      0x1cb .\ARM_GCC_493\Debug\Lab3.a(ADC_DelSig_1_Ext_CP_Clk.o)
 .debug_line    0x00001127      0x1ec .\ARM_GCC_493\Debug\Lab3.a(ADC_DelSig_1_theACLK.o)
 .debug_line    0x00001313      0x1c3 .\ARM_GCC_493\Debug\Lab3.a(UART_1_IntClock.o)
 .debug_line    0x000014d6       0x7f .\ARM_GCC_493\Debug\Lab3.a(CyBootAsmGnu.o)
 .debug_line    0x00001555      0x2b7 .\ARM_GCC_493\Debug\Lab3.a(CyDmac.o)
 .debug_line    0x0000180c      0x872 .\ARM_GCC_493\Debug\Lab3.a(CyLib.o)
 .debug_line    0x0000207e      0x381 .\ARM_GCC_493\Debug\Lab3.a(cyPm.o)
 .debug_line    0x000023ff      0x169 .\ARM_GCC_493\Debug\Lab3.a(isr_1.o)
 .debug_line    0x00002568       0xf6 .\ARM_GCC_493\Debug\Lab3.a(WaveDAC8_1.o)
 .debug_line    0x0000265e      0x1c5 .\ARM_GCC_493\Debug\Lab3.a(WaveDAC8_1_DacClk.o)
 .debug_line    0x00002823       0xa0 .\ARM_GCC_493\Debug\Lab3.a(WaveDAC8_1_Wave1_DMA_dma.o)
 .debug_line    0x000028c3       0xa0 .\ARM_GCC_493\Debug\Lab3.a(WaveDAC8_1_Wave2_DMA_dma.o)
 .debug_line    0x00002963       0xfa .\ARM_GCC_493\Debug\Lab3.a(WaveDAC8_1_VDAC8.o)
 .debug_line    0x00002a5d       0x77 .\ARM_GCC_493\Debug\Lab3.a(Waveform_Reg.o)
 .debug_line    0x00002ad4      0x18c .\ARM_GCC_493\Debug\Lab3.a(Servo_PWM.o)
 .debug_line    0x00002c60       0x91 .\ARM_GCC_493\Debug\Lab3.a(DMA_1_dma.o)
 .debug_line    0x00002cf1      0x171 .\ARM_GCC_493\Debug\Lab3.a(dma_interrupt.o)
 .debug_line    0x00002e62      0x191 .\ARM_GCC_493\Debug\Lab3.a(Speaker_PWM.o)
 .debug_line    0x00002ff3      0x207 .\ARM_GCC_493\Debug\Lab3.a(CyFlash.o)
 .debug_line    0x000031fa      0x217 .\ARM_GCC_493\Debug\Lab3.a(CySpc.o)

.debug_frame    0x00000000     0x39dc
 *(.debug_frame)
 .debug_frame   0x00000000       0xf4 .\ARM_GCC_493\Debug\main.o
 .debug_frame   0x000000f4       0xd8 .\ARM_GCC_493\Debug\Cm3Start.o
 .debug_frame   0x000001cc      0x1bc .\ARM_GCC_493\Debug\Lab3.a(cyfitter_cfg.o)
 .debug_frame   0x00000388      0x40c .\ARM_GCC_493\Debug\Lab3.a(ADC_DelSig_1.o)
 .debug_frame   0x00000794       0xa0 .\ARM_GCC_493\Debug\Lab3.a(ADC_DelSig_1_INT.o)
 .debug_frame   0x00000834      0x428 .\ARM_GCC_493\Debug\Lab3.a(UART_1.o)
 .debug_frame   0x00000c5c       0x38 .\ARM_GCC_493\Debug\Lab3.a(UART_1_INT.o)
 .debug_frame   0x00000c94       0x88 .\ARM_GCC_493\Debug\Lab3.a(ADC_DelSig_1_AMux.o)
 .debug_frame   0x00000d1c      0x1b4 .\ARM_GCC_493\Debug\Lab3.a(ADC_DelSig_1_Ext_CP_Clk.o)
 .debug_frame   0x00000ed0      0x200 .\ARM_GCC_493\Debug\Lab3.a(ADC_DelSig_1_theACLK.o)
 .debug_frame   0x000010d0      0x1b4 .\ARM_GCC_493\Debug\Lab3.a(UART_1_IntClock.o)
 .debug_frame   0x00001284      0x3d0 .\ARM_GCC_493\Debug\Lab3.a(CyDmac.o)
 .debug_frame   0x00001654      0xbe8 .\ARM_GCC_493\Debug\Lab3.a(CyLib.o)
 .debug_frame   0x0000223c      0x234 .\ARM_GCC_493\Debug\Lab3.a(cyPm.o)
 .debug_frame   0x00002470      0x1e8 .\ARM_GCC_493\Debug\Lab3.a(isr_1.o)
 .debug_frame   0x00002658       0xf8 .\ARM_GCC_493\Debug\Lab3.a(WaveDAC8_1.o)
 .debug_frame   0x00002750      0x1b4 .\ARM_GCC_493\Debug\Lab3.a(WaveDAC8_1_DacClk.o)
 .debug_frame   0x00002904       0x58 .\ARM_GCC_493\Debug\Lab3.a(WaveDAC8_1_Wave1_DMA_dma.o)
 .debug_frame   0x0000295c       0x58 .\ARM_GCC_493\Debug\Lab3.a(WaveDAC8_1_Wave2_DMA_dma.o)
 .debug_frame   0x000029b4      0x130 .\ARM_GCC_493\Debug\Lab3.a(WaveDAC8_1_VDAC8.o)
 .debug_frame   0x00002ae4       0x5c .\ARM_GCC_493\Debug\Lab3.a(Waveform_Reg.o)
 .debug_frame   0x00002b40      0x25c .\ARM_GCC_493\Debug\Lab3.a(Servo_PWM.o)
 .debug_frame   0x00002d9c       0x58 .\ARM_GCC_493\Debug\Lab3.a(DMA_1_dma.o)
 .debug_frame   0x00002df4      0x1e8 .\ARM_GCC_493\Debug\Lab3.a(dma_interrupt.o)
 .debug_frame   0x00002fdc      0x25c .\ARM_GCC_493\Debug\Lab3.a(Speaker_PWM.o)
 .debug_frame   0x00003238      0x210 .\ARM_GCC_493\Debug\Lab3.a(CyFlash.o)
 .debug_frame   0x00003448      0x1f8 .\ARM_GCC_493\Debug\Lab3.a(CySpc.o)
 .debug_frame   0x00003640       0x20 c:/program files (x86)/cypress/psoc creator/3.3/psoc creator/import/gnu/arm/4.9.3/bin/../lib/gcc/arm-none-eabi/4.9.3/../../../../arm-none-eabi/lib/armv7-m\libg_nano.a(lib_a-errno.o)
 .debug_frame   0x00003660       0x28 c:/program files (x86)/cypress/psoc creator/3.3/psoc creator/import/gnu/arm/4.9.3/bin/../lib/gcc/arm-none-eabi/4.9.3/../../../../arm-none-eabi/lib/armv7-m\libg_nano.a(lib_a-exit.o)
 .debug_frame   0x00003688       0x2c c:/program files (x86)/cypress/psoc creator/3.3/psoc creator/import/gnu/arm/4.9.3/bin/../lib/gcc/arm-none-eabi/4.9.3/../../../../arm-none-eabi/lib/armv7-m\libg_nano.a(lib_a-init.o)
 .debug_frame   0x000036b4       0x28 c:/program files (x86)/cypress/psoc creator/3.3/psoc creator/import/gnu/arm/4.9.3/bin/../lib/gcc/arm-none-eabi/4.9.3/../../../../arm-none-eabi/lib/armv7-m\libg_nano.a(lib_a-memcpy.o)
 .debug_frame   0x000036dc       0x20 c:/program files (x86)/cypress/psoc creator/3.3/psoc creator/import/gnu/arm/4.9.3/bin/../lib/gcc/arm-none-eabi/4.9.3/../../../../arm-none-eabi/lib/armv7-m\libg_nano.a(lib_a-memset.o)
 .debug_frame   0x000036fc       0x70 c:/program files (x86)/cypress/psoc creator/3.3/psoc creator/import/gnu/arm/4.9.3/bin/../lib/gcc/arm-none-eabi/4.9.3/../../../../arm-none-eabi/lib/armv7-m\libg_nano.a(lib_a-sprintf.o)
 .debug_frame   0x0000376c       0x8c c:/program files (x86)/cypress/psoc creator/3.3/psoc creator/import/gnu/arm/4.9.3/bin/../lib/gcc/arm-none-eabi/4.9.3/../../../../arm-none-eabi/lib/armv7-m\libg_nano.a(lib_a-nano-svfprintf.o)
 .debug_frame   0x000037f8       0x58 c:/program files (x86)/cypress/psoc creator/3.3/psoc creator/import/gnu/arm/4.9.3/bin/../lib/gcc/arm-none-eabi/4.9.3/../../../../arm-none-eabi/lib/armv7-m\libg_nano.a(lib_a-nano-vfprintf_i.o)
 .debug_frame   0x00003850       0x28 c:/program files (x86)/cypress/psoc creator/3.3/psoc creator/import/gnu/arm/4.9.3/bin/../lib/gcc/arm-none-eabi/4.9.3/../../../../arm-none-eabi/lib/armv7-m\libg_nano.a(lib_a-memchr.o)
 .debug_frame   0x00003878       0x28 c:/program files (x86)/cypress/psoc creator/3.3/psoc creator/import/gnu/arm/4.9.3/bin/../lib/gcc/arm-none-eabi/4.9.3/../../../../arm-none-eabi/lib/armv7-m\libg_nano.a(lib_a-memmove.o)
 .debug_frame   0x000038a0       0x2c c:/program files (x86)/cypress/psoc creator/3.3/psoc creator/import/gnu/arm/4.9.3/bin/../lib/gcc/arm-none-eabi/4.9.3/../../../../arm-none-eabi/lib/armv7-m\libg_nano.a(lib_a-nano-freer.o)
 .debug_frame   0x000038cc       0x2c c:/program files (x86)/cypress/psoc creator/3.3/psoc creator/import/gnu/arm/4.9.3/bin/../lib/gcc/arm-none-eabi/4.9.3/../../../../arm-none-eabi/lib/armv7-m\libg_nano.a(lib_a-nano-mallocr.o)
 .debug_frame   0x000038f8       0x3c c:/program files (x86)/cypress/psoc creator/3.3/psoc creator/import/gnu/arm/4.9.3/bin/../lib/gcc/arm-none-eabi/4.9.3/../../../../arm-none-eabi/lib/armv7-m\libg_nano.a(lib_a-nano-reallocr.o)
 .debug_frame   0x00003934       0x2c c:/program files (x86)/cypress/psoc creator/3.3/psoc creator/import/gnu/arm/4.9.3/bin/../lib/gcc/arm-none-eabi/4.9.3/../../../../arm-none-eabi/lib/armv7-m\libg_nano.a(lib_a-sbrkr.o)
 .debug_frame   0x00003960       0x20 c:/program files (x86)/cypress/psoc creator/3.3/psoc creator/import/gnu/arm/4.9.3/bin/../lib/gcc/arm-none-eabi/4.9.3/../../../../arm-none-eabi/lib/armv7-m\libg_nano.a(lib_a-nano-msizer.o)
 .debug_frame   0x00003980       0x5c c:/program files (x86)/cypress/psoc creator/3.3/psoc creator/import/gnu/arm/4.9.3/bin/../lib/gcc/arm-none-eabi/4.9.3/../../../../arm-none-eabi/lib/armv7-m\libg_nano.a(lib_a-reent.o)

.debug_str      0x00000000     0x319e
 *(.debug_str)
 .debug_str     0x00000000      0x25d .\ARM_GCC_493\Debug\main.o
                                0x29e (size before relaxing)
 .debug_str     0x0000025d       0x77 .\ARM_GCC_493\Debug\cymetadata.o
                                0x1e3 (size before relaxing)
 .debug_str     0x000002d4      0x132 .\ARM_GCC_493\Debug\Cm3Start.o
                                0x2c4 (size before relaxing)
 .debug_str     0x00000406      0x1fc .\ARM_GCC_493\Debug\Lab3.a(cyfitter_cfg.o)
                                0x395 (size before relaxing)
 .debug_str     0x00000602      0x440 .\ARM_GCC_493\Debug\Lab3.a(ADC_DelSig_1.o)
                                0x610 (size before relaxing)
 .debug_str     0x00000a42       0x74 .\ARM_GCC_493\Debug\Lab3.a(ADC_DelSig_1_INT.o)
                                0x1da (size before relaxing)
 .debug_str     0x00000ab6      0x351 .\ARM_GCC_493\Debug\Lab3.a(UART_1.o)
                                0x503 (size before relaxing)
 .debug_str     0x00000e07       0x59 .\ARM_GCC_493\Debug\Lab3.a(UART_1_INT.o)
                                0x248 (size before relaxing)
 .debug_str     0x00000e60       0x9e .\ARM_GCC_493\Debug\Lab3.a(ADC_DelSig_1_AMux.o)
                                0x209 (size before relaxing)
 .debug_str     0x00000efe      0x222 .\ARM_GCC_493\Debug\Lab3.a(ADC_DelSig_1_Ext_CP_Clk.o)
                                0x3a7 (size before relaxing)
 .debug_str     0x00001120      0x20a .\ARM_GCC_493\Debug\Lab3.a(ADC_DelSig_1_theACLK.o)
                                0x3d8 (size before relaxing)
 .debug_str     0x0000132a      0x179 .\ARM_GCC_493\Debug\Lab3.a(UART_1_IntClock.o)
                                0x347 (size before relaxing)
 .debug_str     0x000014a3      0x35a .\ARM_GCC_493\Debug\Lab3.a(CyDmac.o)
                                0x50a (size before relaxing)
 .debug_str     0x000017fd      0x7c8 .\ARM_GCC_493\Debug\Lab3.a(CyLib.o)
                                0x9bf (size before relaxing)
 .debug_str     0x00001fc5      0x367 .\ARM_GCC_493\Debug\Lab3.a(cyPm.o)
                                0x524 (size before relaxing)
 .debug_str     0x0000232c       0xe8 .\ARM_GCC_493\Debug\Lab3.a(isr_1.o)
                                0x293 (size before relaxing)
 .debug_str     0x00002414      0x16a .\ARM_GCC_493\Debug\Lab3.a(WaveDAC8_1.o)
                                0x2e4 (size before relaxing)
 .debug_str     0x0000257e      0x191 .\ARM_GCC_493\Debug\Lab3.a(WaveDAC8_1_DacClk.o)
                                0x35f (size before relaxing)
 .debug_str     0x0000270f       0xd1 .\ARM_GCC_493\Debug\Lab3.a(WaveDAC8_1_Wave1_DMA_dma.o)
                                0x244 (size before relaxing)
 .debug_str     0x000027e0       0x96 .\ARM_GCC_493\Debug\Lab3.a(WaveDAC8_1_Wave2_DMA_dma.o)
                                0x244 (size before relaxing)
 .debug_str     0x00002876      0x113 .\ARM_GCC_493\Debug\Lab3.a(WaveDAC8_1_VDAC8.o)
                                0x286 (size before relaxing)
 .debug_str     0x00002989       0x4d .\ARM_GCC_493\Debug\Lab3.a(Waveform_Reg.o)
                                0x1bd (size before relaxing)
 .debug_str     0x000029d6      0x1d5 .\ARM_GCC_493\Debug\Lab3.a(Servo_PWM.o)
                                0x35d (size before relaxing)
 .debug_str     0x00002bab       0x5a .\ARM_GCC_493\Debug\Lab3.a(DMA_1_dma.o)
                                0x208 (size before relaxing)
 .debug_str     0x00002c05      0x158 .\ARM_GCC_493\Debug\Lab3.a(dma_interrupt.o)
                                0x303 (size before relaxing)
 .debug_str     0x00002d5d      0x1d9 .\ARM_GCC_493\Debug\Lab3.a(Speaker_PWM.o)
                                0x390 (size before relaxing)
 .debug_str     0x00002f36      0x147 .\ARM_GCC_493\Debug\Lab3.a(CyFlash.o)
                                0x2e3 (size before relaxing)
 .debug_str     0x0000307d      0x121 .\ARM_GCC_493\Debug\Lab3.a(CySpc.o)
                                0x2e0 (size before relaxing)

.debug_loc
 *(.debug_loc)

.debug_macinfo
 *(.debug_macinfo)

.debug_ranges   0x00000000      0xbf8
 *(.debug_ranges)
 .debug_ranges  0x00000000       0x38 .\ARM_GCC_493\Debug\main.o
 .debug_ranges  0x00000038       0x38 .\ARM_GCC_493\Debug\Cm3Start.o
 .debug_ranges  0x00000070       0x60 .\ARM_GCC_493\Debug\Lab3.a(cyfitter_cfg.o)
 .debug_ranges  0x000000d0       0xd8 .\ARM_GCC_493\Debug\Lab3.a(ADC_DelSig_1.o)
 .debug_ranges  0x000001a8       0x28 .\ARM_GCC_493\Debug\Lab3.a(ADC_DelSig_1_INT.o)
 .debug_ranges  0x000001d0       0xe0 .\ARM_GCC_493\Debug\Lab3.a(UART_1.o)
 .debug_ranges  0x000002b0       0x10 .\ARM_GCC_493\Debug\Lab3.a(UART_1_INT.o)
 .debug_ranges  0x000002c0       0x20 .\ARM_GCC_493\Debug\Lab3.a(ADC_DelSig_1_AMux.o)
 .debug_ranges  0x000002e0       0x60 .\ARM_GCC_493\Debug\Lab3.a(ADC_DelSig_1_Ext_CP_Clk.o)
 .debug_ranges  0x00000340       0x70 .\ARM_GCC_493\Debug\Lab3.a(ADC_DelSig_1_theACLK.o)
 .debug_ranges  0x000003b0       0x60 .\ARM_GCC_493\Debug\Lab3.a(UART_1_IntClock.o)
 .debug_ranges  0x00000410       0xc8 .\ARM_GCC_493\Debug\Lab3.a(CyDmac.o)
 .debug_ranges  0x000004d8      0x288 .\ARM_GCC_493\Debug\Lab3.a(CyLib.o)
 .debug_ranges  0x00000760       0x88 .\ARM_GCC_493\Debug\Lab3.a(cyPm.o)
 .debug_ranges  0x000007e8       0x70 .\ARM_GCC_493\Debug\Lab3.a(isr_1.o)
 .debug_ranges  0x00000858       0x40 .\ARM_GCC_493\Debug\Lab3.a(WaveDAC8_1.o)
 .debug_ranges  0x00000898       0x60 .\ARM_GCC_493\Debug\Lab3.a(WaveDAC8_1_DacClk.o)
 .debug_ranges  0x000008f8       0x18 .\ARM_GCC_493\Debug\Lab3.a(WaveDAC8_1_Wave1_DMA_dma.o)
 .debug_ranges  0x00000910       0x18 .\ARM_GCC_493\Debug\Lab3.a(WaveDAC8_1_Wave2_DMA_dma.o)
 .debug_ranges  0x00000928       0x48 .\ARM_GCC_493\Debug\Lab3.a(WaveDAC8_1_VDAC8.o)
 .debug_ranges  0x00000970       0x18 .\ARM_GCC_493\Debug\Lab3.a(Waveform_Reg.o)
 .debug_ranges  0x00000988       0x88 .\ARM_GCC_493\Debug\Lab3.a(Servo_PWM.o)
 .debug_ranges  0x00000a10       0x18 .\ARM_GCC_493\Debug\Lab3.a(DMA_1_dma.o)
 .debug_ranges  0x00000a28       0x70 .\ARM_GCC_493\Debug\Lab3.a(dma_interrupt.o)
 .debug_ranges  0x00000a98       0x88 .\ARM_GCC_493\Debug\Lab3.a(Speaker_PWM.o)
 .debug_ranges  0x00000b20       0x70 .\ARM_GCC_493\Debug\Lab3.a(CyFlash.o)
 .debug_ranges  0x00000b90       0x68 .\ARM_GCC_493\Debug\Lab3.a(CySpc.o)

.comment        0x00000000       0x70
 .comment       0x00000000       0x70 .\ARM_GCC_493\Debug\main.o
                                 0x71 (size before relaxing)
 .comment       0x00000000       0x71 .\ARM_GCC_493\Debug\cymetadata.o
 .comment       0x00000000       0x71 .\ARM_GCC_493\Debug\Cm3Start.o
 .comment       0x00000000       0x71 .\ARM_GCC_493\Debug\Lab3.a(cyfitter_cfg.o)
 .comment       0x00000000       0x71 .\ARM_GCC_493\Debug\Lab3.a(ADC_DelSig_1.o)
 .comment       0x00000000       0x71 .\ARM_GCC_493\Debug\Lab3.a(ADC_DelSig_1_INT.o)
 .comment       0x00000000       0x71 .\ARM_GCC_493\Debug\Lab3.a(UART_1.o)
 .comment       0x00000000       0x71 .\ARM_GCC_493\Debug\Lab3.a(UART_1_INT.o)
 .comment       0x00000000       0x71 .\ARM_GCC_493\Debug\Lab3.a(ADC_DelSig_1_AMux.o)
 .comment       0x00000000       0x71 .\ARM_GCC_493\Debug\Lab3.a(ADC_DelSig_1_Ext_CP_Clk.o)
 .comment       0x00000000       0x71 .\ARM_GCC_493\Debug\Lab3.a(ADC_DelSig_1_theACLK.o)
 .comment       0x00000000       0x71 .\ARM_GCC_493\Debug\Lab3.a(UART_1_IntClock.o)
 .comment       0x00000000       0x71 .\ARM_GCC_493\Debug\Lab3.a(CyDmac.o)
 .comment       0x00000000       0x71 .\ARM_GCC_493\Debug\Lab3.a(CyLib.o)
 .comment       0x00000000       0x71 .\ARM_GCC_493\Debug\Lab3.a(cyPm.o)
 .comment       0x00000000       0x71 .\ARM_GCC_493\Debug\Lab3.a(isr_1.o)
 .comment       0x00000000       0x71 .\ARM_GCC_493\Debug\Lab3.a(WaveDAC8_1.o)
 .comment       0x00000000       0x71 .\ARM_GCC_493\Debug\Lab3.a(WaveDAC8_1_DacClk.o)
 .comment       0x00000000       0x71 .\ARM_GCC_493\Debug\Lab3.a(WaveDAC8_1_Wave1_DMA_dma.o)
 .comment       0x00000000       0x71 .\ARM_GCC_493\Debug\Lab3.a(WaveDAC8_1_Wave2_DMA_dma.o)
 .comment       0x00000000       0x71 .\ARM_GCC_493\Debug\Lab3.a(WaveDAC8_1_VDAC8.o)
 .comment       0x00000000       0x71 .\ARM_GCC_493\Debug\Lab3.a(Waveform_Reg.o)
 .comment       0x00000000       0x71 .\ARM_GCC_493\Debug\Lab3.a(Servo_PWM.o)
 .comment       0x00000000       0x71 .\ARM_GCC_493\Debug\Lab3.a(DMA_1_dma.o)
 .comment       0x00000000       0x71 .\ARM_GCC_493\Debug\Lab3.a(dma_interrupt.o)
 .comment       0x00000000       0x71 .\ARM_GCC_493\Debug\Lab3.a(Speaker_PWM.o)
 .comment       0x00000000       0x71 .\ARM_GCC_493\Debug\Lab3.a(CyFlash.o)
 .comment       0x00000000       0x71 .\ARM_GCC_493\Debug\Lab3.a(CySpc.o)

.debug_weaknames
 *(.debug_weaknames)

.debug_funcnames
 *(.debug_funcnames)

.debug_typenames
 *(.debug_typenames)

.debug_varnames
 *(.debug_varnames)

.note.gnu.arm.ident
 *(.note.gnu.arm.ident)

.ARM.attributes
                0x00000000       0x29
 *(.ARM.attributes)
 .ARM.attributes
                0x00000000       0x1d c:/program files (x86)/cypress/psoc creator/3.3/psoc creator/import/gnu/arm/4.9.3/bin/../lib/gcc/arm-none-eabi/4.9.3/armv7-m/crti.o
 .ARM.attributes
                0x0000001d       0x2d c:/program files (x86)/cypress/psoc creator/3.3/psoc creator/import/gnu/arm/4.9.3/bin/../lib/gcc/arm-none-eabi/4.9.3/armv7-m/crtbegin.o
 .ARM.attributes
                0x0000004a       0x1b c:/program files (x86)/cypress/psoc creator/3.3/psoc creator/import/gnu/arm/4.9.3/bin/../lib/gcc/arm-none-eabi/4.9.3/../../../../arm-none-eabi/lib/armv7-m/crt0.o
 .ARM.attributes
                0x00000065       0x33 .\ARM_GCC_493\Debug\main.o
 .ARM.attributes
                0x00000098       0x33 .\ARM_GCC_493\Debug\cymetadata.o
 .ARM.attributes
                0x000000cb       0x33 .\ARM_GCC_493\Debug\Cm3Start.o
 .ARM.attributes
                0x000000fe       0x33 .\ARM_GCC_493\Debug\Lab3.a(cyfitter_cfg.o)
 .ARM.attributes
                0x00000131       0x33 .\ARM_GCC_493\Debug\Lab3.a(ADC_DelSig_1.o)
 .ARM.attributes
                0x00000164       0x33 .\ARM_GCC_493\Debug\Lab3.a(ADC_DelSig_1_INT.o)
 .ARM.attributes
                0x00000197       0x33 .\ARM_GCC_493\Debug\Lab3.a(UART_1.o)
 .ARM.attributes
                0x000001ca       0x33 .\ARM_GCC_493\Debug\Lab3.a(UART_1_INT.o)
 .ARM.attributes
                0x000001fd       0x33 .\ARM_GCC_493\Debug\Lab3.a(ADC_DelSig_1_AMux.o)
 .ARM.attributes
                0x00000230       0x33 .\ARM_GCC_493\Debug\Lab3.a(ADC_DelSig_1_Ext_CP_Clk.o)
 .ARM.attributes
                0x00000263       0x33 .\ARM_GCC_493\Debug\Lab3.a(ADC_DelSig_1_theACLK.o)
 .ARM.attributes
                0x00000296       0x33 .\ARM_GCC_493\Debug\Lab3.a(UART_1_IntClock.o)
 .ARM.attributes
                0x000002c9       0x21 .\ARM_GCC_493\Debug\Lab3.a(CyBootAsmGnu.o)
 .ARM.attributes
                0x000002ea       0x33 .\ARM_GCC_493\Debug\Lab3.a(CyDmac.o)
 .ARM.attributes
                0x0000031d       0x33 .\ARM_GCC_493\Debug\Lab3.a(CyLib.o)
 .ARM.attributes
                0x00000350       0x33 .\ARM_GCC_493\Debug\Lab3.a(cyPm.o)
 .ARM.attributes
                0x00000383       0x33 .\ARM_GCC_493\Debug\Lab3.a(isr_1.o)
 .ARM.attributes
                0x000003b6       0x33 .\ARM_GCC_493\Debug\Lab3.a(WaveDAC8_1.o)
 .ARM.attributes
                0x000003e9       0x33 .\ARM_GCC_493\Debug\Lab3.a(WaveDAC8_1_DacClk.o)
 .ARM.attributes
                0x0000041c       0x33 .\ARM_GCC_493\Debug\Lab3.a(WaveDAC8_1_Wave1_DMA_dma.o)
 .ARM.attributes
                0x0000044f       0x33 .\ARM_GCC_493\Debug\Lab3.a(WaveDAC8_1_Wave2_DMA_dma.o)
 .ARM.attributes
                0x00000482       0x33 .\ARM_GCC_493\Debug\Lab3.a(WaveDAC8_1_VDAC8.o)
 .ARM.attributes
                0x000004b5       0x33 .\ARM_GCC_493\Debug\Lab3.a(Waveform_Reg.o)
 .ARM.attributes
                0x000004e8       0x33 .\ARM_GCC_493\Debug\Lab3.a(Servo_PWM.o)
 .ARM.attributes
                0x0000051b       0x33 .\ARM_GCC_493\Debug\Lab3.a(DMA_1_dma.o)
 .ARM.attributes
                0x0000054e       0x33 .\ARM_GCC_493\Debug\Lab3.a(dma_interrupt.o)
 .ARM.attributes
                0x00000581       0x33 .\ARM_GCC_493\Debug\Lab3.a(Speaker_PWM.o)
 .ARM.attributes
                0x000005b4       0x33 .\ARM_GCC_493\Debug\Lab3.a(CyFlash.o)
 .ARM.attributes
                0x000005e7       0x33 .\ARM_GCC_493\Debug\Lab3.a(CySpc.o)
 .ARM.attributes
                0x0000061a       0x1d c:/program files (x86)/cypress/psoc creator/3.3/psoc creator/import/gnu/arm/4.9.3/bin/../lib/gcc/arm-none-eabi/4.9.3/armv7-m\libgcc.a(_arm_addsubdf3.o)
 .ARM.attributes
                0x00000637       0x1d c:/program files (x86)/cypress/psoc creator/3.3/psoc creator/import/gnu/arm/4.9.3/bin/../lib/gcc/arm-none-eabi/4.9.3/armv7-m\libgcc.a(_arm_cmpdf2.o)
 .ARM.attributes
                0x00000654       0x1d c:/program files (x86)/cypress/psoc creator/3.3/psoc creator/import/gnu/arm/4.9.3/bin/../lib/gcc/arm-none-eabi/4.9.3/armv7-m\libgcc.a(_arm_addsubsf3.o)
 .ARM.attributes
                0x00000671       0x1d c:/program files (x86)/cypress/psoc creator/3.3/psoc creator/import/gnu/arm/4.9.3/bin/../lib/gcc/arm-none-eabi/4.9.3/armv7-m\libgcc.a(_arm_muldivsf3.o)
 .ARM.attributes
                0x0000068e       0x1d c:/program files (x86)/cypress/psoc creator/3.3/psoc creator/import/gnu/arm/4.9.3/bin/../lib/gcc/arm-none-eabi/4.9.3/armv7-m\libgcc.a(_arm_fixunssfsi.o)
 .ARM.attributes
                0x000006ab       0x2d c:/program files (x86)/cypress/psoc creator/3.3/psoc creator/import/gnu/arm/4.9.3/bin/../lib/gcc/arm-none-eabi/4.9.3/../../../../arm-none-eabi/lib/armv7-m\libg_nano.a(lib_a-errno.o)
 .ARM.attributes
                0x000006d8       0x2d c:/program files (x86)/cypress/psoc creator/3.3/psoc creator/import/gnu/arm/4.9.3/bin/../lib/gcc/arm-none-eabi/4.9.3/../../../../arm-none-eabi/lib/armv7-m\libg_nano.a(lib_a-exit.o)
 .ARM.attributes
                0x00000705       0x2d c:/program files (x86)/cypress/psoc creator/3.3/psoc creator/import/gnu/arm/4.9.3/bin/../lib/gcc/arm-none-eabi/4.9.3/../../../../arm-none-eabi/lib/armv7-m\libg_nano.a(lib_a-impure.o)
 .ARM.attributes
                0x00000732       0x2d c:/program files (x86)/cypress/psoc creator/3.3/psoc creator/import/gnu/arm/4.9.3/bin/../lib/gcc/arm-none-eabi/4.9.3/../../../../arm-none-eabi/lib/armv7-m\libg_nano.a(lib_a-init.o)
 .ARM.attributes
                0x0000075f       0x2d c:/program files (x86)/cypress/psoc creator/3.3/psoc creator/import/gnu/arm/4.9.3/bin/../lib/gcc/arm-none-eabi/4.9.3/../../../../arm-none-eabi/lib/armv7-m\libg_nano.a(lib_a-memcpy.o)
 .ARM.attributes
                0x0000078c       0x2d c:/program files (x86)/cypress/psoc creator/3.3/psoc creator/import/gnu/arm/4.9.3/bin/../lib/gcc/arm-none-eabi/4.9.3/../../../../arm-none-eabi/lib/armv7-m\libg_nano.a(lib_a-memset.o)
 .ARM.attributes
                0x000007b9       0x2d c:/program files (x86)/cypress/psoc creator/3.3/psoc creator/import/gnu/arm/4.9.3/bin/../lib/gcc/arm-none-eabi/4.9.3/../../../../arm-none-eabi/lib/armv7-m\libg_nano.a(lib_a-sprintf.o)
 .ARM.attributes
                0x000007e6       0x2d c:/program files (x86)/cypress/psoc creator/3.3/psoc creator/import/gnu/arm/4.9.3/bin/../lib/gcc/arm-none-eabi/4.9.3/../../../../arm-none-eabi/lib/armv7-m\libg_nano.a(lib_a-nano-svfprintf.o)
 .ARM.attributes
                0x00000813       0x2d c:/program files (x86)/cypress/psoc creator/3.3/psoc creator/import/gnu/arm/4.9.3/bin/../lib/gcc/arm-none-eabi/4.9.3/../../../../arm-none-eabi/lib/armv7-m\libg_nano.a(lib_a-nano-vfprintf_i.o)
 .ARM.attributes
                0x00000840       0x2d c:/program files (x86)/cypress/psoc creator/3.3/psoc creator/import/gnu/arm/4.9.3/bin/../lib/gcc/arm-none-eabi/4.9.3/../../../../arm-none-eabi/lib/armv7-m\libg_nano.a(lib_a-memchr.o)
 .ARM.attributes
                0x0000086d       0x2d c:/program files (x86)/cypress/psoc creator/3.3/psoc creator/import/gnu/arm/4.9.3/bin/../lib/gcc/arm-none-eabi/4.9.3/../../../../arm-none-eabi/lib/armv7-m\libg_nano.a(lib_a-memmove.o)
 .ARM.attributes
                0x0000089a       0x2d c:/program files (x86)/cypress/psoc creator/3.3/psoc creator/import/gnu/arm/4.9.3/bin/../lib/gcc/arm-none-eabi/4.9.3/../../../../arm-none-eabi/lib/armv7-m\libg_nano.a(lib_a-nano-freer.o)
 .ARM.attributes
                0x000008c7       0x2d c:/program files (x86)/cypress/psoc creator/3.3/psoc creator/import/gnu/arm/4.9.3/bin/../lib/gcc/arm-none-eabi/4.9.3/../../../../arm-none-eabi/lib/armv7-m\libg_nano.a(lib_a-nano-mallocr.o)
 .ARM.attributes
                0x000008f4       0x2d c:/program files (x86)/cypress/psoc creator/3.3/psoc creator/import/gnu/arm/4.9.3/bin/../lib/gcc/arm-none-eabi/4.9.3/../../../../arm-none-eabi/lib/armv7-m\libg_nano.a(lib_a-nano-reallocr.o)
 .ARM.attributes
                0x00000921       0x2d c:/program files (x86)/cypress/psoc creator/3.3/psoc creator/import/gnu/arm/4.9.3/bin/../lib/gcc/arm-none-eabi/4.9.3/../../../../arm-none-eabi/lib/armv7-m\libg_nano.a(lib_a-sbrkr.o)
 .ARM.attributes
                0x0000094e       0x2d c:/program files (x86)/cypress/psoc creator/3.3/psoc creator/import/gnu/arm/4.9.3/bin/../lib/gcc/arm-none-eabi/4.9.3/../../../../arm-none-eabi/lib/armv7-m\libg_nano.a(lib_a-nano-msizer.o)
 .ARM.attributes
                0x0000097b       0x2d c:/program files (x86)/cypress/psoc creator/3.3/psoc creator/import/gnu/arm/4.9.3/bin/../lib/gcc/arm-none-eabi/4.9.3/../../../../arm-none-eabi/lib/armv7-m\libg_nano.a(lib_a-reent.o)
 .ARM.attributes
                0x000009a8       0x2d c:/program files (x86)/cypress/psoc creator/3.3/psoc creator/import/gnu/arm/4.9.3/bin/../lib/gcc/arm-none-eabi/4.9.3/armv7-m/crtend.o
 .ARM.attributes
                0x000009d5       0x1d c:/program files (x86)/cypress/psoc creator/3.3/psoc creator/import/gnu/arm/4.9.3/bin/../lib/gcc/arm-none-eabi/4.9.3/armv7-m/crtn.o

/DISCARD/
 *(.note.GNU-stack)
OUTPUT(.\ARM_GCC_493\Debug\Lab3.elf elf32-littlearm)
