ARM GAS  C:\Users\Jonah\AppData\Local\Temp\ccoyNmEg.s 			page 1


   1              		.syntax unified
   2              		.cpu cortex-m3
   3              		.fpu softvfp
   4              		.eabi_attribute 20, 1
   5              		.eabi_attribute 21, 1
   6              		.eabi_attribute 23, 3
   7              		.eabi_attribute 24, 1
   8              		.eabi_attribute 25, 1
   9              		.eabi_attribute 26, 1
  10              		.eabi_attribute 30, 6
  11              		.eabi_attribute 34, 1
  12              		.eabi_attribute 18, 4
  13              		.thumb
  14              		.file	"main.c"
  15              		.text
  16              	.Ltext0:
  17              		.cfi_sections	.debug_frame
  18              		.comm	currentMode,1,1
  19              		.section	.text.ToggleModes,"ax",%progbits
  20              		.align	2
  21              		.global	ToggleModes
  22              		.thumb
  23              		.thumb_func
  24              		.type	ToggleModes, %function
  25              	ToggleModes:
  26              	.LFB63:
  27              		.file 1 ".\\main.c"
   1:.\main.c      **** /******************************************************************************
   2:.\main.c      **** * Project Name		: CE95352 Blinking LED
   3:.\main.c      **** * File Name			: main.c
   4:.\main.c      **** * Version 			: **
   5:.\main.c      **** * Device Used		: CY8C5888LTI-LP097
   6:.\main.c      **** * Software Used		: PSoC Creator 3.1 SP2
   7:.\main.c      **** * Compiler    		: ARM GCC 4.8.4, ARM RVDS Generic, ARM MDK Generic
   8:.\main.c      **** * Related Hardware	: CY8CKIT059 PSoC 5 LP Prototyping Kit 
   9:.\main.c      **** * Owner				: KLMZ
  10:.\main.c      **** *
  11:.\main.c      **** ********************************************************************************
  12:.\main.c      **** * Copyright (2015), Cypress Semiconductor Corporation. All Rights Reserved.
  13:.\main.c      **** ********************************************************************************
  14:.\main.c      **** * This software is owned by Cypress Semiconductor Corporation (Cypress)
  15:.\main.c      **** * and is protected by and subject to worldwide patent protection (United
  16:.\main.c      **** * States and foreign), United States copyright laws and international treaty
  17:.\main.c      **** * provisions. Cypress hereby grants to licensee a personal, non-exclusive,
  18:.\main.c      **** * non-transferable license to copy, use, modify, create derivative works of,
  19:.\main.c      **** * and compile the Cypress Source Code and derivative works for the sole
  20:.\main.c      **** * purpose of creating custom software in support of licensee product to be
  21:.\main.c      **** * used only in conjunction with a Cypress integrated circuit as specified in
  22:.\main.c      **** * the applicable agreement. Any reproduction, modification, translation,
  23:.\main.c      **** * compilation, or representation of this software except as specified above 
  24:.\main.c      **** * is prohibited without the express written permission of Cypress.
  25:.\main.c      **** *
  26:.\main.c      **** * Disclaimer: CYPRESS MAKES NO WARRANTY OF ANY KIND, EXPRESS OR IMPLIED, WITH 
  27:.\main.c      **** * REGARD TO THIS MATERIAL, INCLUDING, BUT NOT LIMITED TO, THE IMPLIED 
  28:.\main.c      **** * WARRANTIES OF MERCHANTABILITY AND FITNESS FOR A PARTICULAR PURPOSE.
  29:.\main.c      **** * Cypress reserves the right to make changes without further notice to the 
  30:.\main.c      **** * materials described herein. Cypress does not assume any liability arising out 
ARM GAS  C:\Users\Jonah\AppData\Local\Temp\ccoyNmEg.s 			page 2


  31:.\main.c      **** * of the application or use of any product or circuit described herein. Cypress 
  32:.\main.c      **** * does not authorize its products for use as critical components in life-support 
  33:.\main.c      **** * systems where a malfunction or failure may reasonably be expected to result in 
  34:.\main.c      **** * significant injury to the user. The inclusion of Cypress' product in a life-
  35:.\main.c      **** * support systems application implies that the manufacturer assumes all risk of 
  36:.\main.c      **** * such use and in doing so indemnifies Cypress against all charges. 
  37:.\main.c      **** *
  38:.\main.c      **** * Use of this Software may be limited by and subject to the applicable Cypress
  39:.\main.c      **** * software license agreement. 
  40:.\main.c      **** *******************************************************************************/
  41:.\main.c      **** 
  42:.\main.c      **** #include <device.h>
  43:.\main.c      **** #include <stdio.h>
  44:.\main.c      **** #include <string.h>
  45:.\main.c      **** #include <unistd.h>
  46:.\main.c      **** #include <stdbool.h>
  47:.\main.c      **** 
  48:.\main.c      **** /*******************************************************************************
  49:.\main.c      **** * Function Name: main
  50:.\main.c      **** ********************************************************************************
  51:.\main.c      **** *
  52:.\main.c      **** * Summary:
  53:.\main.c      **** *  Software-controller PWM controls and LED to blink in 1s interval
  54:.\main.c      ****                            as well as control the brightness
  55:.\main.c      **** *
  56:.\main.c      **** * Parameters:
  57:.\main.c      **** *  None.
  58:.\main.c      **** *
  59:.\main.c      **** * Return:
  60:.\main.c      **** *  None.
  61:.\main.c      **** *
  62:.\main.c      **** 
  63:.\main.c      **** Partner Names: John Dempsey, Haitham Alzerma, Kwesi
  64:.\main.c      **** Partner Lab Group name: 3GL (3 Guys in a Lab)
  65:.\main.c      **** *******************************************************************************/
  66:.\main.c      **** 
  67:.\main.c      **** 
  68:.\main.c      **** #define on 1
  69:.\main.c      **** #define off 0
  70:.\main.c      **** #define resolution 50
  71:.\main.c      **** 
  72:.\main.c      **** enum pwmMode {blink, ramp};
  73:.\main.c      **** 
  74:.\main.c      **** enum pwmMode currentMode;
  75:.\main.c      **** 
  76:.\main.c      **** void write_led(int);
  77:.\main.c      **** 
  78:.\main.c      **** CY_ISR(ToggleModes) {
  28              		.loc 1 78 0
  29              		.cfi_startproc
  30              		@ args = 0, pretend = 0, frame = 0
  31              		@ frame_needed = 1, uses_anonymous_args = 0
  32 0000 80B5     		push	{r7, lr}
  33              		.cfi_def_cfa_offset 8
  34              		.cfi_offset 7, -8
  35              		.cfi_offset 14, -4
  36 0002 00AF     		add	r7, sp, #0
ARM GAS  C:\Users\Jonah\AppData\Local\Temp\ccoyNmEg.s 			page 3


  37              		.cfi_def_cfa_register 7
  79:.\main.c      ****     if (currentMode == blink) {
  38              		.loc 1 79 0
  39 0004 084B     		ldr	r3, .L4
  40 0006 1B78     		ldrb	r3, [r3]	@ zero_extendqisi2
  41 0008 002B     		cmp	r3, #0
  42 000a 06D1     		bne	.L2
  80:.\main.c      ****         currentMode = ramp;
  43              		.loc 1 80 0
  44 000c 064B     		ldr	r3, .L4
  45 000e 0122     		movs	r2, #1
  46 0010 1A70     		strb	r2, [r3]
  81:.\main.c      ****         write_led(on);
  47              		.loc 1 81 0
  48 0012 0120     		movs	r0, #1
  49 0014 FFF7FEFF 		bl	write_led
  50 0018 05E0     		b	.L1
  51              	.L2:
  82:.\main.c      ****     } else {
  83:.\main.c      ****         currentMode = blink;
  52              		.loc 1 83 0
  53 001a 034B     		ldr	r3, .L4
  54 001c 0022     		movs	r2, #0
  55 001e 1A70     		strb	r2, [r3]
  84:.\main.c      ****         write_led(off);
  56              		.loc 1 84 0
  57 0020 0020     		movs	r0, #0
  58 0022 FFF7FEFF 		bl	write_led
  59              	.L1:
  85:.\main.c      ****     }
  86:.\main.c      **** }
  60              		.loc 1 86 0
  61 0026 80BD     		pop	{r7, pc}
  62              	.L5:
  63              		.align	2
  64              	.L4:
  65 0028 00000000 		.word	currentMode
  66              		.cfi_endproc
  67              	.LFE63:
  68              		.size	ToggleModes, .-ToggleModes
  69              		.global	currentBrightness
  70              		.bss
  71              		.align	2
  72              		.type	currentBrightness, %object
  73              		.size	currentBrightness, 4
  74              	currentBrightness:
  75 0000 00000000 		.space	4
  76              		.global	on_time_ms
  77              		.align	2
  78              		.type	on_time_ms, %object
  79              		.size	on_time_ms, 4
  80              	on_time_ms:
  81 0004 00000000 		.space	4
  82              		.global	off_time_ms
  83              		.data
  84              		.align	2
  85              		.type	off_time_ms, %object
ARM GAS  C:\Users\Jonah\AppData\Local\Temp\ccoyNmEg.s 			page 4


  86              		.size	off_time_ms, 4
  87              	off_time_ms:
  88 0000 01000000 		.word	1
  89              		.global	total_time_ms
  90              		.align	2
  91              		.type	total_time_ms, %object
  92              		.size	total_time_ms, 4
  93              	total_time_ms:
  94 0004 05000000 		.word	5
  95              		.global	duty_cycle
  96              		.align	2
  97              		.type	duty_cycle, %object
  98              		.size	duty_cycle, 4
  99              	duty_cycle:
 100 0008 CDCCCC3D 		.word	1036831949
 101              		.global	debounce_on
 102              		.bss
 103              		.type	debounce_on, %object
 104              		.size	debounce_on, 1
 105              	debounce_on:
 106 0008 00       		.space	1
 107 0009 000000   		.section	.text.main,"ax",%progbits
 108              		.align	2
 109              		.global	main
 110              		.thumb
 111              		.thumb_func
 112              		.type	main, %function
 113              	main:
 114              	.LFB64:
  87:.\main.c      **** 
  88:.\main.c      **** #define userFrequency 60        //frequency in hertz
  89:.\main.c      **** #define unseenFrequency 60      //at 60hz, most people can't detect difference
  90:.\main.c      **** #define secondPeriod 500        //toggle light every 500ms
  91:.\main.c      **** 
  92:.\main.c      **** #define USING_INTERRUPTS 0      //1 for using interrupts, 0 for polling
  93:.\main.c      **** #define DEBOUNCE_TIME 200
  94:.\main.c      **** 
  95:.\main.c      **** float currentBrightness = 0;
  96:.\main.c      **** uint32 on_time_ms = 0;
  97:.\main.c      **** uint32 off_time_ms = 1;
  98:.\main.c      **** 
  99:.\main.c      **** uint32 total_time_ms = 5;
 100:.\main.c      **** float duty_cycle = 0.1;
 101:.\main.c      **** 
 102:.\main.c      **** void Software_PWM_Start();
 103:.\main.c      **** void PWM_Blink(uint32);
 104:.\main.c      **** void PWM_Ramp(float, uint32);
 105:.\main.c      **** 
 106:.\main.c      **** bool debounce_on = false;
 107:.\main.c      **** //TODO:
 108:.\main.c      **** //refactor
 109:.\main.c      **** //debounce
 110:.\main.c      **** //add potentiometer
 111:.\main.c      **** 
 112:.\main.c      **** int main()
 113:.\main.c      **** {
 115              		.loc 1 113 0
ARM GAS  C:\Users\Jonah\AppData\Local\Temp\ccoyNmEg.s 			page 5


 116              		.cfi_startproc
 117              		@ args = 0, pretend = 0, frame = 0
 118              		@ frame_needed = 1, uses_anonymous_args = 0
 119 0000 80B5     		push	{r7, lr}
 120              		.cfi_def_cfa_offset 8
 121              		.cfi_offset 7, -8
 122              		.cfi_offset 14, -4
 123 0002 00AF     		add	r7, sp, #0
 124              		.cfi_def_cfa_register 7
 114:.\main.c      **** 
 115:.\main.c      ****     #if USING_INTERRUPTS
 116:.\main.c      ****     
 117:.\main.c      ****         //toggles the led mode by using an interrupt
 118:.\main.c      ****     isr_1_StartEx(ToggleModes);
 119:.\main.c      ****     CYGlobalIntEnable;
 120:.\main.c      ****     
 121:.\main.c      ****     #endif
 122:.\main.c      ****     
 123:.\main.c      ****     Software_PWM_Start();
 125              		.loc 1 123 0
 126 0004 FFF7FEFF 		bl	Software_PWM_Start
 127              	.L10:
 124:.\main.c      ****     
 125:.\main.c      ****     //on necessary if polling for button input
 126:.\main.c      ****     for (;;)
 127:.\main.c      ****     {
 128:.\main.c      ****         
 129:.\main.c      ****         #if !(USING_INTERRUPTS)
 130:.\main.c      ****             if(Status_Reg_1_Read() && !debounce_on) { //if the button is pressed
 128              		.loc 1 130 0
 129 0008 FFF7FEFF 		bl	Status_Reg_1_Read
 130 000c 0346     		mov	r3, r0
 131 000e 002B     		cmp	r3, #0
 132 0010 29D0     		beq	.L7
 133              		.loc 1 130 0 is_stmt 0 discriminator 1
 134 0012 154B     		ldr	r3, .L11
 135 0014 1B78     		ldrb	r3, [r3]	@ zero_extendqisi2
 136 0016 83F00103 		eor	r3, r3, #1
 137 001a DBB2     		uxtb	r3, r3
 138 001c 002B     		cmp	r3, #0
 139 001e 22D0     		beq	.L7
 131:.\main.c      ****                 debounce_on = true;
 140              		.loc 1 131 0 is_stmt 1
 141 0020 114B     		ldr	r3, .L11
 142 0022 0122     		movs	r2, #1
 143 0024 1A70     		strb	r2, [r3]
 132:.\main.c      ****                 
 133:.\main.c      ****                 CyDelay(DEBOUNCE_TIME);
 144              		.loc 1 133 0
 145 0026 C820     		movs	r0, #200
 146 0028 FFF7FEFF 		bl	CyDelay
 134:.\main.c      ****                 
 135:.\main.c      ****                 if (Status_Reg_1_Read()) {
 147              		.loc 1 135 0
 148 002c FFF7FEFF 		bl	Status_Reg_1_Read
 149 0030 0346     		mov	r3, r0
 150 0032 002B     		cmp	r3, #0
ARM GAS  C:\Users\Jonah\AppData\Local\Temp\ccoyNmEg.s 			page 6


 151 0034 17D0     		beq	.L7
 136:.\main.c      ****                     if (currentMode == blink) {
 152              		.loc 1 136 0
 153 0036 0D4B     		ldr	r3, .L11+4
 154 0038 1B78     		ldrb	r3, [r3]	@ zero_extendqisi2
 155 003a 002B     		cmp	r3, #0
 156 003c 06D1     		bne	.L8
 137:.\main.c      ****                         currentMode = ramp;
 157              		.loc 1 137 0
 158 003e 0B4B     		ldr	r3, .L11+4
 159 0040 0122     		movs	r2, #1
 160 0042 1A70     		strb	r2, [r3]
 138:.\main.c      ****                         write_led(on);    //debugging to make sure polling was correct
 161              		.loc 1 138 0
 162 0044 0120     		movs	r0, #1
 163 0046 FFF7FEFF 		bl	write_led
 164 004a 09E0     		b	.L9
 165              	.L8:
 139:.\main.c      ****                     } else if (currentMode == ramp){
 166              		.loc 1 139 0
 167 004c 074B     		ldr	r3, .L11+4
 168 004e 1B78     		ldrb	r3, [r3]	@ zero_extendqisi2
 169 0050 012B     		cmp	r3, #1
 170 0052 05D1     		bne	.L9
 140:.\main.c      ****                         currentMode = blink;
 171              		.loc 1 140 0
 172 0054 054B     		ldr	r3, .L11+4
 173 0056 0022     		movs	r2, #0
 174 0058 1A70     		strb	r2, [r3]
 141:.\main.c      ****                         write_led(off);
 175              		.loc 1 141 0
 176 005a 0020     		movs	r0, #0
 177 005c FFF7FEFF 		bl	write_led
 178              	.L9:
 142:.\main.c      ****                     }
 143:.\main.c      ****                     
 144:.\main.c      ****                     debounce_on = false;
 179              		.loc 1 144 0
 180 0060 014B     		ldr	r3, .L11
 181 0062 0022     		movs	r2, #0
 182 0064 1A70     		strb	r2, [r3]
 183              	.L7:
 145:.\main.c      ****                 }
 146:.\main.c      ****                 
 147:.\main.c      ****             }
 148:.\main.c      ****             
 149:.\main.c      ****         #endif
 150:.\main.c      ****         
 151:.\main.c      ****     }
 184              		.loc 1 151 0
 185 0066 CFE7     		b	.L10
 186              	.L12:
 187              		.align	2
 188              	.L11:
 189 0068 00000000 		.word	debounce_on
 190 006c 00000000 		.word	currentMode
 191              		.cfi_endproc
ARM GAS  C:\Users\Jonah\AppData\Local\Temp\ccoyNmEg.s 			page 7


 192              	.LFE64:
 193              		.size	main, .-main
 194              		.section	.text.write_led,"ax",%progbits
 195              		.align	2
 196              		.global	write_led
 197              		.thumb
 198              		.thumb_func
 199              		.type	write_led, %function
 200              	write_led:
 201              	.LFB65:
 152:.\main.c      ****     
 153:.\main.c      ****     return 0;
 154:.\main.c      **** }
 155:.\main.c      **** 
 156:.\main.c      **** void write_led(int value) {
 202              		.loc 1 156 0
 203              		.cfi_startproc
 204              		@ args = 0, pretend = 0, frame = 8
 205              		@ frame_needed = 1, uses_anonymous_args = 0
 206 0000 80B5     		push	{r7, lr}
 207              		.cfi_def_cfa_offset 8
 208              		.cfi_offset 7, -8
 209              		.cfi_offset 14, -4
 210 0002 82B0     		sub	sp, sp, #8
 211              		.cfi_def_cfa_offset 16
 212 0004 00AF     		add	r7, sp, #0
 213              		.cfi_def_cfa_register 7
 214 0006 7860     		str	r0, [r7, #4]
 157:.\main.c      ****     Control_Reg_1_Write(value);   
 215              		.loc 1 157 0
 216 0008 7B68     		ldr	r3, [r7, #4]
 217 000a DBB2     		uxtb	r3, r3
 218 000c 1846     		mov	r0, r3
 219 000e FFF7FEFF 		bl	Control_Reg_1_Write
 158:.\main.c      **** }
 220              		.loc 1 158 0
 221 0012 0837     		adds	r7, r7, #8
 222              		.cfi_def_cfa_offset 8
 223 0014 BD46     		mov	sp, r7
 224              		.cfi_def_cfa_register 13
 225              		@ sp needed
 226 0016 80BD     		pop	{r7, pc}
 227              		.cfi_endproc
 228              	.LFE65:
 229              		.size	write_led, .-write_led
 230              		.section	.text.Software_PWM_Start,"ax",%progbits
 231              		.align	2
 232              		.global	Software_PWM_Start
 233              		.thumb
 234              		.thumb_func
 235              		.type	Software_PWM_Start, %function
 236              	Software_PWM_Start:
 237              	.LFB66:
 159:.\main.c      **** 
 160:.\main.c      **** void Software_PWM_Start() {
 238              		.loc 1 160 0
 239              		.cfi_startproc
ARM GAS  C:\Users\Jonah\AppData\Local\Temp\ccoyNmEg.s 			page 8


 240              		@ args = 0, pretend = 0, frame = 8
 241              		@ frame_needed = 1, uses_anonymous_args = 0
 242 0000 80B5     		push	{r7, lr}
 243              		.cfi_def_cfa_offset 8
 244              		.cfi_offset 7, -8
 245              		.cfi_offset 14, -4
 246 0002 82B0     		sub	sp, sp, #8
 247              		.cfi_def_cfa_offset 16
 248 0004 00AF     		add	r7, sp, #0
 249              		.cfi_def_cfa_register 7
 161:.\main.c      ****     pid_t pid = fork();
 250              		.loc 1 161 0
 251 0006 FFF7FEFF 		bl	fork
 252 000a 0346     		mov	r3, r0
 253 000c 7B60     		str	r3, [r7, #4]
 162:.\main.c      ****     if (pid > 0) {  //parent process returns
 254              		.loc 1 162 0
 255 000e 7B68     		ldr	r3, [r7, #4]
 256 0010 002B     		cmp	r3, #0
 257 0012 00DD     		ble	.L15
 163:.\main.c      ****         return;   
 258              		.loc 1 163 0
 259 0014 10E0     		b	.L19
 260              	.L15:
 164:.\main.c      ****     } else {
 165:.\main.c      ****         while(1) {  //child process continues forever blinking leds
 166:.\main.c      ****             
 167:.\main.c      ****             if (currentMode == blink){
 261              		.loc 1 167 0
 262 0016 0A4B     		ldr	r3, .L20
 263 0018 1B78     		ldrb	r3, [r3]	@ zero_extendqisi2
 264 001a 002B     		cmp	r3, #0
 265 001c 04D1     		bne	.L17
 168:.\main.c      ****                 PWM_Blink(secondPeriod);
 266              		.loc 1 168 0
 267 001e 4FF4FA70 		mov	r0, #500
 268 0022 FFF7FEFF 		bl	PWM_Blink
 269 0026 06E0     		b	.L18
 270              	.L17:
 169:.\main.c      ****             }
 170:.\main.c      ****             else if (currentMode == ramp) {
 271              		.loc 1 170 0
 272 0028 054B     		ldr	r3, .L20
 273 002a 1B78     		ldrb	r3, [r3]	@ zero_extendqisi2
 274 002c 012B     		cmp	r3, #1
 275 002e 02D1     		bne	.L18
 171:.\main.c      ****                 //calculate current ramp duty_cycle
 172:.\main.c      ****                 PWM_Blink((float)secondPeriod / (float) 5);
 276              		.loc 1 172 0
 277 0030 6420     		movs	r0, #100
 278 0032 FFF7FEFF 		bl	PWM_Blink
 279              	.L18:
 173:.\main.c      ****                 
 174:.\main.c      ****                 /*
 175:.\main.c      ****                 if (duty_cycle >= 1)
 176:.\main.c      ****                 {
 177:.\main.c      ****                  duty_cycle = 0;   
ARM GAS  C:\Users\Jonah\AppData\Local\Temp\ccoyNmEg.s 			page 9


 178:.\main.c      ****                 }
 179:.\main.c      ****                 duty_cycle += 1 / (float) resolution;
 180:.\main.c      ****                 
 181:.\main.c      ****                 
 182:.\main.c      ****                 total_time_ms = ((float)1 / (float)userFrequency) * 1000;
 183:.\main.c      ****                 on_time_ms = duty_cycle * total_time_ms;
 184:.\main.c      ****                 off_time_ms = total_time_ms - on_time_ms;
 185:.\main.c      ****                 
 186:.\main.c      ****                 PWM_Ramp(0.5, 5000);
 187:.\main.c      ****                 */
 188:.\main.c      ****             }
 189:.\main.c      ****         }
 280              		.loc 1 189 0
 281 0036 EEE7     		b	.L15
 282              	.L19:
 190:.\main.c      ****     }
 191:.\main.c      **** }
 283              		.loc 1 191 0
 284 0038 0837     		adds	r7, r7, #8
 285              		.cfi_def_cfa_offset 8
 286 003a BD46     		mov	sp, r7
 287              		.cfi_def_cfa_register 13
 288              		@ sp needed
 289 003c 80BD     		pop	{r7, pc}
 290              	.L21:
 291 003e 00BF     		.align	2
 292              	.L20:
 293 0040 00000000 		.word	currentMode
 294              		.cfi_endproc
 295              	.LFE66:
 296              		.size	Software_PWM_Start, .-Software_PWM_Start
 297              		.section	.text.PWM_Blink,"ax",%progbits
 298              		.align	2
 299              		.global	PWM_Blink
 300              		.thumb
 301              		.thumb_func
 302              		.type	PWM_Blink, %function
 303              	PWM_Blink:
 304              	.LFB67:
 192:.\main.c      **** 
 193:.\main.c      **** void PWM_Blink(uint32 halfPeriod) {
 305              		.loc 1 193 0
 306              		.cfi_startproc
 307              		@ args = 0, pretend = 0, frame = 8
 308              		@ frame_needed = 1, uses_anonymous_args = 0
 309 0000 80B5     		push	{r7, lr}
 310              		.cfi_def_cfa_offset 8
 311              		.cfi_offset 7, -8
 312              		.cfi_offset 14, -4
 313 0002 82B0     		sub	sp, sp, #8
 314              		.cfi_def_cfa_offset 16
 315 0004 00AF     		add	r7, sp, #0
 316              		.cfi_def_cfa_register 7
 317 0006 7860     		str	r0, [r7, #4]
 194:.\main.c      ****     write_led(on);
 318              		.loc 1 194 0
 319 0008 0120     		movs	r0, #1
ARM GAS  C:\Users\Jonah\AppData\Local\Temp\ccoyNmEg.s 			page 10


 320 000a FFF7FEFF 		bl	write_led
 195:.\main.c      ****     CyDelay(halfPeriod);
 321              		.loc 1 195 0
 322 000e 7868     		ldr	r0, [r7, #4]
 323 0010 FFF7FEFF 		bl	CyDelay
 196:.\main.c      ****     write_led(off);
 324              		.loc 1 196 0
 325 0014 0020     		movs	r0, #0
 326 0016 FFF7FEFF 		bl	write_led
 197:.\main.c      ****     CyDelay(halfPeriod); 
 327              		.loc 1 197 0
 328 001a 7868     		ldr	r0, [r7, #4]
 329 001c FFF7FEFF 		bl	CyDelay
 198:.\main.c      **** }
 330              		.loc 1 198 0
 331 0020 0837     		adds	r7, r7, #8
 332              		.cfi_def_cfa_offset 8
 333 0022 BD46     		mov	sp, r7
 334              		.cfi_def_cfa_register 13
 335              		@ sp needed
 336 0024 80BD     		pop	{r7, pc}
 337              		.cfi_endproc
 338              	.LFE67:
 339              		.size	PWM_Blink, .-PWM_Blink
 340 0026 00BF     		.section	.text.PWM_Ramp,"ax",%progbits
 341              		.align	2
 342              		.global	PWM_Ramp
 343              		.thumb
 344              		.thumb_func
 345              		.type	PWM_Ramp, %function
 346              	PWM_Ramp:
 347              	.LFB68:
 199:.\main.c      **** 
 200:.\main.c      **** void PWM_Ramp(float dutyCycle, uint32 frequency){
 348              		.loc 1 200 0
 349              		.cfi_startproc
 350              		@ args = 0, pretend = 0, frame = 8
 351              		@ frame_needed = 1, uses_anonymous_args = 0
 352              		@ link register save eliminated.
 353 0000 80B4     		push	{r7}
 354              		.cfi_def_cfa_offset 4
 355              		.cfi_offset 7, -4
 356 0002 83B0     		sub	sp, sp, #12
 357              		.cfi_def_cfa_offset 16
 358 0004 00AF     		add	r7, sp, #0
 359              		.cfi_def_cfa_register 7
 360 0006 7860     		str	r0, [r7, #4]	@ float
 361 0008 3960     		str	r1, [r7]
 201:.\main.c      ****     
 202:.\main.c      **** }
 362              		.loc 1 202 0
 363 000a 0C37     		adds	r7, r7, #12
 364              		.cfi_def_cfa_offset 4
 365 000c BD46     		mov	sp, r7
 366              		.cfi_def_cfa_register 13
 367              		@ sp needed
 368 000e 5DF8047B 		ldr	r7, [sp], #4
ARM GAS  C:\Users\Jonah\AppData\Local\Temp\ccoyNmEg.s 			page 11


 369              		.cfi_restore 7
 370              		.cfi_def_cfa_offset 0
 371 0012 7047     		bx	lr
 372              		.cfi_endproc
 373              	.LFE68:
 374              		.size	PWM_Ramp, .-PWM_Ramp
 375              		.text
 376              	.Letext0:
 377              		.file 2 "c:\\program files (x86)\\cypress\\psoc creator\\3.3\\psoc creator\\import\\gnu\\arm\\4.9.
 378              		.file 3 "c:\\program files (x86)\\cypress\\psoc creator\\3.3\\psoc creator\\import\\gnu\\arm\\4.9.
 379              		.file 4 "Generated_Source\\PSoC5/cytypes.h"
 380              		.file 5 "c:\\program files (x86)\\cypress\\psoc creator\\3.3\\psoc creator\\import\\gnu\\arm\\4.9.
 381              		.file 6 "Generated_Source\\PSoC5/core_cm3.h"
 382              		.section	.debug_info,"",%progbits
 383              	.Ldebug_info0:
 384 0000 1D020000 		.4byte	0x21d
 385 0004 0400     		.2byte	0x4
 386 0006 00000000 		.4byte	.Ldebug_abbrev0
 387 000a 04       		.byte	0x4
 388 000b 01       		.uleb128 0x1
 389 000c 3F000000 		.4byte	.LASF37
 390 0010 01       		.byte	0x1
 391 0011 FA000000 		.4byte	.LASF38
 392 0015 0A020000 		.4byte	.LASF39
 393 0019 00000000 		.4byte	.Ldebug_ranges0+0
 394 001d 00000000 		.4byte	0
 395 0021 00000000 		.4byte	.Ldebug_line0
 396 0025 02       		.uleb128 0x2
 397 0026 01       		.byte	0x1
 398 0027 06       		.byte	0x6
 399 0028 4D020000 		.4byte	.LASF0
 400 002c 02       		.uleb128 0x2
 401 002d 01       		.byte	0x1
 402 002e 08       		.byte	0x8
 403 002f EC000000 		.4byte	.LASF1
 404 0033 02       		.uleb128 0x2
 405 0034 02       		.byte	0x2
 406 0035 05       		.byte	0x5
 407 0036 E9010000 		.4byte	.LASF2
 408 003a 02       		.uleb128 0x2
 409 003b 02       		.byte	0x2
 410 003c 07       		.byte	0x7
 411 003d 59020000 		.4byte	.LASF3
 412 0041 03       		.uleb128 0x3
 413 0042 22000000 		.4byte	.LASF9
 414 0046 02       		.byte	0x2
 415 0047 3F       		.byte	0x3f
 416 0048 4C000000 		.4byte	0x4c
 417 004c 02       		.uleb128 0x2
 418 004d 04       		.byte	0x4
 419 004e 05       		.byte	0x5
 420 004f 01020000 		.4byte	.LASF4
 421 0053 02       		.uleb128 0x2
 422 0054 04       		.byte	0x4
 423 0055 07       		.byte	0x7
 424 0056 03010000 		.4byte	.LASF5
 425 005a 02       		.uleb128 0x2
ARM GAS  C:\Users\Jonah\AppData\Local\Temp\ccoyNmEg.s 			page 12


 426 005b 08       		.byte	0x8
 427 005c 05       		.byte	0x5
 428 005d C2010000 		.4byte	.LASF6
 429 0061 02       		.uleb128 0x2
 430 0062 08       		.byte	0x8
 431 0063 07       		.byte	0x7
 432 0064 7E010000 		.4byte	.LASF7
 433 0068 04       		.uleb128 0x4
 434 0069 04       		.byte	0x4
 435 006a 05       		.byte	0x5
 436 006b 696E7400 		.ascii	"int\000"
 437 006f 02       		.uleb128 0x2
 438 0070 04       		.byte	0x4
 439 0071 07       		.byte	0x7
 440 0072 71010000 		.4byte	.LASF8
 441 0076 03       		.uleb128 0x3
 442 0077 B1010000 		.4byte	.LASF10
 443 007b 03       		.byte	0x3
 444 007c 2C       		.byte	0x2c
 445 007d 41000000 		.4byte	0x41
 446 0081 05       		.uleb128 0x5
 447 0082 4D010000 		.4byte	.LASF11
 448 0086 04       		.byte	0x4
 449 0087 9401     		.2byte	0x194
 450 0089 53000000 		.4byte	0x53
 451 008d 02       		.uleb128 0x2
 452 008e 04       		.byte	0x4
 453 008f 04       		.byte	0x4
 454 0090 DA000000 		.4byte	.LASF12
 455 0094 02       		.uleb128 0x2
 456 0095 08       		.byte	0x8
 457 0096 04       		.byte	0x4
 458 0097 CD000000 		.4byte	.LASF13
 459 009b 02       		.uleb128 0x2
 460 009c 01       		.byte	0x1
 461 009d 08       		.byte	0x8
 462 009e E4010000 		.4byte	.LASF14
 463 00a2 02       		.uleb128 0x2
 464 00a3 04       		.byte	0x4
 465 00a4 07       		.byte	0x7
 466 00a5 B9010000 		.4byte	.LASF15
 467 00a9 03       		.uleb128 0x3
 468 00aa D4000000 		.4byte	.LASF16
 469 00ae 05       		.byte	0x5
 470 00af C1       		.byte	0xc1
 471 00b0 68000000 		.4byte	0x68
 472 00b4 06       		.uleb128 0x6
 473 00b5 95010000 		.4byte	.LASF40
 474 00b9 01       		.byte	0x1
 475 00ba 01       		.byte	0x1
 476 00bb 48       		.byte	0x48
 477 00bc CD000000 		.4byte	0xcd
 478 00c0 07       		.uleb128 0x7
 479 00c1 00000000 		.4byte	.LASF17
 480 00c5 00       		.sleb128 0
 481 00c6 07       		.uleb128 0x7
 482 00c7 15010000 		.4byte	.LASF18
ARM GAS  C:\Users\Jonah\AppData\Local\Temp\ccoyNmEg.s 			page 13


 483 00cb 01       		.sleb128 1
 484 00cc 00       		.byte	0
 485 00cd 08       		.uleb128 0x8
 486 00ce 10000000 		.4byte	.LASF19
 487 00d2 01       		.byte	0x1
 488 00d3 4E       		.byte	0x4e
 489 00d4 00000000 		.4byte	.LFB63
 490 00d8 2C000000 		.4byte	.LFE63-.LFB63
 491 00dc 01       		.uleb128 0x1
 492 00dd 9C       		.byte	0x9c
 493 00de 09       		.uleb128 0x9
 494 00df 3E010000 		.4byte	.LASF20
 495 00e3 01       		.byte	0x1
 496 00e4 70       		.byte	0x70
 497 00e5 68000000 		.4byte	0x68
 498 00e9 00000000 		.4byte	.LFB64
 499 00ed 70000000 		.4byte	.LFE64-.LFB64
 500 00f1 01       		.uleb128 0x1
 501 00f2 9C       		.byte	0x9c
 502 00f3 0A       		.uleb128 0xa
 503 00f4 43010000 		.4byte	.LASF21
 504 00f8 01       		.byte	0x1
 505 00f9 9C       		.byte	0x9c
 506 00fa 00000000 		.4byte	.LFB65
 507 00fe 18000000 		.4byte	.LFE65-.LFB65
 508 0102 01       		.uleb128 0x1
 509 0103 9C       		.byte	0x9c
 510 0104 17010000 		.4byte	0x117
 511 0108 0B       		.uleb128 0xb
 512 0109 1C000000 		.4byte	.LASF23
 513 010d 01       		.byte	0x1
 514 010e 9C       		.byte	0x9c
 515 010f 68000000 		.4byte	0x68
 516 0113 02       		.uleb128 0x2
 517 0114 91       		.byte	0x91
 518 0115 74       		.sleb128 -12
 519 0116 00       		.byte	0
 520 0117 0C       		.uleb128 0xc
 521 0118 2C000000 		.4byte	.LASF41
 522 011c 01       		.byte	0x1
 523 011d A0       		.byte	0xa0
 524 011e 00000000 		.4byte	.LFB66
 525 0122 44000000 		.4byte	.LFE66-.LFB66
 526 0126 01       		.uleb128 0x1
 527 0127 9C       		.byte	0x9c
 528 0128 3B010000 		.4byte	0x13b
 529 012c 0D       		.uleb128 0xd
 530 012d 70696400 		.ascii	"pid\000"
 531 0131 01       		.byte	0x1
 532 0132 A1       		.byte	0xa1
 533 0133 A9000000 		.4byte	0xa9
 534 0137 02       		.uleb128 0x2
 535 0138 91       		.byte	0x91
 536 0139 74       		.sleb128 -12
 537 013a 00       		.byte	0
 538 013b 0A       		.uleb128 0xa
 539 013c A7010000 		.4byte	.LASF22
ARM GAS  C:\Users\Jonah\AppData\Local\Temp\ccoyNmEg.s 			page 14


 540 0140 01       		.byte	0x1
 541 0141 C1       		.byte	0xc1
 542 0142 00000000 		.4byte	.LFB67
 543 0146 26000000 		.4byte	.LFE67-.LFB67
 544 014a 01       		.uleb128 0x1
 545 014b 9C       		.byte	0x9c
 546 014c 5F010000 		.4byte	0x15f
 547 0150 0B       		.uleb128 0xb
 548 0151 D0010000 		.4byte	.LASF24
 549 0155 01       		.byte	0x1
 550 0156 C1       		.byte	0xc1
 551 0157 81000000 		.4byte	0x81
 552 015b 02       		.uleb128 0x2
 553 015c 91       		.byte	0x91
 554 015d 74       		.sleb128 -12
 555 015e 00       		.byte	0
 556 015f 0E       		.uleb128 0xe
 557 0160 DB010000 		.4byte	.LASF25
 558 0164 01       		.byte	0x1
 559 0165 C8       		.byte	0xc8
 560 0166 00000000 		.4byte	.LFB68
 561 016a 14000000 		.4byte	.LFE68-.LFB68
 562 016e 01       		.uleb128 0x1
 563 016f 9C       		.byte	0x9c
 564 0170 91010000 		.4byte	0x191
 565 0174 0B       		.uleb128 0xb
 566 0175 06000000 		.4byte	.LASF26
 567 0179 01       		.byte	0x1
 568 017a C8       		.byte	0xc8
 569 017b 8D000000 		.4byte	0x8d
 570 017f 02       		.uleb128 0x2
 571 0180 91       		.byte	0x91
 572 0181 74       		.sleb128 -12
 573 0182 0B       		.uleb128 0xb
 574 0183 9D010000 		.4byte	.LASF27
 575 0187 01       		.byte	0x1
 576 0188 C8       		.byte	0xc8
 577 0189 81000000 		.4byte	0x81
 578 018d 02       		.uleb128 0x2
 579 018e 91       		.byte	0x91
 580 018f 70       		.sleb128 -16
 581 0190 00       		.byte	0
 582 0191 0F       		.uleb128 0xf
 583 0192 26010000 		.4byte	.LASF28
 584 0196 06       		.byte	0x6
 585 0197 9606     		.2byte	0x696
 586 0199 9D010000 		.4byte	0x19d
 587 019d 10       		.uleb128 0x10
 588 019e 76000000 		.4byte	0x76
 589 01a2 11       		.uleb128 0x11
 590 01a3 72020000 		.4byte	.LASF29
 591 01a7 01       		.byte	0x1
 592 01a8 4A       		.byte	0x4a
 593 01a9 B4000000 		.4byte	0xb4
 594 01ad 05       		.uleb128 0x5
 595 01ae 03       		.byte	0x3
 596 01af 00000000 		.4byte	currentMode
ARM GAS  C:\Users\Jonah\AppData\Local\Temp\ccoyNmEg.s 			page 15


 597 01b3 11       		.uleb128 0x11
 598 01b4 5F010000 		.4byte	.LASF30
 599 01b8 01       		.byte	0x1
 600 01b9 5F       		.byte	0x5f
 601 01ba 8D000000 		.4byte	0x8d
 602 01be 05       		.uleb128 0x5
 603 01bf 03       		.byte	0x3
 604 01c0 00000000 		.4byte	currentBrightness
 605 01c4 11       		.uleb128 0x11
 606 01c5 33010000 		.4byte	.LASF31
 607 01c9 01       		.byte	0x1
 608 01ca 60       		.byte	0x60
 609 01cb 81000000 		.4byte	0x81
 610 01cf 05       		.uleb128 0x5
 611 01d0 03       		.byte	0x3
 612 01d1 00000000 		.4byte	on_time_ms
 613 01d5 11       		.uleb128 0x11
 614 01d6 E0000000 		.4byte	.LASF32
 615 01da 01       		.byte	0x1
 616 01db 61       		.byte	0x61
 617 01dc 81000000 		.4byte	0x81
 618 01e0 05       		.uleb128 0x5
 619 01e1 03       		.byte	0x3
 620 01e2 00000000 		.4byte	off_time_ms
 621 01e6 11       		.uleb128 0x11
 622 01e7 F3010000 		.4byte	.LASF33
 623 01eb 01       		.byte	0x1
 624 01ec 63       		.byte	0x63
 625 01ed 81000000 		.4byte	0x81
 626 01f1 05       		.uleb128 0x5
 627 01f2 03       		.byte	0x3
 628 01f3 00000000 		.4byte	total_time_ms
 629 01f7 11       		.uleb128 0x11
 630 01f8 54010000 		.4byte	.LASF34
 631 01fc 01       		.byte	0x1
 632 01fd 64       		.byte	0x64
 633 01fe 8D000000 		.4byte	0x8d
 634 0202 05       		.uleb128 0x5
 635 0203 03       		.byte	0x3
 636 0204 00000000 		.4byte	duty_cycle
 637 0208 11       		.uleb128 0x11
 638 0209 1A010000 		.4byte	.LASF35
 639 020d 01       		.byte	0x1
 640 020e 6A       		.byte	0x6a
 641 020f 19020000 		.4byte	0x219
 642 0213 05       		.uleb128 0x5
 643 0214 03       		.byte	0x3
 644 0215 00000000 		.4byte	debounce_on
 645 0219 02       		.uleb128 0x2
 646 021a 01       		.byte	0x1
 647 021b 02       		.byte	0x2
 648 021c 6C020000 		.4byte	.LASF36
 649 0220 00       		.byte	0
 650              		.section	.debug_abbrev,"",%progbits
 651              	.Ldebug_abbrev0:
 652 0000 01       		.uleb128 0x1
 653 0001 11       		.uleb128 0x11
ARM GAS  C:\Users\Jonah\AppData\Local\Temp\ccoyNmEg.s 			page 16


 654 0002 01       		.byte	0x1
 655 0003 25       		.uleb128 0x25
 656 0004 0E       		.uleb128 0xe
 657 0005 13       		.uleb128 0x13
 658 0006 0B       		.uleb128 0xb
 659 0007 03       		.uleb128 0x3
 660 0008 0E       		.uleb128 0xe
 661 0009 1B       		.uleb128 0x1b
 662 000a 0E       		.uleb128 0xe
 663 000b 55       		.uleb128 0x55
 664 000c 17       		.uleb128 0x17
 665 000d 11       		.uleb128 0x11
 666 000e 01       		.uleb128 0x1
 667 000f 10       		.uleb128 0x10
 668 0010 17       		.uleb128 0x17
 669 0011 00       		.byte	0
 670 0012 00       		.byte	0
 671 0013 02       		.uleb128 0x2
 672 0014 24       		.uleb128 0x24
 673 0015 00       		.byte	0
 674 0016 0B       		.uleb128 0xb
 675 0017 0B       		.uleb128 0xb
 676 0018 3E       		.uleb128 0x3e
 677 0019 0B       		.uleb128 0xb
 678 001a 03       		.uleb128 0x3
 679 001b 0E       		.uleb128 0xe
 680 001c 00       		.byte	0
 681 001d 00       		.byte	0
 682 001e 03       		.uleb128 0x3
 683 001f 16       		.uleb128 0x16
 684 0020 00       		.byte	0
 685 0021 03       		.uleb128 0x3
 686 0022 0E       		.uleb128 0xe
 687 0023 3A       		.uleb128 0x3a
 688 0024 0B       		.uleb128 0xb
 689 0025 3B       		.uleb128 0x3b
 690 0026 0B       		.uleb128 0xb
 691 0027 49       		.uleb128 0x49
 692 0028 13       		.uleb128 0x13
 693 0029 00       		.byte	0
 694 002a 00       		.byte	0
 695 002b 04       		.uleb128 0x4
 696 002c 24       		.uleb128 0x24
 697 002d 00       		.byte	0
 698 002e 0B       		.uleb128 0xb
 699 002f 0B       		.uleb128 0xb
 700 0030 3E       		.uleb128 0x3e
 701 0031 0B       		.uleb128 0xb
 702 0032 03       		.uleb128 0x3
 703 0033 08       		.uleb128 0x8
 704 0034 00       		.byte	0
 705 0035 00       		.byte	0
 706 0036 05       		.uleb128 0x5
 707 0037 16       		.uleb128 0x16
 708 0038 00       		.byte	0
 709 0039 03       		.uleb128 0x3
 710 003a 0E       		.uleb128 0xe
ARM GAS  C:\Users\Jonah\AppData\Local\Temp\ccoyNmEg.s 			page 17


 711 003b 3A       		.uleb128 0x3a
 712 003c 0B       		.uleb128 0xb
 713 003d 3B       		.uleb128 0x3b
 714 003e 05       		.uleb128 0x5
 715 003f 49       		.uleb128 0x49
 716 0040 13       		.uleb128 0x13
 717 0041 00       		.byte	0
 718 0042 00       		.byte	0
 719 0043 06       		.uleb128 0x6
 720 0044 04       		.uleb128 0x4
 721 0045 01       		.byte	0x1
 722 0046 03       		.uleb128 0x3
 723 0047 0E       		.uleb128 0xe
 724 0048 0B       		.uleb128 0xb
 725 0049 0B       		.uleb128 0xb
 726 004a 3A       		.uleb128 0x3a
 727 004b 0B       		.uleb128 0xb
 728 004c 3B       		.uleb128 0x3b
 729 004d 0B       		.uleb128 0xb
 730 004e 01       		.uleb128 0x1
 731 004f 13       		.uleb128 0x13
 732 0050 00       		.byte	0
 733 0051 00       		.byte	0
 734 0052 07       		.uleb128 0x7
 735 0053 28       		.uleb128 0x28
 736 0054 00       		.byte	0
 737 0055 03       		.uleb128 0x3
 738 0056 0E       		.uleb128 0xe
 739 0057 1C       		.uleb128 0x1c
 740 0058 0D       		.uleb128 0xd
 741 0059 00       		.byte	0
 742 005a 00       		.byte	0
 743 005b 08       		.uleb128 0x8
 744 005c 2E       		.uleb128 0x2e
 745 005d 00       		.byte	0
 746 005e 3F       		.uleb128 0x3f
 747 005f 19       		.uleb128 0x19
 748 0060 03       		.uleb128 0x3
 749 0061 0E       		.uleb128 0xe
 750 0062 3A       		.uleb128 0x3a
 751 0063 0B       		.uleb128 0xb
 752 0064 3B       		.uleb128 0x3b
 753 0065 0B       		.uleb128 0xb
 754 0066 27       		.uleb128 0x27
 755 0067 19       		.uleb128 0x19
 756 0068 11       		.uleb128 0x11
 757 0069 01       		.uleb128 0x1
 758 006a 12       		.uleb128 0x12
 759 006b 06       		.uleb128 0x6
 760 006c 40       		.uleb128 0x40
 761 006d 18       		.uleb128 0x18
 762 006e 9642     		.uleb128 0x2116
 763 0070 19       		.uleb128 0x19
 764 0071 00       		.byte	0
 765 0072 00       		.byte	0
 766 0073 09       		.uleb128 0x9
 767 0074 2E       		.uleb128 0x2e
ARM GAS  C:\Users\Jonah\AppData\Local\Temp\ccoyNmEg.s 			page 18


 768 0075 00       		.byte	0
 769 0076 3F       		.uleb128 0x3f
 770 0077 19       		.uleb128 0x19
 771 0078 03       		.uleb128 0x3
 772 0079 0E       		.uleb128 0xe
 773 007a 3A       		.uleb128 0x3a
 774 007b 0B       		.uleb128 0xb
 775 007c 3B       		.uleb128 0x3b
 776 007d 0B       		.uleb128 0xb
 777 007e 49       		.uleb128 0x49
 778 007f 13       		.uleb128 0x13
 779 0080 11       		.uleb128 0x11
 780 0081 01       		.uleb128 0x1
 781 0082 12       		.uleb128 0x12
 782 0083 06       		.uleb128 0x6
 783 0084 40       		.uleb128 0x40
 784 0085 18       		.uleb128 0x18
 785 0086 9642     		.uleb128 0x2116
 786 0088 19       		.uleb128 0x19
 787 0089 00       		.byte	0
 788 008a 00       		.byte	0
 789 008b 0A       		.uleb128 0xa
 790 008c 2E       		.uleb128 0x2e
 791 008d 01       		.byte	0x1
 792 008e 3F       		.uleb128 0x3f
 793 008f 19       		.uleb128 0x19
 794 0090 03       		.uleb128 0x3
 795 0091 0E       		.uleb128 0xe
 796 0092 3A       		.uleb128 0x3a
 797 0093 0B       		.uleb128 0xb
 798 0094 3B       		.uleb128 0x3b
 799 0095 0B       		.uleb128 0xb
 800 0096 27       		.uleb128 0x27
 801 0097 19       		.uleb128 0x19
 802 0098 11       		.uleb128 0x11
 803 0099 01       		.uleb128 0x1
 804 009a 12       		.uleb128 0x12
 805 009b 06       		.uleb128 0x6
 806 009c 40       		.uleb128 0x40
 807 009d 18       		.uleb128 0x18
 808 009e 9642     		.uleb128 0x2116
 809 00a0 19       		.uleb128 0x19
 810 00a1 01       		.uleb128 0x1
 811 00a2 13       		.uleb128 0x13
 812 00a3 00       		.byte	0
 813 00a4 00       		.byte	0
 814 00a5 0B       		.uleb128 0xb
 815 00a6 05       		.uleb128 0x5
 816 00a7 00       		.byte	0
 817 00a8 03       		.uleb128 0x3
 818 00a9 0E       		.uleb128 0xe
 819 00aa 3A       		.uleb128 0x3a
 820 00ab 0B       		.uleb128 0xb
 821 00ac 3B       		.uleb128 0x3b
 822 00ad 0B       		.uleb128 0xb
 823 00ae 49       		.uleb128 0x49
 824 00af 13       		.uleb128 0x13
ARM GAS  C:\Users\Jonah\AppData\Local\Temp\ccoyNmEg.s 			page 19


 825 00b0 02       		.uleb128 0x2
 826 00b1 18       		.uleb128 0x18
 827 00b2 00       		.byte	0
 828 00b3 00       		.byte	0
 829 00b4 0C       		.uleb128 0xc
 830 00b5 2E       		.uleb128 0x2e
 831 00b6 01       		.byte	0x1
 832 00b7 3F       		.uleb128 0x3f
 833 00b8 19       		.uleb128 0x19
 834 00b9 03       		.uleb128 0x3
 835 00ba 0E       		.uleb128 0xe
 836 00bb 3A       		.uleb128 0x3a
 837 00bc 0B       		.uleb128 0xb
 838 00bd 3B       		.uleb128 0x3b
 839 00be 0B       		.uleb128 0xb
 840 00bf 11       		.uleb128 0x11
 841 00c0 01       		.uleb128 0x1
 842 00c1 12       		.uleb128 0x12
 843 00c2 06       		.uleb128 0x6
 844 00c3 40       		.uleb128 0x40
 845 00c4 18       		.uleb128 0x18
 846 00c5 9642     		.uleb128 0x2116
 847 00c7 19       		.uleb128 0x19
 848 00c8 01       		.uleb128 0x1
 849 00c9 13       		.uleb128 0x13
 850 00ca 00       		.byte	0
 851 00cb 00       		.byte	0
 852 00cc 0D       		.uleb128 0xd
 853 00cd 34       		.uleb128 0x34
 854 00ce 00       		.byte	0
 855 00cf 03       		.uleb128 0x3
 856 00d0 08       		.uleb128 0x8
 857 00d1 3A       		.uleb128 0x3a
 858 00d2 0B       		.uleb128 0xb
 859 00d3 3B       		.uleb128 0x3b
 860 00d4 0B       		.uleb128 0xb
 861 00d5 49       		.uleb128 0x49
 862 00d6 13       		.uleb128 0x13
 863 00d7 02       		.uleb128 0x2
 864 00d8 18       		.uleb128 0x18
 865 00d9 00       		.byte	0
 866 00da 00       		.byte	0
 867 00db 0E       		.uleb128 0xe
 868 00dc 2E       		.uleb128 0x2e
 869 00dd 01       		.byte	0x1
 870 00de 3F       		.uleb128 0x3f
 871 00df 19       		.uleb128 0x19
 872 00e0 03       		.uleb128 0x3
 873 00e1 0E       		.uleb128 0xe
 874 00e2 3A       		.uleb128 0x3a
 875 00e3 0B       		.uleb128 0xb
 876 00e4 3B       		.uleb128 0x3b
 877 00e5 0B       		.uleb128 0xb
 878 00e6 27       		.uleb128 0x27
 879 00e7 19       		.uleb128 0x19
 880 00e8 11       		.uleb128 0x11
 881 00e9 01       		.uleb128 0x1
ARM GAS  C:\Users\Jonah\AppData\Local\Temp\ccoyNmEg.s 			page 20


 882 00ea 12       		.uleb128 0x12
 883 00eb 06       		.uleb128 0x6
 884 00ec 40       		.uleb128 0x40
 885 00ed 18       		.uleb128 0x18
 886 00ee 9742     		.uleb128 0x2117
 887 00f0 19       		.uleb128 0x19
 888 00f1 01       		.uleb128 0x1
 889 00f2 13       		.uleb128 0x13
 890 00f3 00       		.byte	0
 891 00f4 00       		.byte	0
 892 00f5 0F       		.uleb128 0xf
 893 00f6 34       		.uleb128 0x34
 894 00f7 00       		.byte	0
 895 00f8 03       		.uleb128 0x3
 896 00f9 0E       		.uleb128 0xe
 897 00fa 3A       		.uleb128 0x3a
 898 00fb 0B       		.uleb128 0xb
 899 00fc 3B       		.uleb128 0x3b
 900 00fd 05       		.uleb128 0x5
 901 00fe 49       		.uleb128 0x49
 902 00ff 13       		.uleb128 0x13
 903 0100 3F       		.uleb128 0x3f
 904 0101 19       		.uleb128 0x19
 905 0102 3C       		.uleb128 0x3c
 906 0103 19       		.uleb128 0x19
 907 0104 00       		.byte	0
 908 0105 00       		.byte	0
 909 0106 10       		.uleb128 0x10
 910 0107 35       		.uleb128 0x35
 911 0108 00       		.byte	0
 912 0109 49       		.uleb128 0x49
 913 010a 13       		.uleb128 0x13
 914 010b 00       		.byte	0
 915 010c 00       		.byte	0
 916 010d 11       		.uleb128 0x11
 917 010e 34       		.uleb128 0x34
 918 010f 00       		.byte	0
 919 0110 03       		.uleb128 0x3
 920 0111 0E       		.uleb128 0xe
 921 0112 3A       		.uleb128 0x3a
 922 0113 0B       		.uleb128 0xb
 923 0114 3B       		.uleb128 0x3b
 924 0115 0B       		.uleb128 0xb
 925 0116 49       		.uleb128 0x49
 926 0117 13       		.uleb128 0x13
 927 0118 3F       		.uleb128 0x3f
 928 0119 19       		.uleb128 0x19
 929 011a 02       		.uleb128 0x2
 930 011b 18       		.uleb128 0x18
 931 011c 00       		.byte	0
 932 011d 00       		.byte	0
 933 011e 00       		.byte	0
 934              		.section	.debug_aranges,"",%progbits
 935 0000 44000000 		.4byte	0x44
 936 0004 0200     		.2byte	0x2
 937 0006 00000000 		.4byte	.Ldebug_info0
 938 000a 04       		.byte	0x4
ARM GAS  C:\Users\Jonah\AppData\Local\Temp\ccoyNmEg.s 			page 21


 939 000b 00       		.byte	0
 940 000c 0000     		.2byte	0
 941 000e 0000     		.2byte	0
 942 0010 00000000 		.4byte	.LFB63
 943 0014 2C000000 		.4byte	.LFE63-.LFB63
 944 0018 00000000 		.4byte	.LFB64
 945 001c 70000000 		.4byte	.LFE64-.LFB64
 946 0020 00000000 		.4byte	.LFB65
 947 0024 18000000 		.4byte	.LFE65-.LFB65
 948 0028 00000000 		.4byte	.LFB66
 949 002c 44000000 		.4byte	.LFE66-.LFB66
 950 0030 00000000 		.4byte	.LFB67
 951 0034 26000000 		.4byte	.LFE67-.LFB67
 952 0038 00000000 		.4byte	.LFB68
 953 003c 14000000 		.4byte	.LFE68-.LFB68
 954 0040 00000000 		.4byte	0
 955 0044 00000000 		.4byte	0
 956              		.section	.debug_ranges,"",%progbits
 957              	.Ldebug_ranges0:
 958 0000 00000000 		.4byte	.LFB63
 959 0004 2C000000 		.4byte	.LFE63
 960 0008 00000000 		.4byte	.LFB64
 961 000c 70000000 		.4byte	.LFE64
 962 0010 00000000 		.4byte	.LFB65
 963 0014 18000000 		.4byte	.LFE65
 964 0018 00000000 		.4byte	.LFB66
 965 001c 44000000 		.4byte	.LFE66
 966 0020 00000000 		.4byte	.LFB67
 967 0024 26000000 		.4byte	.LFE67
 968 0028 00000000 		.4byte	.LFB68
 969 002c 14000000 		.4byte	.LFE68
 970 0030 00000000 		.4byte	0
 971 0034 00000000 		.4byte	0
 972              		.section	.debug_line,"",%progbits
 973              	.Ldebug_line0:
 974 0000 55020000 		.section	.debug_str,"MS",%progbits,1
 974      0200C001 
 974      00000201 
 974      FB0E0D00 
 974      01010101 
 975              	.LASF17:
 976 0000 626C696E 		.ascii	"blink\000"
 976      6B00
 977              	.LASF26:
 978 0006 64757479 		.ascii	"dutyCycle\000"
 978      4379636C 
 978      6500
 979              	.LASF19:
 980 0010 546F6767 		.ascii	"ToggleModes\000"
 980      6C654D6F 
 980      64657300 
 981              	.LASF23:
 982 001c 76616C75 		.ascii	"value\000"
 982      6500
 983              	.LASF9:
 984 0022 5F5F696E 		.ascii	"__int32_t\000"
 984      7433325F 
ARM GAS  C:\Users\Jonah\AppData\Local\Temp\ccoyNmEg.s 			page 22


 984      7400
 985              	.LASF41:
 986 002c 536F6674 		.ascii	"Software_PWM_Start\000"
 986      77617265 
 986      5F50574D 
 986      5F537461 
 986      727400
 987              	.LASF37:
 988 003f 474E5520 		.ascii	"GNU C 4.9.3 20150303 (release) [ARM/embedded-4_9-br"
 988      4320342E 
 988      392E3320 
 988      32303135 
 988      30333033 
 989 0072 616E6368 		.ascii	"anch revision 221220] -mcpu=cortex-m3 -mthumb -g -O"
 989      20726576 
 989      6973696F 
 989      6E203232 
 989      31323230 
 990 00a5 30202D66 		.ascii	"0 -ffunction-sections -ffat-lto-objects\000"
 990      66756E63 
 990      74696F6E 
 990      2D736563 
 990      74696F6E 
 991              	.LASF13:
 992 00cd 646F7562 		.ascii	"double\000"
 992      6C6500
 993              	.LASF16:
 994 00d4 7069645F 		.ascii	"pid_t\000"
 994      7400
 995              	.LASF12:
 996 00da 666C6F61 		.ascii	"float\000"
 996      7400
 997              	.LASF32:
 998 00e0 6F66665F 		.ascii	"off_time_ms\000"
 998      74696D65 
 998      5F6D7300 
 999              	.LASF1:
 1000 00ec 756E7369 		.ascii	"unsigned char\000"
 1000      676E6564 
 1000      20636861 
 1000      7200
 1001              	.LASF38:
 1002 00fa 2E5C6D61 		.ascii	".\\main.c\000"
 1002      696E2E63 
 1002      00
 1003              	.LASF5:
 1004 0103 6C6F6E67 		.ascii	"long unsigned int\000"
 1004      20756E73 
 1004      69676E65 
 1004      6420696E 
 1004      7400
 1005              	.LASF18:
 1006 0115 72616D70 		.ascii	"ramp\000"
 1006      00
 1007              	.LASF35:
 1008 011a 6465626F 		.ascii	"debounce_on\000"
 1008      756E6365 
ARM GAS  C:\Users\Jonah\AppData\Local\Temp\ccoyNmEg.s 			page 23


 1008      5F6F6E00 
 1009              	.LASF28:
 1010 0126 49544D5F 		.ascii	"ITM_RxBuffer\000"
 1010      52784275 
 1010      66666572 
 1010      00
 1011              	.LASF31:
 1012 0133 6F6E5F74 		.ascii	"on_time_ms\000"
 1012      696D655F 
 1012      6D7300
 1013              	.LASF20:
 1014 013e 6D61696E 		.ascii	"main\000"
 1014      00
 1015              	.LASF21:
 1016 0143 77726974 		.ascii	"write_led\000"
 1016      655F6C65 
 1016      6400
 1017              	.LASF11:
 1018 014d 75696E74 		.ascii	"uint32\000"
 1018      333200
 1019              	.LASF34:
 1020 0154 64757479 		.ascii	"duty_cycle\000"
 1020      5F637963 
 1020      6C6500
 1021              	.LASF30:
 1022 015f 63757272 		.ascii	"currentBrightness\000"
 1022      656E7442 
 1022      72696768 
 1022      746E6573 
 1022      7300
 1023              	.LASF8:
 1024 0171 756E7369 		.ascii	"unsigned int\000"
 1024      676E6564 
 1024      20696E74 
 1024      00
 1025              	.LASF7:
 1026 017e 6C6F6E67 		.ascii	"long long unsigned int\000"
 1026      206C6F6E 
 1026      6720756E 
 1026      7369676E 
 1026      65642069 
 1027              	.LASF40:
 1028 0195 70776D4D 		.ascii	"pwmMode\000"
 1028      6F646500 
 1029              	.LASF27:
 1030 019d 66726571 		.ascii	"frequency\000"
 1030      75656E63 
 1030      7900
 1031              	.LASF22:
 1032 01a7 50574D5F 		.ascii	"PWM_Blink\000"
 1032      426C696E 
 1032      6B00
 1033              	.LASF10:
 1034 01b1 696E7433 		.ascii	"int32_t\000"
 1034      325F7400 
 1035              	.LASF15:
 1036 01b9 73697A65 		.ascii	"sizetype\000"
ARM GAS  C:\Users\Jonah\AppData\Local\Temp\ccoyNmEg.s 			page 24


 1036      74797065 
 1036      00
 1037              	.LASF6:
 1038 01c2 6C6F6E67 		.ascii	"long long int\000"
 1038      206C6F6E 
 1038      6720696E 
 1038      7400
 1039              	.LASF24:
 1040 01d0 68616C66 		.ascii	"halfPeriod\000"
 1040      50657269 
 1040      6F6400
 1041              	.LASF25:
 1042 01db 50574D5F 		.ascii	"PWM_Ramp\000"
 1042      52616D70 
 1042      00
 1043              	.LASF14:
 1044 01e4 63686172 		.ascii	"char\000"
 1044      00
 1045              	.LASF2:
 1046 01e9 73686F72 		.ascii	"short int\000"
 1046      7420696E 
 1046      7400
 1047              	.LASF33:
 1048 01f3 746F7461 		.ascii	"total_time_ms\000"
 1048      6C5F7469 
 1048      6D655F6D 
 1048      7300
 1049              	.LASF4:
 1050 0201 6C6F6E67 		.ascii	"long int\000"
 1050      20696E74 
 1050      00
 1051              	.LASF39:
 1052 020a 453A5C44 		.ascii	"E:\\Documents\\PSoC Creator\\CE95352 Blinking LED\\"
 1052      6F63756D 
 1052      656E7473 
 1052      5C50536F 
 1052      43204372 
 1053 0239 4C616232 		.ascii	"Lab2_Software.cydsn\000"
 1053      5F536F66 
 1053      74776172 
 1053      652E6379 
 1053      64736E00 
 1054              	.LASF0:
 1055 024d 7369676E 		.ascii	"signed char\000"
 1055      65642063 
 1055      68617200 
 1056              	.LASF3:
 1057 0259 73686F72 		.ascii	"short unsigned int\000"
 1057      7420756E 
 1057      7369676E 
 1057      65642069 
 1057      6E7400
 1058              	.LASF36:
 1059 026c 5F426F6F 		.ascii	"_Bool\000"
 1059      6C00
 1060              	.LASF29:
 1061 0272 63757272 		.ascii	"currentMode\000"
ARM GAS  C:\Users\Jonah\AppData\Local\Temp\ccoyNmEg.s 			page 25


 1061      656E744D 
 1061      6F646500 
 1062              		.ident	"GCC: (GNU Tools for ARM Embedded Processors) 4.9.3 20150303 (release) [ARM/embedded-4_9-br
